ARM GAS  /tmp/ccj7WfST.s 			page 1


   1              		.cpu cortex-m4
   2              		.eabi_attribute 27, 1
   3              		.eabi_attribute 28, 1
   4              		.eabi_attribute 20, 1
   5              		.eabi_attribute 21, 1
   6              		.eabi_attribute 23, 3
   7              		.eabi_attribute 24, 1
   8              		.eabi_attribute 25, 1
   9              		.eabi_attribute 26, 1
  10              		.eabi_attribute 30, 1
  11              		.eabi_attribute 34, 1
  12              		.eabi_attribute 18, 4
  13              		.file	"can.c"
  14              		.text
  15              	.Ltext0:
  16              		.cfi_sections	.debug_frame
  17              		.section	.text.MX_CAN1_Init,"ax",%progbits
  18              		.align	1
  19              		.global	MX_CAN1_Init
  20              		.arch armv7e-m
  21              		.syntax unified
  22              		.thumb
  23              		.thumb_func
  24              		.fpu fpv4-sp-d16
  26              	MX_CAN1_Init:
  27              	.LFB137:
  28              		.file 1 "Core/Src/can.c"
   1:Core/Src/can.c **** /**
   2:Core/Src/can.c ****   ******************************************************************************
   3:Core/Src/can.c ****   * @file    can.c
   4:Core/Src/can.c ****   * @brief   This file provides code for the configuration
   5:Core/Src/can.c ****   *          of the CAN instances.
   6:Core/Src/can.c ****   ******************************************************************************
   7:Core/Src/can.c ****   * @attention
   8:Core/Src/can.c ****   *
   9:Core/Src/can.c ****   * <h2><center>&copy; Copyright (c) 2026 STMicroelectronics.
  10:Core/Src/can.c ****   * All rights reserved.</center></h2>
  11:Core/Src/can.c ****   *
  12:Core/Src/can.c ****   * This software component is licensed by ST under BSD 3-Clause license,
  13:Core/Src/can.c ****   * the "License"; You may not use this file except in compliance with the
  14:Core/Src/can.c ****   * License. You may obtain a copy of the License at:
  15:Core/Src/can.c ****   *                        opensource.org/licenses/BSD-3-Clause
  16:Core/Src/can.c ****   *
  17:Core/Src/can.c ****   ******************************************************************************
  18:Core/Src/can.c ****   */
  19:Core/Src/can.c **** 
  20:Core/Src/can.c **** /* Includes ------------------------------------------------------------------*/
  21:Core/Src/can.c **** #include "can.h"
  22:Core/Src/can.c **** 
  23:Core/Src/can.c **** 
  24:Core/Src/can.c **** 
  25:Core/Src/can.c **** CAN_HandleTypeDef hcan1;
  26:Core/Src/can.c **** CANTxMessage can_tx;
  27:Core/Src/can.c **** CANRxMessage can_rx;
  28:Core/Src/can.c **** 
  29:Core/Src/can.c **** 
  30:Core/Src/can.c **** /* CAN1 init function */
ARM GAS  /tmp/ccj7WfST.s 			page 2


  31:Core/Src/can.c **** void MX_CAN1_Init(void)
  32:Core/Src/can.c **** {
  29              		.loc 1 32 1 view -0
  30              		.cfi_startproc
  31              		@ args = 0, pretend = 0, frame = 0
  32              		@ frame_needed = 0, uses_anonymous_args = 0
  33 0000 08B5     		push	{r3, lr}
  34              	.LCFI0:
  35              		.cfi_def_cfa_offset 8
  36              		.cfi_offset 3, -8
  37              		.cfi_offset 14, -4
  33:Core/Src/can.c **** 
  34:Core/Src/can.c ****   /* USER CODE BEGIN CAN1_Init 0 */
  35:Core/Src/can.c **** 
  36:Core/Src/can.c ****   /* USER CODE END CAN1_Init 0 */
  37:Core/Src/can.c **** 
  38:Core/Src/can.c ****   /* USER CODE BEGIN CAN1_Init 1 */
  39:Core/Src/can.c **** 
  40:Core/Src/can.c ****   /* USER CODE END CAN1_Init 1 */
  41:Core/Src/can.c ****   hcan1.Instance = CAN1;
  38              		.loc 1 41 3 view .LVU1
  39              		.loc 1 41 18 is_stmt 0 view .LVU2
  40 0002 0F48     		ldr	r0, .L5
  41 0004 0F4B     		ldr	r3, .L5+4
  42 0006 0360     		str	r3, [r0]
  42:Core/Src/can.c ****   hcan1.Init.Prescaler = 6;
  43              		.loc 1 42 3 is_stmt 1 view .LVU3
  44              		.loc 1 42 24 is_stmt 0 view .LVU4
  45 0008 0623     		movs	r3, #6
  46 000a 4360     		str	r3, [r0, #4]
  43:Core/Src/can.c ****   hcan1.Init.Mode = CAN_MODE_NORMAL;
  47              		.loc 1 43 3 is_stmt 1 view .LVU5
  48              		.loc 1 43 19 is_stmt 0 view .LVU6
  49 000c 0023     		movs	r3, #0
  50 000e 8360     		str	r3, [r0, #8]
  44:Core/Src/can.c ****   hcan1.Init.SyncJumpWidth = CAN_SJW_2TQ;
  51              		.loc 1 44 3 is_stmt 1 view .LVU7
  52              		.loc 1 44 28 is_stmt 0 view .LVU8
  53 0010 4FF08072 		mov	r2, #16777216
  54 0014 C260     		str	r2, [r0, #12]
  45:Core/Src/can.c ****   hcan1.Init.TimeSeg1 = CAN_BS1_4TQ;
  55              		.loc 1 45 3 is_stmt 1 view .LVU9
  56              		.loc 1 45 23 is_stmt 0 view .LVU10
  57 0016 4FF44032 		mov	r2, #196608
  58 001a 0261     		str	r2, [r0, #16]
  46:Core/Src/can.c ****   hcan1.Init.TimeSeg2 = CAN_BS2_2TQ;
  59              		.loc 1 46 3 is_stmt 1 view .LVU11
  60              		.loc 1 46 23 is_stmt 0 view .LVU12
  61 001c 4FF48012 		mov	r2, #1048576
  62 0020 4261     		str	r2, [r0, #20]
  47:Core/Src/can.c ****   hcan1.Init.TimeTriggeredMode = DISABLE;
  63              		.loc 1 47 3 is_stmt 1 view .LVU13
  64              		.loc 1 47 32 is_stmt 0 view .LVU14
  65 0022 0376     		strb	r3, [r0, #24]
  48:Core/Src/can.c ****   hcan1.Init.AutoBusOff = DISABLE;
  66              		.loc 1 48 3 is_stmt 1 view .LVU15
  67              		.loc 1 48 25 is_stmt 0 view .LVU16
ARM GAS  /tmp/ccj7WfST.s 			page 3


  68 0024 4376     		strb	r3, [r0, #25]
  49:Core/Src/can.c ****   hcan1.Init.AutoWakeUp = DISABLE;
  69              		.loc 1 49 3 is_stmt 1 view .LVU17
  70              		.loc 1 49 25 is_stmt 0 view .LVU18
  71 0026 8376     		strb	r3, [r0, #26]
  50:Core/Src/can.c ****   hcan1.Init.AutoRetransmission = ENABLE;
  72              		.loc 1 50 3 is_stmt 1 view .LVU19
  73              		.loc 1 50 33 is_stmt 0 view .LVU20
  74 0028 0122     		movs	r2, #1
  75 002a C276     		strb	r2, [r0, #27]
  51:Core/Src/can.c ****   hcan1.Init.ReceiveFifoLocked = DISABLE;
  76              		.loc 1 51 3 is_stmt 1 view .LVU21
  77              		.loc 1 51 32 is_stmt 0 view .LVU22
  78 002c 0377     		strb	r3, [r0, #28]
  52:Core/Src/can.c ****   hcan1.Init.TransmitFifoPriority = DISABLE;
  79              		.loc 1 52 3 is_stmt 1 view .LVU23
  80              		.loc 1 52 35 is_stmt 0 view .LVU24
  81 002e 4377     		strb	r3, [r0, #29]
  53:Core/Src/can.c ****   if (HAL_CAN_Init(&hcan1) != HAL_OK)
  82              		.loc 1 53 3 is_stmt 1 view .LVU25
  83              		.loc 1 53 7 is_stmt 0 view .LVU26
  84 0030 FFF7FEFF 		bl	HAL_CAN_Init
  85              	.LVL0:
  86              		.loc 1 53 6 view .LVU27
  87 0034 00B9     		cbnz	r0, .L4
  88              	.L1:
  54:Core/Src/can.c ****   {
  55:Core/Src/can.c ****     Error_Handler();
  56:Core/Src/can.c ****   }
  57:Core/Src/can.c ****   /* USER CODE BEGIN CAN1_Init 2 */
  58:Core/Src/can.c **** 
  59:Core/Src/can.c ****   /* USER CODE END CAN1_Init 2 */
  60:Core/Src/can.c **** 
  61:Core/Src/can.c **** }
  89              		.loc 1 61 1 view .LVU28
  90 0036 08BD     		pop	{r3, pc}
  91              	.L4:
  55:Core/Src/can.c ****   }
  92              		.loc 1 55 5 is_stmt 1 view .LVU29
  93 0038 FFF7FEFF 		bl	Error_Handler
  94              	.LVL1:
  95              		.loc 1 61 1 is_stmt 0 view .LVU30
  96 003c FBE7     		b	.L1
  97              	.L6:
  98 003e 00BF     		.align	2
  99              	.L5:
 100 0040 00000000 		.word	.LANCHOR0
 101 0044 00640040 		.word	1073767424
 102              		.cfi_endproc
 103              	.LFE137:
 105              		.section	.text.HAL_CAN_MspInit,"ax",%progbits
 106              		.align	1
 107              		.global	HAL_CAN_MspInit
 108              		.syntax unified
 109              		.thumb
 110              		.thumb_func
 111              		.fpu fpv4-sp-d16
ARM GAS  /tmp/ccj7WfST.s 			page 4


 113              	HAL_CAN_MspInit:
 114              	.LVL2:
 115              	.LFB138:
  62:Core/Src/can.c **** 
  63:Core/Src/can.c **** void HAL_CAN_MspInit(CAN_HandleTypeDef* canHandle)
  64:Core/Src/can.c **** {
 116              		.loc 1 64 1 is_stmt 1 view -0
 117              		.cfi_startproc
 118              		@ args = 0, pretend = 0, frame = 32
 119              		@ frame_needed = 0, uses_anonymous_args = 0
 120              		.loc 1 64 1 is_stmt 0 view .LVU32
 121 0000 10B5     		push	{r4, lr}
 122              	.LCFI1:
 123              		.cfi_def_cfa_offset 8
 124              		.cfi_offset 4, -8
 125              		.cfi_offset 14, -4
 126 0002 88B0     		sub	sp, sp, #32
 127              	.LCFI2:
 128              		.cfi_def_cfa_offset 40
  65:Core/Src/can.c **** 
  66:Core/Src/can.c ****   GPIO_InitTypeDef GPIO_InitStruct = {0};
 129              		.loc 1 66 3 is_stmt 1 view .LVU33
 130              		.loc 1 66 20 is_stmt 0 view .LVU34
 131 0004 0023     		movs	r3, #0
 132 0006 0393     		str	r3, [sp, #12]
 133 0008 0493     		str	r3, [sp, #16]
 134 000a 0593     		str	r3, [sp, #20]
 135 000c 0693     		str	r3, [sp, #24]
 136 000e 0793     		str	r3, [sp, #28]
  67:Core/Src/can.c ****   if(canHandle->Instance==CAN1)
 137              		.loc 1 67 3 is_stmt 1 view .LVU35
 138              		.loc 1 67 15 is_stmt 0 view .LVU36
 139 0010 0268     		ldr	r2, [r0]
 140              		.loc 1 67 5 view .LVU37
 141 0012 1E4B     		ldr	r3, .L11
 142 0014 9A42     		cmp	r2, r3
 143 0016 01D0     		beq	.L10
 144              	.LVL3:
 145              	.L7:
  68:Core/Src/can.c ****   {
  69:Core/Src/can.c ****   /* USER CODE BEGIN CAN1_MspInit 0 */
  70:Core/Src/can.c **** 
  71:Core/Src/can.c **** 	/* USER CODE END CAN1_MspInit 0 */
  72:Core/Src/can.c **** 	/* CAN1 clock enable */
  73:Core/Src/can.c **** 	__HAL_RCC_CAN2_CLK_ENABLE();
  74:Core/Src/can.c ****   __HAL_RCC_CAN1_CLK_ENABLE();
  75:Core/Src/can.c **** 
  76:Core/Src/can.c **** 	__HAL_RCC_GPIOB_CLK_ENABLE();
  77:Core/Src/can.c **** 	/**CAN1 GPIO Configuration
  78:Core/Src/can.c **** 	PA11     ------> CAN1_RX
  79:Core/Src/can.c **** 	PA12     ------> CAN1_TX
  80:Core/Src/can.c **** 	*/
  81:Core/Src/can.c **** 	GPIO_InitStruct.Pin = GPIO_PIN_11 | GPIO_PIN_12;
  82:Core/Src/can.c **** 	GPIO_InitStruct.Mode = GPIO_MODE_AF_PP;
  83:Core/Src/can.c **** 	GPIO_InitStruct.Pull = GPIO_NOPULL;
  84:Core/Src/can.c **** 	GPIO_InitStruct.Speed = GPIO_SPEED_FREQ_VERY_HIGH;
  85:Core/Src/can.c **** 	GPIO_InitStruct.Alternate = GPIO_AF9_CAN1;
ARM GAS  /tmp/ccj7WfST.s 			page 5


  86:Core/Src/can.c **** 	HAL_GPIO_Init(GPIOA, &GPIO_InitStruct);
  87:Core/Src/can.c **** 	
  88:Core/Src/can.c **** 	/* CAN1 interrupt Init */
  89:Core/Src/can.c **** 	HAL_NVIC_SetPriority(CAN1_RX0_IRQn, 8, 0);
  90:Core/Src/can.c **** 	HAL_NVIC_EnableIRQ(CAN1_RX0_IRQn);
  91:Core/Src/can.c ****   /* USER CODE BEGIN CAN1_MspInit 1 */
  92:Core/Src/can.c **** 	
  93:Core/Src/can.c **** 
  94:Core/Src/can.c ****   /* USER CODE END CAN1_MspInit 1 */
  95:Core/Src/can.c ****   }
  96:Core/Src/can.c **** }
 146              		.loc 1 96 1 view .LVU38
 147 0018 08B0     		add	sp, sp, #32
 148              	.LCFI3:
 149              		.cfi_remember_state
 150              		.cfi_def_cfa_offset 8
 151              		@ sp needed
 152 001a 10BD     		pop	{r4, pc}
 153              	.LVL4:
 154              	.L10:
 155              	.LCFI4:
 156              		.cfi_restore_state
  73:Core/Src/can.c ****   __HAL_RCC_CAN1_CLK_ENABLE();
 157              		.loc 1 73 2 is_stmt 1 view .LVU39
 158              	.LBB2:
  73:Core/Src/can.c ****   __HAL_RCC_CAN1_CLK_ENABLE();
 159              		.loc 1 73 2 view .LVU40
 160 001c 0024     		movs	r4, #0
 161 001e 0094     		str	r4, [sp]
  73:Core/Src/can.c ****   __HAL_RCC_CAN1_CLK_ENABLE();
 162              		.loc 1 73 2 view .LVU41
 163 0020 03F5EA33 		add	r3, r3, #119808
 164 0024 1A6C     		ldr	r2, [r3, #64]
 165 0026 42F08062 		orr	r2, r2, #67108864
 166 002a 1A64     		str	r2, [r3, #64]
  73:Core/Src/can.c ****   __HAL_RCC_CAN1_CLK_ENABLE();
 167              		.loc 1 73 2 view .LVU42
 168 002c 1A6C     		ldr	r2, [r3, #64]
 169 002e 02F08062 		and	r2, r2, #67108864
 170 0032 0092     		str	r2, [sp]
  73:Core/Src/can.c ****   __HAL_RCC_CAN1_CLK_ENABLE();
 171              		.loc 1 73 2 view .LVU43
 172 0034 009A     		ldr	r2, [sp]
 173              	.LBE2:
  73:Core/Src/can.c ****   __HAL_RCC_CAN1_CLK_ENABLE();
 174              		.loc 1 73 2 view .LVU44
  74:Core/Src/can.c **** 
 175              		.loc 1 74 3 view .LVU45
 176              	.LBB3:
  74:Core/Src/can.c **** 
 177              		.loc 1 74 3 view .LVU46
 178 0036 0194     		str	r4, [sp, #4]
  74:Core/Src/can.c **** 
 179              		.loc 1 74 3 view .LVU47
 180 0038 1A6C     		ldr	r2, [r3, #64]
 181 003a 42F00072 		orr	r2, r2, #33554432
 182 003e 1A64     		str	r2, [r3, #64]
ARM GAS  /tmp/ccj7WfST.s 			page 6


  74:Core/Src/can.c **** 
 183              		.loc 1 74 3 view .LVU48
 184 0040 1A6C     		ldr	r2, [r3, #64]
 185 0042 02F00072 		and	r2, r2, #33554432
 186 0046 0192     		str	r2, [sp, #4]
  74:Core/Src/can.c **** 
 187              		.loc 1 74 3 view .LVU49
 188 0048 019A     		ldr	r2, [sp, #4]
 189              	.LBE3:
  74:Core/Src/can.c **** 
 190              		.loc 1 74 3 view .LVU50
  76:Core/Src/can.c **** 	/**CAN1 GPIO Configuration
 191              		.loc 1 76 2 view .LVU51
 192              	.LBB4:
  76:Core/Src/can.c **** 	/**CAN1 GPIO Configuration
 193              		.loc 1 76 2 view .LVU52
 194 004a 0294     		str	r4, [sp, #8]
  76:Core/Src/can.c **** 	/**CAN1 GPIO Configuration
 195              		.loc 1 76 2 view .LVU53
 196 004c 1A6B     		ldr	r2, [r3, #48]
 197 004e 42F00202 		orr	r2, r2, #2
 198 0052 1A63     		str	r2, [r3, #48]
  76:Core/Src/can.c **** 	/**CAN1 GPIO Configuration
 199              		.loc 1 76 2 view .LVU54
 200 0054 1B6B     		ldr	r3, [r3, #48]
 201 0056 03F00203 		and	r3, r3, #2
 202 005a 0293     		str	r3, [sp, #8]
  76:Core/Src/can.c **** 	/**CAN1 GPIO Configuration
 203              		.loc 1 76 2 view .LVU55
 204 005c 029B     		ldr	r3, [sp, #8]
 205              	.LBE4:
  76:Core/Src/can.c **** 	/**CAN1 GPIO Configuration
 206              		.loc 1 76 2 view .LVU56
  81:Core/Src/can.c **** 	GPIO_InitStruct.Mode = GPIO_MODE_AF_PP;
 207              		.loc 1 81 2 view .LVU57
  81:Core/Src/can.c **** 	GPIO_InitStruct.Mode = GPIO_MODE_AF_PP;
 208              		.loc 1 81 22 is_stmt 0 view .LVU58
 209 005e 4FF4C053 		mov	r3, #6144
 210 0062 0393     		str	r3, [sp, #12]
  82:Core/Src/can.c **** 	GPIO_InitStruct.Pull = GPIO_NOPULL;
 211              		.loc 1 82 2 is_stmt 1 view .LVU59
  82:Core/Src/can.c **** 	GPIO_InitStruct.Pull = GPIO_NOPULL;
 212              		.loc 1 82 23 is_stmt 0 view .LVU60
 213 0064 0223     		movs	r3, #2
 214 0066 0493     		str	r3, [sp, #16]
  83:Core/Src/can.c **** 	GPIO_InitStruct.Speed = GPIO_SPEED_FREQ_VERY_HIGH;
 215              		.loc 1 83 2 is_stmt 1 view .LVU61
  84:Core/Src/can.c **** 	GPIO_InitStruct.Alternate = GPIO_AF9_CAN1;
 216              		.loc 1 84 2 view .LVU62
  84:Core/Src/can.c **** 	GPIO_InitStruct.Alternate = GPIO_AF9_CAN1;
 217              		.loc 1 84 24 is_stmt 0 view .LVU63
 218 0068 0323     		movs	r3, #3
 219 006a 0693     		str	r3, [sp, #24]
  85:Core/Src/can.c **** 	HAL_GPIO_Init(GPIOA, &GPIO_InitStruct);
 220              		.loc 1 85 2 is_stmt 1 view .LVU64
  85:Core/Src/can.c **** 	HAL_GPIO_Init(GPIOA, &GPIO_InitStruct);
 221              		.loc 1 85 28 is_stmt 0 view .LVU65
ARM GAS  /tmp/ccj7WfST.s 			page 7


 222 006c 0923     		movs	r3, #9
 223 006e 0793     		str	r3, [sp, #28]
  86:Core/Src/can.c **** 	
 224              		.loc 1 86 2 is_stmt 1 view .LVU66
 225 0070 03A9     		add	r1, sp, #12
 226 0072 0748     		ldr	r0, .L11+4
 227              	.LVL5:
  86:Core/Src/can.c **** 	
 228              		.loc 1 86 2 is_stmt 0 view .LVU67
 229 0074 FFF7FEFF 		bl	HAL_GPIO_Init
 230              	.LVL6:
  89:Core/Src/can.c **** 	HAL_NVIC_EnableIRQ(CAN1_RX0_IRQn);
 231              		.loc 1 89 2 is_stmt 1 view .LVU68
 232 0078 2246     		mov	r2, r4
 233 007a 0821     		movs	r1, #8
 234 007c 1420     		movs	r0, #20
 235 007e FFF7FEFF 		bl	HAL_NVIC_SetPriority
 236              	.LVL7:
  90:Core/Src/can.c ****   /* USER CODE BEGIN CAN1_MspInit 1 */
 237              		.loc 1 90 2 view .LVU69
 238 0082 1420     		movs	r0, #20
 239 0084 FFF7FEFF 		bl	HAL_NVIC_EnableIRQ
 240              	.LVL8:
 241              		.loc 1 96 1 is_stmt 0 view .LVU70
 242 0088 C6E7     		b	.L7
 243              	.L12:
 244 008a 00BF     		.align	2
 245              	.L11:
 246 008c 00640040 		.word	1073767424
 247 0090 00000240 		.word	1073872896
 248              		.cfi_endproc
 249              	.LFE138:
 251              		.section	.text.HAL_CAN_MspDeInit,"ax",%progbits
 252              		.align	1
 253              		.global	HAL_CAN_MspDeInit
 254              		.syntax unified
 255              		.thumb
 256              		.thumb_func
 257              		.fpu fpv4-sp-d16
 259              	HAL_CAN_MspDeInit:
 260              	.LVL9:
 261              	.LFB139:
  97:Core/Src/can.c **** 
  98:Core/Src/can.c **** void HAL_CAN_MspDeInit(CAN_HandleTypeDef* canHandle)
  99:Core/Src/can.c **** {
 262              		.loc 1 99 1 is_stmt 1 view -0
 263              		.cfi_startproc
 264              		@ args = 0, pretend = 0, frame = 0
 265              		@ frame_needed = 0, uses_anonymous_args = 0
 100:Core/Src/can.c ****   if(canHandle->Instance==CAN1)
 266              		.loc 1 100 3 view .LVU72
 267              		.loc 1 100 15 is_stmt 0 view .LVU73
 268 0000 0268     		ldr	r2, [r0]
 269              		.loc 1 100 5 view .LVU74
 270 0002 0F4B     		ldr	r3, .L20
 271 0004 9A42     		cmp	r2, r3
 272 0006 00D0     		beq	.L19
ARM GAS  /tmp/ccj7WfST.s 			page 8


 273 0008 7047     		bx	lr
 274              	.L19:
  99:Core/Src/can.c ****   if(canHandle->Instance==CAN1)
 275              		.loc 1 99 1 view .LVU75
 276 000a 10B5     		push	{r4, lr}
 277              	.LCFI5:
 278              		.cfi_def_cfa_offset 8
 279              		.cfi_offset 4, -8
 280              		.cfi_offset 14, -4
 101:Core/Src/can.c ****   {
 102:Core/Src/can.c ****   /* USER CODE BEGIN CAN1_MspDeInit 0 */
 103:Core/Src/can.c **** 
 104:Core/Src/can.c ****   /* USER CODE END CAN1_MspDeInit 0 */
 105:Core/Src/can.c ****     /* Peripheral clock disable */
 106:Core/Src/can.c ****     __HAL_RCC_CAN2_CLK_DISABLE();
 281              		.loc 1 106 5 is_stmt 1 view .LVU76
 282 000c 03F5EA33 		add	r3, r3, #119808
 283 0010 1A6C     		ldr	r2, [r3, #64]
 284 0012 22F08062 		bic	r2, r2, #67108864
 285 0016 1A64     		str	r2, [r3, #64]
 107:Core/Src/can.c ****     __HAL_RCC_CAN1_CLK_DISABLE();
 286              		.loc 1 107 5 view .LVU77
 287 0018 1A6C     		ldr	r2, [r3, #64]
 288 001a 22F00072 		bic	r2, r2, #33554432
 289 001e 1A64     		str	r2, [r3, #64]
 108:Core/Src/can.c **** 
 109:Core/Src/can.c ****     /**CAN1 GPIO Configuration
 110:Core/Src/can.c ****     CAN_RX_PIN     ------> CAN1_RX
 111:Core/Src/can.c ****     CAN_TX_PIN     ------> CAN1_TX
 112:Core/Src/can.c ****     */
 113:Core/Src/can.c ****     HAL_GPIO_DeInit(GPIOA, GPIO_PIN_11);
 290              		.loc 1 113 5 view .LVU78
 291 0020 084C     		ldr	r4, .L20+4
 292 0022 4FF40061 		mov	r1, #2048
 293 0026 2046     		mov	r0, r4
 294              	.LVL10:
 295              		.loc 1 113 5 is_stmt 0 view .LVU79
 296 0028 FFF7FEFF 		bl	HAL_GPIO_DeInit
 297              	.LVL11:
 114:Core/Src/can.c **** 		HAL_GPIO_DeInit(GPIOA, GPIO_PIN_12);
 298              		.loc 1 114 3 is_stmt 1 view .LVU80
 299 002c 4FF48051 		mov	r1, #4096
 300 0030 2046     		mov	r0, r4
 301 0032 FFF7FEFF 		bl	HAL_GPIO_DeInit
 302              	.LVL12:
 115:Core/Src/can.c ****     /* CAN1 interrupt Deinit */
 116:Core/Src/can.c ****     HAL_NVIC_DisableIRQ(CAN1_RX0_IRQn);
 303              		.loc 1 116 5 view .LVU81
 304 0036 1420     		movs	r0, #20
 305 0038 FFF7FEFF 		bl	HAL_NVIC_DisableIRQ
 306              	.LVL13:
 117:Core/Src/can.c ****   /* USER CODE BEGIN CAN1_MspDeInit 1 */
 118:Core/Src/can.c **** 
 119:Core/Src/can.c ****   /* USER CODE END CAN1_MspDeInit 1 */
 120:Core/Src/can.c ****   }
 121:Core/Src/can.c **** }
 307              		.loc 1 121 1 is_stmt 0 view .LVU82
ARM GAS  /tmp/ccj7WfST.s 			page 9


 308 003c 10BD     		pop	{r4, pc}
 309              	.L21:
 310 003e 00BF     		.align	2
 311              	.L20:
 312 0040 00640040 		.word	1073767424
 313 0044 00000240 		.word	1073872896
 314              		.cfi_endproc
 315              	.LFE139:
 317              		.section	.text.can_rx_init,"ax",%progbits
 318              		.align	1
 319              		.global	can_rx_init
 320              		.syntax unified
 321              		.thumb
 322              		.thumb_func
 323              		.fpu fpv4-sp-d16
 325              	can_rx_init:
 326              	.LVL14:
 327              	.LFB140:
 122:Core/Src/can.c **** 
 123:Core/Src/can.c **** /* USER CODE BEGIN 1 */
 124:Core/Src/can.c **** 
 125:Core/Src/can.c **** void can_rx_init(CANRxMessage *msg){
 328              		.loc 1 125 36 is_stmt 1 view -0
 329              		.cfi_startproc
 330              		@ args = 0, pretend = 0, frame = 0
 331              		@ frame_needed = 0, uses_anonymous_args = 0
 332              		.loc 1 125 36 is_stmt 0 view .LVU84
 333 0000 08B5     		push	{r3, lr}
 334              	.LCFI6:
 335              		.cfi_def_cfa_offset 8
 336              		.cfi_offset 3, -8
 337              		.cfi_offset 14, -4
 126:Core/Src/can.c **** 	msg->filter.FilterFIFOAssignment=CAN_FILTER_FIFO0; 
 338              		.loc 1 126 2 is_stmt 1 view .LVU85
 339              		.loc 1 126 34 is_stmt 0 view .LVU86
 340 0002 0023     		movs	r3, #0
 341 0004 4363     		str	r3, [r0, #52]
 127:Core/Src/can.c **** 	msg->filter.FilterBank = 0;               
 342              		.loc 1 127 2 is_stmt 1 view .LVU87
 343              		.loc 1 127 25 is_stmt 0 view .LVU88
 344 0006 8363     		str	r3, [r0, #56]
 128:Core/Src/can.c **** 	msg->filter.SlaveStartFilterBank = 14;
 345              		.loc 1 128 2 is_stmt 1 view .LVU89
 346              		.loc 1 128 35 is_stmt 0 view .LVU90
 347 0008 0E22     		movs	r2, #14
 348 000a 8264     		str	r2, [r0, #72]
 129:Core/Src/can.c **** 	msg->filter.FilterIdHigh=CAN_SID<<5; 				// CAN ID
 349              		.loc 1 129 2 is_stmt 1 view .LVU91
 350              		.loc 1 129 27 is_stmt 0 view .LVU92
 351 000c 094A     		ldr	r2, .L24
 352 000e D2F8A420 		ldr	r2, [r2, #164]
 353              		.loc 1 129 34 view .LVU93
 354 0012 5201     		lsls	r2, r2, #5
 355              		.loc 1 129 26 view .LVU94
 356 0014 4262     		str	r2, [r0, #36]
 130:Core/Src/can.c **** 	msg->filter.FilterIdLow=0x000;
 357              		.loc 1 130 2 is_stmt 1 view .LVU95
ARM GAS  /tmp/ccj7WfST.s 			page 10


 358              		.loc 1 130 25 is_stmt 0 view .LVU96
 359 0016 8362     		str	r3, [r0, #40]
 131:Core/Src/can.c **** 	msg->filter.FilterMaskIdHigh=0x7FF<<5;
 360              		.loc 1 131 2 is_stmt 1 view .LVU97
 361              		.loc 1 131 30 is_stmt 0 view .LVU98
 362 0018 4FF6E072 		movw	r2, #65504
 363 001c C262     		str	r2, [r0, #44]
 132:Core/Src/can.c **** 	msg->filter.FilterMaskIdLow=0x000;
 364              		.loc 1 132 2 is_stmt 1 view .LVU99
 365              		.loc 1 132 29 is_stmt 0 view .LVU100
 366 001e 0363     		str	r3, [r0, #48]
 133:Core/Src/can.c **** 	msg->filter.FilterMode = CAN_FILTERMODE_IDMASK;
 367              		.loc 1 133 2 is_stmt 1 view .LVU101
 368              		.loc 1 133 25 is_stmt 0 view .LVU102
 369 0020 C363     		str	r3, [r0, #60]
 134:Core/Src/can.c **** 	msg->filter.FilterScale=CAN_FILTERSCALE_32BIT;
 370              		.loc 1 134 2 is_stmt 1 view .LVU103
 371              		.loc 1 134 25 is_stmt 0 view .LVU104
 372 0022 0123     		movs	r3, #1
 373 0024 0364     		str	r3, [r0, #64]
 135:Core/Src/can.c **** 	msg->filter.FilterActivation=ENABLE;
 374              		.loc 1 135 2 is_stmt 1 view .LVU105
 375              		.loc 1 135 30 is_stmt 0 view .LVU106
 376 0026 4364     		str	r3, [r0, #68]
 136:Core/Src/can.c **** 	HAL_CAN_ConfigFilter(&hcan1, &msg->filter);
 377              		.loc 1 136 2 is_stmt 1 view .LVU107
 378 0028 00F12401 		add	r1, r0, #36
 379 002c 0248     		ldr	r0, .L24+4
 380              	.LVL15:
 381              		.loc 1 136 2 is_stmt 0 view .LVU108
 382 002e FFF7FEFF 		bl	HAL_CAN_ConfigFilter
 383              	.LVL16:
 137:Core/Src/can.c **** }
 384              		.loc 1 137 1 view .LVU109
 385 0032 08BD     		pop	{r3, pc}
 386              	.L25:
 387              		.align	2
 388              	.L24:
 389 0034 00100000 		.word	m_config+4096
 390 0038 00000000 		.word	.LANCHOR0
 391              		.cfi_endproc
 392              	.LFE140:
 394              		.section	.text.can_tx_init,"ax",%progbits
 395              		.align	1
 396              		.global	can_tx_init
 397              		.syntax unified
 398              		.thumb
 399              		.thumb_func
 400              		.fpu fpv4-sp-d16
 402              	can_tx_init:
 403              	.LVL17:
 404              	.LFB141:
 138:Core/Src/can.c **** //
 139:Core/Src/can.c **** 
 140:Core/Src/can.c **** void can_tx_init(CANTxMessage *msg){
 405              		.loc 1 140 36 is_stmt 1 view -0
 406              		.cfi_startproc
ARM GAS  /tmp/ccj7WfST.s 			page 11


 407              		@ args = 0, pretend = 0, frame = 0
 408              		@ frame_needed = 0, uses_anonymous_args = 0
 409              		@ link register save eliminated.
 141:Core/Src/can.c **** 	msg->tx_header.DLC = 8; 			
 410              		.loc 1 141 2 view .LVU111
 411              		.loc 1 141 21 is_stmt 0 view .LVU112
 412 0000 0823     		movs	r3, #8
 413 0002 8361     		str	r3, [r0, #24]
 142:Core/Src/can.c **** 	msg->tx_header.IDE=CAN_ID_STD; 		
 414              		.loc 1 142 2 is_stmt 1 view .LVU113
 415              		.loc 1 142 20 is_stmt 0 view .LVU114
 416 0004 0023     		movs	r3, #0
 417 0006 0361     		str	r3, [r0, #16]
 143:Core/Src/can.c **** 	msg->tx_header.RTR=CAN_RTR_DATA; 
 418              		.loc 1 143 2 is_stmt 1 view .LVU115
 419              		.loc 1 143 20 is_stmt 0 view .LVU116
 420 0008 4361     		str	r3, [r0, #20]
 144:Core/Src/can.c **** }
 421              		.loc 1 144 1 view .LVU117
 422 000a 7047     		bx	lr
 423              		.cfi_endproc
 424              	.LFE141:
 426              		.section	.text.Master_Pack_Cmd,"ax",%progbits
 427              		.align	1
 428              		.global	Master_Pack_Cmd
 429              		.syntax unified
 430              		.thumb
 431              		.thumb_func
 432              		.fpu fpv4-sp-d16
 434              	Master_Pack_Cmd:
 435              	.LVL18:
 436              	.LFB142:
 145:Core/Src/can.c **** //
 146:Core/Src/can.c **** 
 147:Core/Src/can.c **** 
 148:Core/Src/can.c **** /// CAN Command Packet Structure ///
 149:Core/Src/can.c **** /// 16 bit position command, between -4*pi and 4*pi
 150:Core/Src/can.c **** /// 12 bit velocity command, between -30 and 30 rad/s
 151:Core/Src/can.c **** /// 12 bit kp, between 0 and 500 N-m/rad
 152:Core/Src/can.c **** /// 12 bit kd, between 0 and 100 N-m*s/rad
 153:Core/Src/can.c **** /// 12 bit feed forward torque, between -18 and 18 N-m
 154:Core/Src/can.c **** /// CAN Packet is 8 8-bit words
 155:Core/Src/can.c **** /// Formatted as follows.  For each quantity, bit 0 is LSB
 156:Core/Src/can.c **** /// 0: [position[15-8]]
 157:Core/Src/can.c **** /// 1: [position[7-0]]
 158:Core/Src/can.c **** /// 2: [velocity[11-4]]
 159:Core/Src/can.c **** /// 3: [velocity[3-0], kp[11-8]]
 160:Core/Src/can.c **** /// 4: [kp[7-0]]
 161:Core/Src/can.c **** /// 5: [kd[11-4]]
 162:Core/Src/can.c **** /// 6: [kd[3-0], torque[11-8]]
 163:Core/Src/can.c **** /// 7: [torque[7-0]]
 164:Core/Src/can.c **** /* =========================================================================
 165:Core/Src/can.c ****  * CÁC HÀM DÀNH CHO MASTER
 166:Core/Src/can.c ****  * ========================================================================= */
 167:Core/Src/can.c **** 
 168:Core/Src/can.c **** // MASTER GỬI LỆNH: Đóng gói dữ liệu điều khiển để gửi xuống Slave
 169:Core/Src/can.c **** void Master_Pack_Cmd(CANTxMessage *msg, JointCommand_t *cmd) {
ARM GAS  /tmp/ccj7WfST.s 			page 12


 437              		.loc 1 169 62 is_stmt 1 view -0
 438              		.cfi_startproc
 439              		@ args = 0, pretend = 0, frame = 0
 440              		@ frame_needed = 0, uses_anonymous_args = 0
 441              		.loc 1 169 62 is_stmt 0 view .LVU119
 442 0000 2DE9F047 		push	{r4, r5, r6, r7, r8, r9, r10, lr}
 443              	.LCFI7:
 444              		.cfi_def_cfa_offset 32
 445              		.cfi_offset 4, -32
 446              		.cfi_offset 5, -28
 447              		.cfi_offset 6, -24
 448              		.cfi_offset 7, -20
 449              		.cfi_offset 8, -16
 450              		.cfi_offset 9, -12
 451              		.cfi_offset 10, -8
 452              		.cfi_offset 14, -4
 453 0004 0446     		mov	r4, r0
 454 0006 0E46     		mov	r6, r1
 170:Core/Src/can.c ****     int p_int  = float_to_uint(cmd->p_des, P_MIN, P_MAX, 16);
 455              		.loc 1 170 5 is_stmt 1 view .LVU120
 456              		.loc 1 170 18 is_stmt 0 view .LVU121
 457 0008 264D     		ldr	r5, .L29
 458 000a 1020     		movs	r0, #16
 459              	.LVL19:
 460              		.loc 1 170 18 view .LVU122
 461 000c 95ED2D1A 		vldr.32	s2, [r5, #180]
 462 0010 D5ED2C0A 		vldr.32	s1, [r5, #176]
 463 0014 91ED000A 		vldr.32	s0, [r1]
 464 0018 FFF7FEFF 		bl	float_to_uint
 465              	.LVL20:
 466              		.loc 1 170 18 view .LVU123
 467 001c 8246     		mov	r10, r0
 468              	.LVL21:
 171:Core/Src/can.c ****     int v_int  = float_to_uint(cmd->v_des, V_MIN, V_MAX, 12);
 469              		.loc 1 171 5 is_stmt 1 view .LVU124
 470              		.loc 1 171 18 is_stmt 0 view .LVU125
 471 001e 0C20     		movs	r0, #12
 472              	.LVL22:
 473              		.loc 1 171 18 view .LVU126
 474 0020 95ED2F1A 		vldr.32	s2, [r5, #188]
 475 0024 D5ED2E0A 		vldr.32	s1, [r5, #184]
 476 0028 96ED010A 		vldr.32	s0, [r6, #4]
 477 002c FFF7FEFF 		bl	float_to_uint
 478              	.LVL23:
 479 0030 8146     		mov	r9, r0
 480              	.LVL24:
 172:Core/Src/can.c ****     int kp_int = float_to_uint(cmd->kp, KP_MIN, KP_MAX, 12);
 481              		.loc 1 172 5 is_stmt 1 view .LVU127
 482              		.loc 1 172 18 is_stmt 0 view .LVU128
 483 0032 0C20     		movs	r0, #12
 484              	.LVL25:
 485              		.loc 1 172 18 view .LVU129
 486 0034 95ED331A 		vldr.32	s2, [r5, #204]
 487 0038 D5ED320A 		vldr.32	s1, [r5, #200]
 488 003c 96ED020A 		vldr.32	s0, [r6, #8]
 489 0040 FFF7FEFF 		bl	float_to_uint
 490              	.LVL26:
ARM GAS  /tmp/ccj7WfST.s 			page 13


 491 0044 8046     		mov	r8, r0
 492              	.LVL27:
 173:Core/Src/can.c ****     int kd_int = float_to_uint(cmd->kd, KD_MIN, KD_MAX, 12);
 493              		.loc 1 173 5 is_stmt 1 view .LVU130
 494              		.loc 1 173 18 is_stmt 0 view .LVU131
 495 0046 0C20     		movs	r0, #12
 496              	.LVL28:
 497              		.loc 1 173 18 view .LVU132
 498 0048 95ED351A 		vldr.32	s2, [r5, #212]
 499 004c D5ED340A 		vldr.32	s1, [r5, #208]
 500 0050 96ED030A 		vldr.32	s0, [r6, #12]
 501 0054 FFF7FEFF 		bl	float_to_uint
 502              	.LVL29:
 503 0058 0746     		mov	r7, r0
 504              	.LVL30:
 174:Core/Src/can.c ****     int t_int  = float_to_uint(cmd->t_ff, T_MIN, T_MAX, 12);
 505              		.loc 1 174 5 is_stmt 1 view .LVU133
 506              		.loc 1 174 18 is_stmt 0 view .LVU134
 507 005a 0C20     		movs	r0, #12
 508              	.LVL31:
 509              		.loc 1 174 18 view .LVU135
 510 005c 95ED311A 		vldr.32	s2, [r5, #196]
 511 0060 D5ED300A 		vldr.32	s1, [r5, #192]
 512 0064 96ED040A 		vldr.32	s0, [r6, #16]
 513 0068 FFF7FEFF 		bl	float_to_uint
 514              	.LVL32:
 515 006c 0346     		mov	r3, r0
 516              	.LVL33:
 175:Core/Src/can.c ****     
 176:Core/Src/can.c ****     msg->tx_header.StdId = cmd->can_id; // ID Slave
 517              		.loc 1 176 5 is_stmt 1 view .LVU136
 518              		.loc 1 176 31 is_stmt 0 view .LVU137
 519 006e 7269     		ldr	r2, [r6, #20]
 520              		.loc 1 176 26 view .LVU138
 521 0070 A260     		str	r2, [r4, #8]
 177:Core/Src/can.c **** 
 178:Core/Src/can.c ****     msg->data[0] = p_int >> 8;
 522              		.loc 1 178 5 is_stmt 1 view .LVU139
 523              		.loc 1 178 26 is_stmt 0 view .LVU140
 524 0072 4FEA2A22 		asr	r2, r10, #8
 525              		.loc 1 178 18 view .LVU141
 526 0076 2270     		strb	r2, [r4]
 179:Core/Src/can.c ****     msg->data[1] = p_int & 0xFF;
 527              		.loc 1 179 5 is_stmt 1 view .LVU142
 528              		.loc 1 179 18 is_stmt 0 view .LVU143
 529 0078 84F801A0 		strb	r10, [r4, #1]
 180:Core/Src/can.c ****     msg->data[2] = v_int >> 4;
 530              		.loc 1 180 5 is_stmt 1 view .LVU144
 531              		.loc 1 180 26 is_stmt 0 view .LVU145
 532 007c 4FEA2912 		asr	r2, r9, #4
 533              		.loc 1 180 18 view .LVU146
 534 0080 A270     		strb	r2, [r4, #2]
 181:Core/Src/can.c ****     msg->data[3] = ((v_int & 0xF) << 4) | (kp_int >> 8);
 535              		.loc 1 181 5 is_stmt 1 view .LVU147
 536              		.loc 1 181 51 is_stmt 0 view .LVU148
 537 0082 4FEA2820 		asr	r0, r8, #8
 538              	.LVL34:
ARM GAS  /tmp/ccj7WfST.s 			page 14


 539              		.loc 1 181 41 view .LVU149
 540 0086 40EA0919 		orr	r9, r0, r9, lsl #4
 541              	.LVL35:
 542              		.loc 1 181 18 view .LVU150
 543 008a 84F80390 		strb	r9, [r4, #3]
 182:Core/Src/can.c ****     msg->data[4] = kp_int & 0xFF;
 544              		.loc 1 182 5 is_stmt 1 view .LVU151
 545              		.loc 1 182 18 is_stmt 0 view .LVU152
 546 008e 84F80480 		strb	r8, [r4, #4]
 183:Core/Src/can.c ****     msg->data[5] = kd_int >> 4;
 547              		.loc 1 183 5 is_stmt 1 view .LVU153
 548              		.loc 1 183 27 is_stmt 0 view .LVU154
 549 0092 3A11     		asrs	r2, r7, #4
 550              		.loc 1 183 18 view .LVU155
 551 0094 6271     		strb	r2, [r4, #5]
 184:Core/Src/can.c ****     msg->data[6] = ((kd_int & 0xF) << 4) | (t_int >> 8);
 552              		.loc 1 184 5 is_stmt 1 view .LVU156
 553              		.loc 1 184 51 is_stmt 0 view .LVU157
 554 0096 1812     		asrs	r0, r3, #8
 555              		.loc 1 184 42 view .LVU158
 556 0098 40EA0717 		orr	r7, r0, r7, lsl #4
 557              	.LVL36:
 558              		.loc 1 184 18 view .LVU159
 559 009c A771     		strb	r7, [r4, #6]
 185:Core/Src/can.c ****     msg->data[7] = t_int & 0xFF;
 560              		.loc 1 185 5 is_stmt 1 view .LVU160
 561              		.loc 1 185 18 is_stmt 0 view .LVU161
 562 009e E371     		strb	r3, [r4, #7]
 186:Core/Src/can.c **** }
 563              		.loc 1 186 1 view .LVU162
 564 00a0 BDE8F087 		pop	{r4, r5, r6, r7, r8, r9, r10, pc}
 565              	.LVL37:
 566              	.L30:
 567              		.loc 1 186 1 view .LVU163
 568              		.align	2
 569              	.L29:
 570 00a4 00100000 		.word	m_config+4096
 571              		.cfi_endproc
 572              	.LFE142:
 574              		.section	.text.Master_Unpack_State,"ax",%progbits
 575              		.align	1
 576              		.global	Master_Unpack_State
 577              		.syntax unified
 578              		.thumb
 579              		.thumb_func
 580              		.fpu fpv4-sp-d16
 582              	Master_Unpack_State:
 583              	.LVL38:
 584              	.LFB143:
 187:Core/Src/can.c **** 
 188:Core/Src/can.c **** void Master_Unpack_State(CANRxMessage *msg, JointState_t *state) {
 585              		.loc 1 188 66 is_stmt 1 view -0
 586              		.cfi_startproc
 587              		@ args = 0, pretend = 0, frame = 0
 588              		@ frame_needed = 0, uses_anonymous_args = 0
 589              		.loc 1 188 66 is_stmt 0 view .LVU165
 590 0000 2DE9F041 		push	{r4, r5, r6, r7, r8, lr}
ARM GAS  /tmp/ccj7WfST.s 			page 15


 591              	.LCFI8:
 592              		.cfi_def_cfa_offset 24
 593              		.cfi_offset 4, -24
 594              		.cfi_offset 5, -20
 595              		.cfi_offset 6, -16
 596              		.cfi_offset 7, -12
 597              		.cfi_offset 8, -8
 598              		.cfi_offset 14, -4
 599 0004 0E46     		mov	r6, r1
 189:Core/Src/can.c ****     // Byte [0] thường chứa Slave ID, ta bắt đầu giải mã từ Byte [1]
 190:Core/Src/can.c ****     int p_int  = (msg->data[1] << 8) | msg->data[2];    
 600              		.loc 1 190 5 is_stmt 1 view .LVU166
 601              		.loc 1 190 28 is_stmt 0 view .LVU167
 602 0006 90F801C0 		ldrb	ip, [r0, #1]	@ zero_extendqisi2
 603              		.loc 1 190 49 view .LVU168
 604 000a 8278     		ldrb	r2, [r0, #2]	@ zero_extendqisi2
 605              	.LVL39:
 191:Core/Src/can.c ****     int v_int  = (msg->data[3] << 4) | (msg->data[4] >> 4);
 606              		.loc 1 191 5 is_stmt 1 view .LVU169
 607              		.loc 1 191 28 is_stmt 0 view .LVU170
 608 000c C178     		ldrb	r1, [r0, #3]	@ zero_extendqisi2
 609              	.LVL40:
 610              		.loc 1 191 50 view .LVU171
 611 000e 0379     		ldrb	r3, [r0, #4]	@ zero_extendqisi2
 612              		.loc 1 191 54 view .LVU172
 613 0010 1F09     		lsrs	r7, r3, #4
 614              		.loc 1 191 9 view .LVU173
 615 0012 47EA0117 		orr	r7, r7, r1, lsl #4
 616              	.LVL41:
 192:Core/Src/can.c ****     int t_int  = ((msg->data[4] & 0xF) << 8) | msg->data[5];
 617              		.loc 1 192 5 is_stmt 1 view .LVU174
 618              		.loc 1 192 40 is_stmt 0 view .LVU175
 619 0016 1D02     		lsls	r5, r3, #8
 620 0018 05F47065 		and	r5, r5, #3840
 621              		.loc 1 192 57 view .LVU176
 622 001c 4379     		ldrb	r3, [r0, #5]	@ zero_extendqisi2
 623              		.loc 1 192 9 view .LVU177
 624 001e 1D43     		orrs	r5, r5, r3
 625              	.LVL42:
 193:Core/Src/can.c ****     int vb_int = msg->data[6];
 626              		.loc 1 193 5 is_stmt 1 view .LVU178
 627              		.loc 1 193 27 is_stmt 0 view .LVU179
 628 0020 90F80680 		ldrb	r8, [r0, #6]	@ zero_extendqisi2
 629              	.LVL43:
 194:Core/Src/can.c **** 
 195:Core/Src/can.c ****     // Chuyển đổi số nguyên ngược lại thành số thực
 196:Core/Src/can.c ****     state->can_id = msg->data[0]; // Lấy ID từ Byte [0]
 630              		.loc 1 196 5 is_stmt 1 view .LVU180
 631              		.loc 1 196 30 is_stmt 0 view .LVU181
 632 0024 0378     		ldrb	r3, [r0]	@ zero_extendqisi2
 633              		.loc 1 196 19 view .LVU182
 634 0026 3360     		str	r3, [r6]
 197:Core/Src/can.c ****     state->p_act  = uint_to_float(p_int, P_MIN, P_MAX, 16);
 635              		.loc 1 197 5 is_stmt 1 view .LVU183
 636              		.loc 1 197 21 is_stmt 0 view .LVU184
 637 0028 154C     		ldr	r4, .L33
 638 002a 1021     		movs	r1, #16
ARM GAS  /tmp/ccj7WfST.s 			page 16


 639 002c D4ED2D0A 		vldr.32	s1, [r4, #180]
 640 0030 94ED2C0A 		vldr.32	s0, [r4, #176]
 641 0034 42EA0C20 		orr	r0, r2, ip, lsl #8
 642              	.LVL44:
 643              		.loc 1 197 21 view .LVU185
 644 0038 FFF7FEFF 		bl	uint_to_float
 645              	.LVL45:
 646              		.loc 1 197 19 view .LVU186
 647 003c 86ED010A 		vstr.32	s0, [r6, #4]
 198:Core/Src/can.c ****     state->v_act  = uint_to_float(v_int, V_MIN, V_MAX, 12);
 648              		.loc 1 198 5 is_stmt 1 view .LVU187
 649              		.loc 1 198 21 is_stmt 0 view .LVU188
 650 0040 0C21     		movs	r1, #12
 651 0042 D4ED2F0A 		vldr.32	s1, [r4, #188]
 652 0046 94ED2E0A 		vldr.32	s0, [r4, #184]
 653 004a 3846     		mov	r0, r7
 654 004c FFF7FEFF 		bl	uint_to_float
 655              	.LVL46:
 656              		.loc 1 198 19 view .LVU189
 657 0050 86ED020A 		vstr.32	s0, [r6, #8]
 199:Core/Src/can.c ****     state->t_act  = uint_to_float(t_int, T_MIN, T_MAX, 12);
 658              		.loc 1 199 5 is_stmt 1 view .LVU190
 659              		.loc 1 199 21 is_stmt 0 view .LVU191
 660 0054 0C21     		movs	r1, #12
 661 0056 D4ED310A 		vldr.32	s1, [r4, #196]
 662 005a 94ED300A 		vldr.32	s0, [r4, #192]
 663 005e 2846     		mov	r0, r5
 664 0060 FFF7FEFF 		bl	uint_to_float
 665              	.LVL47:
 666              		.loc 1 199 19 view .LVU192
 667 0064 86ED030A 		vstr.32	s0, [r6, #12]
 200:Core/Src/can.c ****     state->v_batt = uint_to_float(vb_int, VB_MIN, VB_MAX, 8);
 668              		.loc 1 200 5 is_stmt 1 view .LVU193
 669              		.loc 1 200 21 is_stmt 0 view .LVU194
 670 0068 0821     		movs	r1, #8
 671 006a F7EE000A 		vmov.f32	s1, #1.0e+0
 672 006e B0EE600A 		vmov.f32	s0, s1
 673 0072 4046     		mov	r0, r8
 674 0074 FFF7FEFF 		bl	uint_to_float
 675              	.LVL48:
 676              		.loc 1 200 19 view .LVU195
 677 0078 86ED040A 		vstr.32	s0, [r6, #16]
 201:Core/Src/can.c **** }
 678              		.loc 1 201 1 view .LVU196
 679 007c BDE8F081 		pop	{r4, r5, r6, r7, r8, pc}
 680              	.LVL49:
 681              	.L34:
 682              		.loc 1 201 1 view .LVU197
 683              		.align	2
 684              	.L33:
 685 0080 00100000 		.word	m_config+4096
 686              		.cfi_endproc
 687              	.LFE143:
 689              		.section	.text.Slave_Unpack_Cmd,"ax",%progbits
 690              		.align	1
 691              		.global	Slave_Unpack_Cmd
 692              		.syntax unified
ARM GAS  /tmp/ccj7WfST.s 			page 17


 693              		.thumb
 694              		.thumb_func
 695              		.fpu fpv4-sp-d16
 697              	Slave_Unpack_Cmd:
 698              	.LVL50:
 699              	.LFB144:
 202:Core/Src/can.c **** /// unpack_cmd Reply Packet Structure ///
 203:Core/Src/can.c **** /// 16 bit position, between -4*pi and 4*pi
 204:Core/Src/can.c **** /// 12 bit velocity, between -30 and 30 rad/s
 205:Core/Src/can.c **** /// 12 bit current, between -40 and 40;
 206:Core/Src/can.c **** /// CAN Packet is 5 8-bit words
 207:Core/Src/can.c **** /// Formatted as follows.  For each quantity, bit 0 is LSB
 208:Core/Src/can.c **** /// 0: [position[15-8]]
 209:Core/Src/can.c **** /// 1: [position[7-0]]
 210:Core/Src/can.c **** /// 2: [velocity[11-4]]
 211:Core/Src/can.c **** /// 3: [velocity[3-0], current[11-8]]
 212:Core/Src/can.c **** /// 4: [current[7-0]]
 213:Core/Src/can.c **** /* =========================================================================
 214:Core/Src/can.c ****  * CÁC HÀM DÀNH CHO SLAVE (MOTOR CONTROLLER)
 215:Core/Src/can.c ****  * ========================================================================= */
 216:Core/Src/can.c **** 
 217:Core/Src/can.c **** // SLAVE NHẬN LỆNH: Giải mã gói tin điều khiển từ Master
 218:Core/Src/can.c **** void Slave_Unpack_Cmd(CANRxMessage *msg, JointCommand_t *cmd) {
 700              		.loc 1 218 63 is_stmt 1 view -0
 701              		.cfi_startproc
 702              		@ args = 0, pretend = 0, frame = 0
 703              		@ frame_needed = 0, uses_anonymous_args = 0
 704              		.loc 1 218 63 is_stmt 0 view .LVU199
 705 0000 2DE9F047 		push	{r4, r5, r6, r7, r8, r9, r10, lr}
 706              	.LCFI9:
 707              		.cfi_def_cfa_offset 32
 708              		.cfi_offset 4, -32
 709              		.cfi_offset 5, -28
 710              		.cfi_offset 6, -24
 711              		.cfi_offset 7, -20
 712              		.cfi_offset 8, -16
 713              		.cfi_offset 9, -12
 714              		.cfi_offset 10, -8
 715              		.cfi_offset 14, -4
 716 0004 0D46     		mov	r5, r1
 219:Core/Src/can.c ****   int p_int  = (msg->data[0] << 8) | msg->data[1];
 717              		.loc 1 219 3 is_stmt 1 view .LVU200
 718              		.loc 1 219 26 is_stmt 0 view .LVU201
 719 0006 90F800C0 		ldrb	ip, [r0]	@ zero_extendqisi2
 720              		.loc 1 219 47 view .LVU202
 721 000a 4278     		ldrb	r2, [r0, #1]	@ zero_extendqisi2
 722              	.LVL51:
 220:Core/Src/can.c ****   int v_int  = (msg->data[2] << 4) | (msg->data[3] >> 4);
 723              		.loc 1 220 3 is_stmt 1 view .LVU203
 724              		.loc 1 220 26 is_stmt 0 view .LVU204
 725 000c 8378     		ldrb	r3, [r0, #2]	@ zero_extendqisi2
 726              		.loc 1 220 48 view .LVU205
 727 000e C778     		ldrb	r7, [r0, #3]	@ zero_extendqisi2
 728              		.loc 1 220 52 view .LVU206
 729 0010 4FEA1719 		lsr	r9, r7, #4
 730              		.loc 1 220 7 view .LVU207
 731 0014 49EA0319 		orr	r9, r9, r3, lsl #4
ARM GAS  /tmp/ccj7WfST.s 			page 18


 732              	.LVL52:
 221:Core/Src/can.c ****   int kp_int = ((msg->data[3] & 0xF) << 8) | msg->data[4];
 733              		.loc 1 221 3 is_stmt 1 view .LVU208
 734              		.loc 1 221 38 is_stmt 0 view .LVU209
 735 0018 3F02     		lsls	r7, r7, #8
 736 001a 07F47067 		and	r7, r7, #3840
 737              		.loc 1 221 55 view .LVU210
 738 001e 0379     		ldrb	r3, [r0, #4]	@ zero_extendqisi2
 739              		.loc 1 221 7 view .LVU211
 740 0020 1F43     		orrs	r7, r7, r3
 741              	.LVL53:
 222:Core/Src/can.c ****   int kd_int = (msg->data[5] << 4) | (msg->data[6] >> 4);
 742              		.loc 1 222 3 is_stmt 1 view .LVU212
 743              		.loc 1 222 26 is_stmt 0 view .LVU213
 744 0022 4179     		ldrb	r1, [r0, #5]	@ zero_extendqisi2
 745              	.LVL54:
 746              		.loc 1 222 48 view .LVU214
 747 0024 8379     		ldrb	r3, [r0, #6]	@ zero_extendqisi2
 748              		.loc 1 222 52 view .LVU215
 749 0026 4FEA1318 		lsr	r8, r3, #4
 750              		.loc 1 222 7 view .LVU216
 751 002a 48EA0118 		orr	r8, r8, r1, lsl #4
 752              	.LVL55:
 223:Core/Src/can.c ****   int t_int  = ((msg->data[6] & 0xF) << 8) | msg->data[7];
 753              		.loc 1 223 3 is_stmt 1 view .LVU217
 754              		.loc 1 223 38 is_stmt 0 view .LVU218
 755 002e 1E02     		lsls	r6, r3, #8
 756 0030 06F47066 		and	r6, r6, #3840
 757              		.loc 1 223 55 view .LVU219
 758 0034 C379     		ldrb	r3, [r0, #7]	@ zero_extendqisi2
 759              		.loc 1 223 7 view .LVU220
 760 0036 1E43     		orrs	r6, r6, r3
 761              	.LVL56:
 224:Core/Src/can.c **** 
 225:Core/Src/can.c ****   cmd->can_id = msg->rx_header.StdId; // Lấy ID từ gói tin nhận được
 762              		.loc 1 225 3 is_stmt 1 view .LVU221
 763              		.loc 1 225 31 is_stmt 0 view .LVU222
 764 0038 8368     		ldr	r3, [r0, #8]
 765              		.loc 1 225 15 view .LVU223
 766 003a 6B61     		str	r3, [r5, #20]
 226:Core/Src/can.c **** 
 227:Core/Src/can.c ****   cmd->p_des = uint_to_float(p_int, P_MIN, P_MAX, 16);
 767              		.loc 1 227 3 is_stmt 1 view .LVU224
 768              		.loc 1 227 16 is_stmt 0 view .LVU225
 769 003c DFF8A4A0 		ldr	r10, .L37+8
 770 0040 0AF58054 		add	r4, r10, #4096
 771 0044 1021     		movs	r1, #16
 772 0046 D4ED2D0A 		vldr.32	s1, [r4, #180]
 773 004a 94ED2C0A 		vldr.32	s0, [r4, #176]
 774 004e 42EA0C20 		orr	r0, r2, ip, lsl #8
 775              	.LVL57:
 776              		.loc 1 227 16 view .LVU226
 777 0052 FFF7FEFF 		bl	uint_to_float
 778              	.LVL58:
 779              		.loc 1 227 14 view .LVU227
 780 0056 85ED000A 		vstr.32	s0, [r5]
 228:Core/Src/can.c ****   cmd->v_des = uint_to_float(v_int, V_MIN, V_MAX, 12);
ARM GAS  /tmp/ccj7WfST.s 			page 19


 781              		.loc 1 228 3 is_stmt 1 view .LVU228
 782              		.loc 1 228 16 is_stmt 0 view .LVU229
 783 005a 0C21     		movs	r1, #12
 784 005c D4ED2F0A 		vldr.32	s1, [r4, #188]
 785 0060 94ED2E0A 		vldr.32	s0, [r4, #184]
 786 0064 4846     		mov	r0, r9
 787 0066 FFF7FEFF 		bl	uint_to_float
 788              	.LVL59:
 789              		.loc 1 228 14 view .LVU230
 790 006a 85ED010A 		vstr.32	s0, [r5, #4]
 229:Core/Src/can.c ****   cmd->kp    = uint_to_float(kp_int, KP_MIN, KP_MAX, 12);
 791              		.loc 1 229 3 is_stmt 1 view .LVU231
 792              		.loc 1 229 16 is_stmt 0 view .LVU232
 793 006e 0C21     		movs	r1, #12
 794 0070 D4ED330A 		vldr.32	s1, [r4, #204]
 795 0074 94ED320A 		vldr.32	s0, [r4, #200]
 796 0078 3846     		mov	r0, r7
 797 007a FFF7FEFF 		bl	uint_to_float
 798              	.LVL60:
 799              		.loc 1 229 14 view .LVU233
 800 007e 85ED020A 		vstr.32	s0, [r5, #8]
 230:Core/Src/can.c ****   cmd->kd    = uint_to_float(kd_int, KD_MIN, KD_MAX, 12);
 801              		.loc 1 230 3 is_stmt 1 view .LVU234
 802              		.loc 1 230 16 is_stmt 0 view .LVU235
 803 0082 0C21     		movs	r1, #12
 804 0084 D4ED350A 		vldr.32	s1, [r4, #212]
 805 0088 94ED340A 		vldr.32	s0, [r4, #208]
 806 008c 4046     		mov	r0, r8
 807 008e FFF7FEFF 		bl	uint_to_float
 808              	.LVL61:
 809              		.loc 1 230 14 view .LVU236
 810 0092 85ED030A 		vstr.32	s0, [r5, #12]
 231:Core/Src/can.c ****   cmd->t_ff  = uint_to_float(t_int, T_MIN, T_MAX, 12);
 811              		.loc 1 231 3 is_stmt 1 view .LVU237
 812              		.loc 1 231 16 is_stmt 0 view .LVU238
 813 0096 0C21     		movs	r1, #12
 814 0098 D4ED310A 		vldr.32	s1, [r4, #196]
 815 009c 94ED300A 		vldr.32	s0, [r4, #192]
 816 00a0 3046     		mov	r0, r6
 817 00a2 FFF7FEFF 		bl	uint_to_float
 818              	.LVL62:
 819              		.loc 1 231 14 view .LVU239
 820 00a6 85ED040A 		vstr.32	s0, [r5, #16]
 232:Core/Src/can.c **** 
 233:Core/Src/can.c ****   SPOINT_POS = RAD_TO_DEG(cmd->p_des)*GR;
 821              		.loc 1 233 3 is_stmt 1 view .LVU240
 822              		.loc 1 233 16 is_stmt 0 view .LVU241
 823 00aa D5ED007A 		vldr.32	s15, [r5]
 824 00ae 9FED0B7A 		vldr.32	s14, .L37
 825 00b2 67EE877A 		vmul.f32	s15, s15, s14
 826              		.loc 1 233 39 view .LVU242
 827 00b6 94ED257A 		vldr.32	s14, [r4, #148]
 828              		.loc 1 233 38 view .LVU243
 829 00ba 67EE877A 		vmul.f32	s15, s15, s14
 830              		.loc 1 233 14 view .LVU244
 831 00be CAED167A 		vstr.32	s15, [r10, #88]
 234:Core/Src/can.c ****   SPOINT_VEL = RADS_TO_RPM(cmd->v_des)*GR; 
ARM GAS  /tmp/ccj7WfST.s 			page 20


 832              		.loc 1 234 3 is_stmt 1 view .LVU245
 833              		.loc 1 234 16 is_stmt 0 view .LVU246
 834 00c2 D5ED017A 		vldr.32	s15, [r5, #4]
 835 00c6 DFED066A 		vldr.32	s13, .L37+4
 836 00ca 67EEA67A 		vmul.f32	s15, s15, s13
 837              		.loc 1 234 39 view .LVU247
 838 00ce 27EE277A 		vmul.f32	s14, s14, s15
 839              		.loc 1 234 14 view .LVU248
 840 00d2 8AED177A 		vstr.32	s14, [r10, #92]
 235:Core/Src/can.c **** 
 236:Core/Src/can.c **** }
 841              		.loc 1 236 1 view .LVU249
 842 00d6 BDE8F087 		pop	{r4, r5, r6, r7, r8, r9, r10, pc}
 843              	.LVL63:
 844              	.L38:
 845              		.loc 1 236 1 view .LVU250
 846 00da 00BF     		.align	2
 847              	.L37:
 848 00dc E12E6542 		.word	1113927393
 849 00e0 EBC91841 		.word	1092143595
 850 00e4 00000000 		.word	m_config
 851              		.cfi_endproc
 852              	.LFE144:
 854              		.section	.text.Slave_Pack_State,"ax",%progbits
 855              		.align	1
 856              		.global	Slave_Pack_State
 857              		.syntax unified
 858              		.thumb
 859              		.thumb_func
 860              		.fpu fpv4-sp-d16
 862              	Slave_Pack_State:
 863              	.LVL64:
 864              	.LFB145:
 237:Core/Src/can.c **** 
 238:Core/Src/can.c **** 
 239:Core/Src/can.c **** void Slave_Pack_State(CANTxMessage *msg, JointState_t *state, foc_t *hfoc) {
 865              		.loc 1 239 76 is_stmt 1 view -0
 866              		.cfi_startproc
 867              		@ args = 0, pretend = 0, frame = 0
 868              		@ frame_needed = 0, uses_anonymous_args = 0
 869              		.loc 1 239 76 is_stmt 0 view .LVU252
 870 0000 2DE9F843 		push	{r3, r4, r5, r6, r7, r8, r9, lr}
 871              	.LCFI10:
 872              		.cfi_def_cfa_offset 32
 873              		.cfi_offset 3, -32
 874              		.cfi_offset 4, -28
 875              		.cfi_offset 5, -24
 876              		.cfi_offset 6, -20
 877              		.cfi_offset 7, -16
 878              		.cfi_offset 8, -12
 879              		.cfi_offset 9, -8
 880              		.cfi_offset 14, -4
 881 0004 0446     		mov	r4, r0
 882 0006 0E46     		mov	r6, r1
 240:Core/Src/can.c ****   state->p_act  = DEG_TO_RAD(hfoc->actual_angle)/GR; // rad
 883              		.loc 1 240 3 is_stmt 1 view .LVU253
 884              		.loc 1 240 19 is_stmt 0 view .LVU254
ARM GAS  /tmp/ccj7WfST.s 			page 21


 885 0008 D2ED2E7A 		vldr.32	s15, [r2, #184]
 886 000c 9FED2E7A 		vldr.32	s14, .L41
 887 0010 67EE877A 		vmul.f32	s15, s15, s14
 888              		.loc 1 240 50 view .LVU255
 889 0014 2D4D     		ldr	r5, .L41+4
 890 0016 95ED257A 		vldr.32	s14, [r5, #148]
 891              		.loc 1 240 49 view .LVU256
 892 001a 87EE870A 		vdiv.f32	s0, s15, s14
 893              		.loc 1 240 17 view .LVU257
 894 001e 81ED010A 		vstr.32	s0, [r1, #4]
 241:Core/Src/can.c ****   state->v_act  = RPM_TO_RADS(hfoc->actual_rpm)/GR; // rad/s
 895              		.loc 1 241 3 is_stmt 1 view .LVU258
 896              		.loc 1 241 19 is_stmt 0 view .LVU259
 897 0022 D2ED2D7A 		vldr.32	s15, [r2, #180]
 898 0026 9FED2A7A 		vldr.32	s14, .L41+8
 899 002a 67EE877A 		vmul.f32	s15, s15, s14
 900              		.loc 1 241 49 view .LVU260
 901 002e D5ED256A 		vldr.32	s13, [r5, #148]
 902              		.loc 1 241 48 view .LVU261
 903 0032 87EEA67A 		vdiv.f32	s14, s15, s13
 904              		.loc 1 241 17 view .LVU262
 905 0036 81ED027A 		vstr.32	s14, [r1, #8]
 242:Core/Src/can.c ****   state->t_act  = hfoc->iq*KT; //
 906              		.loc 1 242 3 is_stmt 1 view .LVU263
 907              		.loc 1 242 23 is_stmt 0 view .LVU264
 908 003a D2ED1D7A 		vldr.32	s15, [r2, #116]
 909              		.loc 1 242 28 view .LVU265
 910 003e 95ED247A 		vldr.32	s14, [r5, #144]
 911              		.loc 1 242 27 view .LVU266
 912 0042 67EE877A 		vmul.f32	s15, s15, s14
 913              		.loc 1 242 17 view .LVU267
 914 0046 C1ED037A 		vstr.32	s15, [r1, #12]
 243:Core/Src/can.c **** 
 244:Core/Src/can.c ****   int p_int  = float_to_uint(state->p_act, P_MIN, P_MAX, 16);
 915              		.loc 1 244 3 is_stmt 1 view .LVU268
 916              		.loc 1 244 16 is_stmt 0 view .LVU269
 917 004a 1020     		movs	r0, #16
 918              	.LVL65:
 919              		.loc 1 244 16 view .LVU270
 920 004c 95ED2D1A 		vldr.32	s2, [r5, #180]
 921 0050 D5ED2C0A 		vldr.32	s1, [r5, #176]
 922 0054 FFF7FEFF 		bl	float_to_uint
 923              	.LVL66:
 924              		.loc 1 244 16 view .LVU271
 925 0058 8146     		mov	r9, r0
 926              	.LVL67:
 245:Core/Src/can.c ****   int v_int  = float_to_uint(state->v_act, V_MIN, V_MAX, 12);
 927              		.loc 1 245 3 is_stmt 1 view .LVU272
 928              		.loc 1 245 16 is_stmt 0 view .LVU273
 929 005a 0C20     		movs	r0, #12
 930              	.LVL68:
 931              		.loc 1 245 16 view .LVU274
 932 005c 95ED2F1A 		vldr.32	s2, [r5, #188]
 933 0060 D5ED2E0A 		vldr.32	s1, [r5, #184]
 934 0064 96ED020A 		vldr.32	s0, [r6, #8]
 935 0068 FFF7FEFF 		bl	float_to_uint
 936              	.LVL69:
ARM GAS  /tmp/ccj7WfST.s 			page 22


 937 006c 8046     		mov	r8, r0
 938              	.LVL70:
 246:Core/Src/can.c ****   int t_int  = float_to_uint(state->t_act, T_MIN, T_MAX, 12);
 939              		.loc 1 246 3 is_stmt 1 view .LVU275
 940              		.loc 1 246 16 is_stmt 0 view .LVU276
 941 006e 0C20     		movs	r0, #12
 942              	.LVL71:
 943              		.loc 1 246 16 view .LVU277
 944 0070 95ED311A 		vldr.32	s2, [r5, #196]
 945 0074 D5ED300A 		vldr.32	s1, [r5, #192]
 946 0078 96ED030A 		vldr.32	s0, [r6, #12]
 947 007c FFF7FEFF 		bl	float_to_uint
 948              	.LVL72:
 949 0080 0746     		mov	r7, r0
 950              	.LVL73:
 247:Core/Src/can.c ****   int vb_int = float_to_uint(state->v_batt, VB_MIN, VB_MAX, 8);
 951              		.loc 1 247 3 is_stmt 1 view .LVU278
 952              		.loc 1 247 16 is_stmt 0 view .LVU279
 953 0082 0820     		movs	r0, #8
 954              	.LVL74:
 955              		.loc 1 247 16 view .LVU280
 956 0084 B7EE001A 		vmov.f32	s2, #1.0e+0
 957 0088 F0EE410A 		vmov.f32	s1, s2
 958 008c 96ED040A 		vldr.32	s0, [r6, #16]
 959 0090 FFF7FEFF 		bl	float_to_uint
 960              	.LVL75:
 248:Core/Src/can.c ****   
 249:Core/Src/can.c ****   msg->tx_header.StdId = CAN_SID; // ID Master
 961              		.loc 1 249 3 is_stmt 1 view .LVU281
 962              		.loc 1 249 26 is_stmt 0 view .LVU282
 963 0094 D5F8A430 		ldr	r3, [r5, #164]
 964              		.loc 1 249 24 view .LVU283
 965 0098 A360     		str	r3, [r4, #8]
 250:Core/Src/can.c ****   
 251:Core/Src/can.c ****   // Đóng gói theo chuẩn MIT Cheetah (5 bytes dữ liệu + 1 byte ID)
 252:Core/Src/can.c ****   msg->data[0] = CAN_SID;                 // Byte 0 chứa ID của động cơ
 966              		.loc 1 252 3 is_stmt 1 view .LVU284
 967              		.loc 1 252 18 is_stmt 0 view .LVU285
 968 009a D5F8A430 		ldr	r3, [r5, #164]
 969              		.loc 1 252 16 view .LVU286
 970 009e 2370     		strb	r3, [r4]
 253:Core/Src/can.c ****   msg->data[1] = p_int >> 8;
 971              		.loc 1 253 3 is_stmt 1 view .LVU287
 972              		.loc 1 253 24 is_stmt 0 view .LVU288
 973 00a0 4FEA2923 		asr	r3, r9, #8
 974              		.loc 1 253 16 view .LVU289
 975 00a4 6370     		strb	r3, [r4, #1]
 254:Core/Src/can.c ****   msg->data[2] = p_int & 0xFF;
 976              		.loc 1 254 3 is_stmt 1 view .LVU290
 977              		.loc 1 254 16 is_stmt 0 view .LVU291
 978 00a6 84F80290 		strb	r9, [r4, #2]
 255:Core/Src/can.c ****   msg->data[3] = v_int >> 4;
 979              		.loc 1 255 3 is_stmt 1 view .LVU292
 980              		.loc 1 255 24 is_stmt 0 view .LVU293
 981 00aa 4FEA2813 		asr	r3, r8, #4
 982              		.loc 1 255 16 view .LVU294
 983 00ae E370     		strb	r3, [r4, #3]
ARM GAS  /tmp/ccj7WfST.s 			page 23


 256:Core/Src/can.c ****   msg->data[4] = ((v_int & 0xF) << 4) | (t_int >> 8);
 984              		.loc 1 256 3 is_stmt 1 view .LVU295
 985              		.loc 1 256 48 is_stmt 0 view .LVU296
 986 00b0 3B12     		asrs	r3, r7, #8
 987              		.loc 1 256 39 view .LVU297
 988 00b2 43EA0818 		orr	r8, r3, r8, lsl #4
 989              	.LVL76:
 990              		.loc 1 256 16 view .LVU298
 991 00b6 84F80480 		strb	r8, [r4, #4]
 257:Core/Src/can.c ****   msg->data[5] = t_int & 0xFF;
 992              		.loc 1 257 3 is_stmt 1 view .LVU299
 993              		.loc 1 257 16 is_stmt 0 view .LVU300
 994 00ba 6771     		strb	r7, [r4, #5]
 258:Core/Src/can.c ****   msg->data[6] = vb_int;
 995              		.loc 1 258 3 is_stmt 1 view .LVU301
 996              		.loc 1 258 16 is_stmt 0 view .LVU302
 997 00bc A071     		strb	r0, [r4, #6]
 259:Core/Src/can.c ****   msg->data[7] = 0x00;                     // Byte 7 không sử dụng
 998              		.loc 1 259 3 is_stmt 1 view .LVU303
 999              		.loc 1 259 16 is_stmt 0 view .LVU304
 1000 00be 0023     		movs	r3, #0
 1001 00c0 E371     		strb	r3, [r4, #7]
 260:Core/Src/can.c **** }
 1002              		.loc 1 260 1 view .LVU305
 1003 00c2 BDE8F883 		pop	{r3, r4, r5, r6, r7, r8, r9, pc}
 1004              	.LVL77:
 1005              	.L42:
 1006              		.loc 1 260 1 view .LVU306
 1007 00c6 00BF     		.align	2
 1008              	.L41:
 1009 00c8 35FA8E3C 		.word	1016003125
 1010 00cc 00100000 		.word	m_config+4096
 1011 00d0 5077D63D 		.word	1037465424
 1012              		.cfi_endproc
 1013              	.LFE145:
 1015              		.section	.text.Slave_Unpack_Cmd_2,"ax",%progbits
 1016              		.align	1
 1017              		.global	Slave_Unpack_Cmd_2
 1018              		.syntax unified
 1019              		.thumb
 1020              		.thumb_func
 1021              		.fpu fpv4-sp-d16
 1023              	Slave_Unpack_Cmd_2:
 1024              	.LVL78:
 1025              	.LFB146:
 261:Core/Src/can.c **** 
 262:Core/Src/can.c **** 
 263:Core/Src/can.c **** void Slave_Unpack_Cmd_2(CANRxMessage *msg, JointCommand_t *cmd) {
 1026              		.loc 1 263 65 is_stmt 1 view -0
 1027              		.cfi_startproc
 1028              		@ args = 0, pretend = 0, frame = 0
 1029              		@ frame_needed = 0, uses_anonymous_args = 0
 1030              		@ link register save eliminated.
 264:Core/Src/can.c ****   memcpy(&cmd->p_des, &msg->data[0], sizeof(float));
 1031              		.loc 1 264 3 view .LVU308
 1032 0000 0368     		ldr	r3, [r0]	@ unaligned
 1033 0002 0B60     		str	r3, [r1]	@ unaligned
ARM GAS  /tmp/ccj7WfST.s 			page 24


 265:Core/Src/can.c ****   memcpy(&cmd->v_des, &msg->data[4], sizeof(float));
 1034              		.loc 1 265 3 view .LVU309
 1035 0004 4268     		ldr	r2, [r0, #4]	@ unaligned
 1036 0006 4A60     		str	r2, [r1, #4]	@ unaligned
 266:Core/Src/can.c **** 
 267:Core/Src/can.c ****   cmd->can_id = msg->rx_header.StdId; // Lấy ID từ gói tin nhận được
 1037              		.loc 1 267 3 view .LVU310
 1038              		.loc 1 267 31 is_stmt 0 view .LVU311
 1039 0008 8268     		ldr	r2, [r0, #8]
 1040              		.loc 1 267 15 view .LVU312
 1041 000a 4A61     		str	r2, [r1, #20]
 268:Core/Src/can.c **** 
 269:Core/Src/can.c ****   SPOINT_POS = RAD_TO_DEG(cmd->p_des)*GR;
 1042              		.loc 1 269 3 is_stmt 1 view .LVU313
 1043              		.loc 1 269 16 is_stmt 0 view .LVU314
 1044 000c DFED0C7A 		vldr.32	s15, .L44
 1045 0010 07EE103A 		vmov	s14, r3
 1046 0014 67EE277A 		vmul.f32	s15, s14, s15
 1047              		.loc 1 269 39 view .LVU315
 1048 0018 0A4B     		ldr	r3, .L44+4
 1049 001a 03F58052 		add	r2, r3, #4096
 1050 001e 92ED257A 		vldr.32	s14, [r2, #148]
 1051              		.loc 1 269 38 view .LVU316
 1052 0022 67EE877A 		vmul.f32	s15, s15, s14
 1053              		.loc 1 269 14 view .LVU317
 1054 0026 C3ED167A 		vstr.32	s15, [r3, #88]
 270:Core/Src/can.c ****   SPOINT_VEL = RADS_TO_RPM(cmd->v_des)*GR; 
 1055              		.loc 1 270 3 is_stmt 1 view .LVU318
 1056              		.loc 1 270 16 is_stmt 0 view .LVU319
 1057 002a D1ED017A 		vldr.32	s15, [r1, #4]
 1058 002e DFED066A 		vldr.32	s13, .L44+8
 1059 0032 67EEA67A 		vmul.f32	s15, s15, s13
 1060              		.loc 1 270 39 view .LVU320
 1061 0036 27EE277A 		vmul.f32	s14, s14, s15
 1062              		.loc 1 270 14 view .LVU321
 1063 003a 83ED177A 		vstr.32	s14, [r3, #92]
 271:Core/Src/can.c **** 
 272:Core/Src/can.c **** }
 1064              		.loc 1 272 1 view .LVU322
 1065 003e 7047     		bx	lr
 1066              	.L45:
 1067              		.align	2
 1068              	.L44:
 1069 0040 E12E6542 		.word	1113927393
 1070 0044 00000000 		.word	m_config
 1071 0048 EBC91841 		.word	1092143595
 1072              		.cfi_endproc
 1073              	.LFE146:
 1075              		.section	.text.Slave_Pack_State_2,"ax",%progbits
 1076              		.align	1
 1077              		.global	Slave_Pack_State_2
 1078              		.syntax unified
 1079              		.thumb
 1080              		.thumb_func
 1081              		.fpu fpv4-sp-d16
 1083              	Slave_Pack_State_2:
 1084              	.LVL79:
ARM GAS  /tmp/ccj7WfST.s 			page 25


 1085              	.LFB147:
 273:Core/Src/can.c **** 
 274:Core/Src/can.c **** 
 275:Core/Src/can.c **** void Slave_Pack_State_2(CANTxMessage *msg, JointState_t *state, foc_t *hfoc) {
 1086              		.loc 1 275 78 is_stmt 1 view -0
 1087              		.cfi_startproc
 1088              		@ args = 0, pretend = 0, frame = 0
 1089              		@ frame_needed = 0, uses_anonymous_args = 0
 1090              		@ link register save eliminated.
 276:Core/Src/can.c ****   state->p_act  = DEG_TO_RAD(hfoc->actual_angle)/GR; // rad
 1091              		.loc 1 276 3 view .LVU324
 1092              		.loc 1 276 19 is_stmt 0 view .LVU325
 1093 0000 D2ED2E7A 		vldr.32	s15, [r2, #184]
 1094 0004 9FED107A 		vldr.32	s14, .L47
 1095 0008 67EE877A 		vmul.f32	s15, s15, s14
 1096              		.loc 1 276 50 view .LVU326
 1097 000c 0F4B     		ldr	r3, .L47+4
 1098 000e 93ED257A 		vldr.32	s14, [r3, #148]
 1099              		.loc 1 276 49 view .LVU327
 1100 0012 C7EE877A 		vdiv.f32	s15, s15, s14
 1101 0016 17EE90CA 		vmov	ip, s15
 1102              		.loc 1 276 17 view .LVU328
 1103 001a C1ED017A 		vstr.32	s15, [r1, #4]
 277:Core/Src/can.c ****   state->v_act  = RPM_TO_RADS(hfoc->actual_rpm)/GR; // rad/s
 1104              		.loc 1 277 3 is_stmt 1 view .LVU329
 1105              		.loc 1 277 19 is_stmt 0 view .LVU330
 1106 001e D2ED2D7A 		vldr.32	s15, [r2, #180]
 1107 0022 9FED0B7A 		vldr.32	s14, .L47+8
 1108 0026 67EE877A 		vmul.f32	s15, s15, s14
 1109              		.loc 1 277 49 view .LVU331
 1110 002a D3ED256A 		vldr.32	s13, [r3, #148]
 1111              		.loc 1 277 48 view .LVU332
 1112 002e 87EEA67A 		vdiv.f32	s14, s15, s13
 1113              		.loc 1 277 17 view .LVU333
 1114 0032 81ED027A 		vstr.32	s14, [r1, #8]
 278:Core/Src/can.c **** 
 279:Core/Src/can.c ****   memcpy(&msg->data[0], &state->p_act, sizeof(float));
 1115              		.loc 1 279 3 is_stmt 1 view .LVU334
 1116 0036 C0F800C0 		str	ip, [r0]	@ unaligned
 280:Core/Src/can.c ****   memcpy(&msg->data[4], &state->v_act, sizeof(float));
 1117              		.loc 1 280 3 view .LVU335
 1118 003a 8A68     		ldr	r2, [r1, #8]	@ unaligned
 1119              	.LVL80:
 1120              		.loc 1 280 3 is_stmt 0 view .LVU336
 1121 003c 4260     		str	r2, [r0, #4]	@ unaligned
 281:Core/Src/can.c **** 
 282:Core/Src/can.c ****   msg->tx_header.StdId = CAN_SID; // ID Slate
 1122              		.loc 1 282 3 is_stmt 1 view .LVU337
 1123              		.loc 1 282 26 is_stmt 0 view .LVU338
 1124 003e D3F8A430 		ldr	r3, [r3, #164]
 1125              		.loc 1 282 24 view .LVU339
 1126 0042 8360     		str	r3, [r0, #8]
 283:Core/Src/can.c ****   
 284:Core/Src/can.c **** }
 1127              		.loc 1 284 1 view .LVU340
 1128 0044 7047     		bx	lr
 1129              	.L48:
ARM GAS  /tmp/ccj7WfST.s 			page 26


 1130 0046 00BF     		.align	2
 1131              	.L47:
 1132 0048 35FA8E3C 		.word	1016003125
 1133 004c 00100000 		.word	m_config+4096
 1134 0050 5077D63D 		.word	1037465424
 1135              		.cfi_endproc
 1136              	.LFE147:
 1138              		.global	can_rx
 1139              		.global	can_tx
 1140              		.global	hcan1
 1141              		.section	.bss.can_rx,"aw",%nobits
 1142              		.align	2
 1145              	can_rx:
 1146 0000 00000000 		.space	76
 1146      00000000 
 1146      00000000 
 1146      00000000 
 1146      00000000 
 1147              		.section	.bss.can_tx,"aw",%nobits
 1148              		.align	2
 1151              	can_tx:
 1152 0000 00000000 		.space	32
 1152      00000000 
 1152      00000000 
 1152      00000000 
 1152      00000000 
 1153              		.section	.bss.hcan1,"aw",%nobits
 1154              		.align	2
 1155              		.set	.LANCHOR0,. + 0
 1158              	hcan1:
 1159 0000 00000000 		.space	40
 1159      00000000 
 1159      00000000 
 1159      00000000 
 1159      00000000 
 1160              		.text
 1161              	.Letext0:
 1162              		.file 2 "/usr/lib/gcc/arm-none-eabi/10.3.1/include/stdint.h"
 1163              		.file 3 "Drivers/CMSIS/Device/ST/STM32F4xx/Include/stm32f405xx.h"
 1164              		.file 4 "Drivers/CMSIS/Device/ST/STM32F4xx/Include/stm32f4xx.h"
 1165              		.file 5 "Drivers/STM32F4xx_HAL_Driver/Inc/stm32f4xx_hal_def.h"
 1166              		.file 6 "Drivers/STM32F4xx_HAL_Driver/Inc/stm32f4xx_hal_gpio.h"
 1167              		.file 7 "Drivers/STM32F4xx_HAL_Driver/Inc/stm32f4xx_hal_can.h"
 1168              		.file 8 "Core/Inc/joint_acc.h"
 1169              		.file 9 "Core/Inc/drv8323s.h"
 1170              		.file 10 "Core/Inc/encoder.h"
 1171              		.file 11 "Core/Inc/pid_utils.h"
 1172              		.file 12 "Core/Inc/lpf.h"
 1173              		.file 13 "Core/Inc/foc_utils.h"
 1174              		.file 14 "Core/Inc/flash.h"
 1175              		.file 15 "Core/Inc/can.h"
 1176              		.file 16 "Core/Inc/math_ops.h"
 1177              		.file 17 "Drivers/STM32F4xx_HAL_Driver/Inc/stm32f4xx_hal_cortex.h"
 1178              		.file 18 "Core/Inc/main.h"
ARM GAS  /tmp/ccj7WfST.s 			page 27


DEFINED SYMBOLS
                            *ABS*:0000000000000000 can.c
     /tmp/ccj7WfST.s:18     .text.MX_CAN1_Init:0000000000000000 $t
     /tmp/ccj7WfST.s:26     .text.MX_CAN1_Init:0000000000000000 MX_CAN1_Init
     /tmp/ccj7WfST.s:100    .text.MX_CAN1_Init:0000000000000040 $d
     /tmp/ccj7WfST.s:106    .text.HAL_CAN_MspInit:0000000000000000 $t
     /tmp/ccj7WfST.s:113    .text.HAL_CAN_MspInit:0000000000000000 HAL_CAN_MspInit
     /tmp/ccj7WfST.s:246    .text.HAL_CAN_MspInit:000000000000008c $d
     /tmp/ccj7WfST.s:252    .text.HAL_CAN_MspDeInit:0000000000000000 $t
     /tmp/ccj7WfST.s:259    .text.HAL_CAN_MspDeInit:0000000000000000 HAL_CAN_MspDeInit
     /tmp/ccj7WfST.s:312    .text.HAL_CAN_MspDeInit:0000000000000040 $d
     /tmp/ccj7WfST.s:318    .text.can_rx_init:0000000000000000 $t
     /tmp/ccj7WfST.s:325    .text.can_rx_init:0000000000000000 can_rx_init
     /tmp/ccj7WfST.s:389    .text.can_rx_init:0000000000000034 $d
     /tmp/ccj7WfST.s:395    .text.can_tx_init:0000000000000000 $t
     /tmp/ccj7WfST.s:402    .text.can_tx_init:0000000000000000 can_tx_init
     /tmp/ccj7WfST.s:427    .text.Master_Pack_Cmd:0000000000000000 $t
     /tmp/ccj7WfST.s:434    .text.Master_Pack_Cmd:0000000000000000 Master_Pack_Cmd
     /tmp/ccj7WfST.s:570    .text.Master_Pack_Cmd:00000000000000a4 $d
     /tmp/ccj7WfST.s:575    .text.Master_Unpack_State:0000000000000000 $t
     /tmp/ccj7WfST.s:582    .text.Master_Unpack_State:0000000000000000 Master_Unpack_State
     /tmp/ccj7WfST.s:685    .text.Master_Unpack_State:0000000000000080 $d
     /tmp/ccj7WfST.s:690    .text.Slave_Unpack_Cmd:0000000000000000 $t
     /tmp/ccj7WfST.s:697    .text.Slave_Unpack_Cmd:0000000000000000 Slave_Unpack_Cmd
     /tmp/ccj7WfST.s:848    .text.Slave_Unpack_Cmd:00000000000000dc $d
     /tmp/ccj7WfST.s:855    .text.Slave_Pack_State:0000000000000000 $t
     /tmp/ccj7WfST.s:862    .text.Slave_Pack_State:0000000000000000 Slave_Pack_State
     /tmp/ccj7WfST.s:1009   .text.Slave_Pack_State:00000000000000c8 $d
     /tmp/ccj7WfST.s:1016   .text.Slave_Unpack_Cmd_2:0000000000000000 $t
     /tmp/ccj7WfST.s:1023   .text.Slave_Unpack_Cmd_2:0000000000000000 Slave_Unpack_Cmd_2
     /tmp/ccj7WfST.s:1069   .text.Slave_Unpack_Cmd_2:0000000000000040 $d
     /tmp/ccj7WfST.s:1076   .text.Slave_Pack_State_2:0000000000000000 $t
     /tmp/ccj7WfST.s:1083   .text.Slave_Pack_State_2:0000000000000000 Slave_Pack_State_2
     /tmp/ccj7WfST.s:1132   .text.Slave_Pack_State_2:0000000000000048 $d
     /tmp/ccj7WfST.s:1145   .bss.can_rx:0000000000000000 can_rx
     /tmp/ccj7WfST.s:1151   .bss.can_tx:0000000000000000 can_tx
     /tmp/ccj7WfST.s:1158   .bss.hcan1:0000000000000000 hcan1
     /tmp/ccj7WfST.s:1142   .bss.can_rx:0000000000000000 $d
     /tmp/ccj7WfST.s:1148   .bss.can_tx:0000000000000000 $d
     /tmp/ccj7WfST.s:1154   .bss.hcan1:0000000000000000 $d

UNDEFINED SYMBOLS
HAL_CAN_Init
Error_Handler
HAL_GPIO_Init
HAL_NVIC_SetPriority
HAL_NVIC_EnableIRQ
HAL_GPIO_DeInit
HAL_NVIC_DisableIRQ
HAL_CAN_ConfigFilter
m_config
float_to_uint
uint_to_float
