Archive member included to satisfy reference by file (symbol)

/usr/lib/gcc/arm-none-eabi/10.3.1/../../../arm-none-eabi/lib/thumb/v7e-m+fp/hard/libc_nano.a(lib_a-atexit.o)
                              /usr/lib/gcc/arm-none-eabi/10.3.1/../../../arm-none-eabi/lib/thumb/v7e-m+fp/hard/crt0.o (atexit)
/usr/lib/gcc/arm-none-eabi/10.3.1/../../../arm-none-eabi/lib/thumb/v7e-m+fp/hard/libc_nano.a(lib_a-atof.o)
                              build/fsm.o (atof)
/usr/lib/gcc/arm-none-eabi/10.3.1/../../../arm-none-eabi/lib/thumb/v7e-m+fp/hard/libc_nano.a(lib_a-atoi.o)
                              build/fsm.o (atoi)
/usr/lib/gcc/arm-none-eabi/10.3.1/../../../arm-none-eabi/lib/thumb/v7e-m+fp/hard/libc_nano.a(lib_a-errno.o)
                              build/sysmem.o (__errno)
/usr/lib/gcc/arm-none-eabi/10.3.1/../../../arm-none-eabi/lib/thumb/v7e-m+fp/hard/libc_nano.a(lib_a-exit.o)
                              /usr/lib/gcc/arm-none-eabi/10.3.1/../../../arm-none-eabi/lib/thumb/v7e-m+fp/hard/crt0.o (exit)
/usr/lib/gcc/arm-none-eabi/10.3.1/../../../arm-none-eabi/lib/thumb/v7e-m+fp/hard/libc_nano.a(lib_a-fini.o)
                              /usr/lib/gcc/arm-none-eabi/10.3.1/../../../arm-none-eabi/lib/thumb/v7e-m+fp/hard/crt0.o (__libc_fini_array)
/usr/lib/gcc/arm-none-eabi/10.3.1/../../../arm-none-eabi/lib/thumb/v7e-m+fp/hard/libc_nano.a(lib_a-impure.o)
                              /usr/lib/gcc/arm-none-eabi/10.3.1/../../../arm-none-eabi/lib/thumb/v7e-m+fp/hard/libc_nano.a(lib_a-exit.o) (_global_impure_ptr)
/usr/lib/gcc/arm-none-eabi/10.3.1/../../../arm-none-eabi/lib/thumb/v7e-m+fp/hard/libc_nano.a(lib_a-init.o)
                              /usr/lib/gcc/arm-none-eabi/10.3.1/../../../arm-none-eabi/lib/thumb/v7e-m+fp/hard/crt0.o (__libc_init_array)
/usr/lib/gcc/arm-none-eabi/10.3.1/../../../arm-none-eabi/lib/thumb/v7e-m+fp/hard/libc_nano.a(lib_a-memcpy.o)
                              build/queue.o (memcpy)
/usr/lib/gcc/arm-none-eabi/10.3.1/../../../arm-none-eabi/lib/thumb/v7e-m+fp/hard/libc_nano.a(lib_a-memset.o)
                              /usr/lib/gcc/arm-none-eabi/10.3.1/../../../arm-none-eabi/lib/thumb/v7e-m+fp/hard/crt0.o (memset)
/usr/lib/gcc/arm-none-eabi/10.3.1/../../../arm-none-eabi/lib/thumb/v7e-m+fp/hard/libc_nano.a(lib_a-nano-vfprintf_float.o)
                              (_printf_float)
/usr/lib/gcc/arm-none-eabi/10.3.1/../../../arm-none-eabi/lib/thumb/v7e-m+fp/hard/libc_nano.a(lib_a-nano-vfprintf_i.o)
                              /usr/lib/gcc/arm-none-eabi/10.3.1/../../../arm-none-eabi/lib/thumb/v7e-m+fp/hard/libc_nano.a(lib_a-nano-vfprintf_float.o) (_printf_common)
/usr/lib/gcc/arm-none-eabi/10.3.1/../../../arm-none-eabi/lib/thumb/v7e-m+fp/hard/libc_nano.a(lib_a-printf.o)
                              build/main.o (printf)
/usr/lib/gcc/arm-none-eabi/10.3.1/../../../arm-none-eabi/lib/thumb/v7e-m+fp/hard/libc_nano.a(lib_a-puts.o)
                              build/main.o (puts)
/usr/lib/gcc/arm-none-eabi/10.3.1/../../../arm-none-eabi/lib/thumb/v7e-m+fp/hard/libc_nano.a(lib_a-strlen.o)
                              /usr/lib/gcc/arm-none-eabi/10.3.1/../../../arm-none-eabi/lib/thumb/v7e-m+fp/hard/libc_nano.a(lib_a-nano-vfprintf_float.o) (strlen)
/usr/lib/gcc/arm-none-eabi/10.3.1/../../../arm-none-eabi/lib/thumb/v7e-m+fp/hard/libc_nano.a(lib_a-strtod.o)
                              /usr/lib/gcc/arm-none-eabi/10.3.1/../../../arm-none-eabi/lib/thumb/v7e-m+fp/hard/libc_nano.a(lib_a-atof.o) (strtod)
/usr/lib/gcc/arm-none-eabi/10.3.1/../../../arm-none-eabi/lib/thumb/v7e-m+fp/hard/libc_nano.a(lib_a-strtol.o)
                              /usr/lib/gcc/arm-none-eabi/10.3.1/../../../arm-none-eabi/lib/thumb/v7e-m+fp/hard/libc_nano.a(lib_a-atoi.o) (_strtol_r)
/usr/lib/gcc/arm-none-eabi/10.3.1/../../../arm-none-eabi/lib/thumb/v7e-m+fp/hard/libc_nano.a(lib_a-wbuf.o)
                              /usr/lib/gcc/arm-none-eabi/10.3.1/../../../arm-none-eabi/lib/thumb/v7e-m+fp/hard/libc_nano.a(lib_a-puts.o) (__swbuf_r)
/usr/lib/gcc/arm-none-eabi/10.3.1/../../../arm-none-eabi/lib/thumb/v7e-m+fp/hard/libc_nano.a(lib_a-wsetup.o)
                              /usr/lib/gcc/arm-none-eabi/10.3.1/../../../arm-none-eabi/lib/thumb/v7e-m+fp/hard/libc_nano.a(lib_a-puts.o) (__swsetup_r)
/usr/lib/gcc/arm-none-eabi/10.3.1/../../../arm-none-eabi/lib/thumb/v7e-m+fp/hard/libc_nano.a(lib_a-__atexit.o)
                              /usr/lib/gcc/arm-none-eabi/10.3.1/../../../arm-none-eabi/lib/thumb/v7e-m+fp/hard/libc_nano.a(lib_a-atexit.o) (__register_exitproc)
/usr/lib/gcc/arm-none-eabi/10.3.1/../../../arm-none-eabi/lib/thumb/v7e-m+fp/hard/libc_nano.a(lib_a-__call_atexit.o)
                              /usr/lib/gcc/arm-none-eabi/10.3.1/../../../arm-none-eabi/lib/thumb/v7e-m+fp/hard/libc_nano.a(lib_a-__atexit.o) (__call_exitprocs)
/usr/lib/gcc/arm-none-eabi/10.3.1/../../../arm-none-eabi/lib/thumb/v7e-m+fp/hard/libc_nano.a(lib_a-ctype_.o)
[...]
Memory Configuration

Name             Origin             Length             Attributes
RAM              0x0000000020000000 0x0000000000020000 xrw
CCMRAM           0x0000000010000000 0x0000000000010000 xrw
FLASH            0x0000000008000000 0x0000000000100000 xr
*default*        0x0000000000000000 0xffffffffffffffff

Linker script and memory map

LOAD /usr/lib/gcc/arm-none-eabi/10.3.1/thumb/v7e-m+fp/hard/crti.o
LOAD /usr/lib/gcc/arm-none-eabi/10.3.1/thumb/v7e-m+fp/hard/crtbegin.o
LOAD /usr/lib/gcc/arm-none-eabi/10.3.1/../../../arm-none-eabi/lib/thumb/v7e-m+fp/hard/crt0.o
LOAD build/main.o
LOAD build/stm32f4xx_it.o
LOAD build/stm32f4xx_hal_msp.o
LOAD build/stm32f4xx_hal_timebase_tim.o
LOAD build/stm32f4xx_hal_tim.o
LOAD build/stm32f4xx_hal_tim_ex.o
LOAD build/stm32f4xx_hal_rcc.o
LOAD build/stm32f4xx_hal_rcc_ex.o
LOAD build/stm32f4xx_hal_flash.o
LOAD build/stm32f4xx_hal_flash_ex.o
LOAD build/stm32f4xx_hal_flash_ramfunc.o
LOAD build/stm32f4xx_hal_gpio.o
LOAD build/stm32f4xx_hal_dma_ex.o
LOAD build/stm32f4xx_hal_dma.o
LOAD build/stm32f4xx_hal_pwr.o
LOAD build/stm32f4xx_hal_pwr_ex.o
LOAD build/stm32f4xx_hal_cortex.o
LOAD build/stm32f4xx_hal.o
LOAD build/stm32f4xx_hal_exti.o
LOAD build/stm32f4xx_hal_can.o
LOAD build/stm32f4xx_hal_spi.o
LOAD build/stm32f4xx_hal_uart.o
LOAD build/system_stm32f4xx.o
LOAD build/sysmem.o
LOAD build/syscalls.o
LOAD build/stm32f4xx_hal_i2c.o
LOAD build/stm32f4xx_hal_i2c_ex.o
LOAD build/freertos.o
LOAD build/croutine.o
LOAD build/event_groups.o
LOAD build/list.o
LOAD build/queue.o
LOAD build/stream_buffer.o
LOAD build/tasks.o
LOAD build/timers.o
LOAD build/cmsis_os2.o
LOAD build/heap_4.o
LOAD build/port.o
LOAD build/flash.o
LOAD build/config.o
LOAD build/as5048a.o
LOAD build/drv8323s.o
LOAD build/encoder.o
LOAD build/foc_math.o
LOAD build/foc_utils.o
LOAD build/fsm.o
LOAD build/pid_utils.o
LOAD build/spi.o
LOAD build/can.o
LOAD build/uart.o
LOAD build/startup_stm32f405xx.o
LOAD /usr/lib/gcc/arm-none-eabi/10.3.1/../../../arm-none-eabi/lib/thumb/v7e-m+fp/hard/libc_nano.a
LOAD /usr/lib/gcc/arm-none-eabi/10.3.1/../../../arm-none-eabi/lib/thumb/v7e-m+fp/hard/libm.a
LOAD /usr/lib/gcc/arm-none-eabi/10.3.1/../../../arm-none-eabi/lib/thumb/v7e-m+fp/hard/libnosys.a
START GROUP
LOAD /usr/lib/gcc/arm-none-eabi/10.3.1/thumb/v7e-m+fp/hard/libgcc.a
LOAD /usr/lib/gcc/arm-none-eabi/10.3.1/../../../arm-none-eabi/lib/thumb/v7e-m+fp/hard/libc_nano.a
END GROUP
START GROUP
LOAD /usr/lib/gcc/arm-none-eabi/10.3.1/thumb/v7e-m+fp/hard/libgcc.a
LOAD /usr/lib/gcc/arm-none-eabi/10.3.1/../../../arm-none-eabi/lib/thumb/v7e-m+fp/hard/libc_nano.a
END GROUP
LOAD /usr/lib/gcc/arm-none-eabi/10.3.1/thumb/v7e-m+fp/hard/crtend.o
LOAD /usr/lib/gcc/arm-none-eabi/10.3.1/thumb/v7e-m+fp/hard/crtn.o
                0x0000000020020000                _estack = (ORIGIN (RAM) + LENGTH (RAM))
                0x000000002001fc00                _sstack = (_estack - _Min_Stack_Size)
                0x0000000000000200                _Min_Heap_Size = 0x200
                0x0000000000000400                _Min_Stack_Size = 0x400

.isr_vector     0x0000000008000000      0x188
                0x0000000008000000                . = ALIGN (0x4)
 *(.isr_vector)
 .isr_vector    0x0000000008000000      0x188 build/startup_stm32f405xx.o
                0x0000000008000000                g_pfnVectors
                0x0000000008000188                . = ALIGN (0x4)

.text           0x00000000080001c0    0x1132c
                0x00000000080001c0                . = ALIGN (0x4)
 *(.text)
 .text          0x00000000080001c0       0x88 /usr/lib/gcc/arm-none-eabi/10.3.1/thumb/v7e-m+fp/hard/crtbegin.o
 .text          0x0000000008000248        0x8 /usr/lib/gcc/arm-none-eabi/10.3.1/../../../arm-none-eabi/lib/thumb/v7e-m+fp/hard/libc_nano.a(lib_a-atof.o)
                0x0000000008000248                atof
 .text          0x0000000008000250       0x10 /usr/lib/gcc/arm-none-eabi/10.3.1/../../../arm-none-eabi/lib/thumb/v7e-m+fp/hard/libc_nano.a(lib_a-atoi.o)
                0x0000000008000250                atoi
                0x0000000008000258                _atoi_r
 .text          0x0000000008000260        0xc /usr/lib/gcc/arm-none-eabi/10.3.1/../../../arm-none-eabi/lib/thumb/v7e-m+fp/hard/libc_nano.a(lib_a-errno.o)
                0x0000000008000260                __errno
 .text          0x000000000800026c       0x48 /usr/lib/gcc/arm-none-eabi/10.3.1/../../../arm-none-eabi/lib/thumb/v7e-m+fp/hard/libc_nano.a(lib_a-init.o)
                0x000000000800026c                __libc_init_array
 .text          0x00000000080002b4      0x134 /usr/lib/gcc/arm-none-eabi/10.3.1/../../../arm-none-eabi/lib/thumb/v7e-m+fp/hard/libc_nano.a(lib_a-memcpy.o)
                0x00000000080002b4                memcpy
 .text          0x00000000080003e8       0xa4 /usr/lib/gcc/arm-none-eabi/10.3.1/../../../arm-none-eabi/lib/thumb/v7e-m+fp/hard/libc_nano.a(lib_a-memset.o)
                0x00000000080003e8                memset
 .text          0x000000000800048c      0x6cc /usr/lib/gcc/arm-none-eabi/10.3.1/../../../arm-none-eabi/lib/thumb/v7e-m+fp/hard/libc_nano.a(lib_a-nano-vfprintf_float.o)
                0x000000000800048c                __cvt
                0x0000000008000588                __exponent
                0x0000000008000624                _printf_float
 .text          0x0000000008000b58      0x3dc /usr/lib/gcc/arm-none-eabi/10.3.1/../../../arm-none-eabi/lib/thumb/v7e-m+fp/hard/libc_nano.a(lib_a-nano-vfprintf_i.o)
                0x0000000008000b58                _printf_common
                0x0000000008000c84                _printf_i
 .text          0x0000000008000f34       0x60 /usr/lib/gcc/arm-none-eabi/10.3.1/../../../arm-none-eabi/lib/thumb/v7e-m+fp/hard/libc_nano.a(lib_a-printf.o)
                0x0000000008000f34                _printf_r
                0x0000000008000f34                _iprintf_r
                0x0000000008000f60                printf
                0x0000000008000f60                iprintf
 .text          0x0000000008000f94       0xec /usr/lib/gcc/arm-none-eabi/10.3.1/../../../arm-none-eabi/lib/thumb/v7e-m+fp/hard/libc_nano.a(lib_a-puts.o)
                0x0000000008000f94                _puts_r
                0x0000000008001070                puts
 .text          0x0000000008001080       0xdc /usr/lib/gcc/arm-none-eabi/10.3.1/../../../arm-none-eabi/lib/thumb/v7e-m+fp/hard/libc_nano.a(lib_a-strlen.o)
                0x0000000008001080                strlen
 *fill*         0x000000000800115c        0x4 
 .text          0x0000000008001160     0x1104 /usr/lib/gcc/arm-none-eabi/10.3.1/../../../arm-none-eabi/lib/thumb/v7e-m+fp/hard/libc_nano.a(lib_a-strtod.o)
                0x0000000008001160                _strtod_l
                0x00000000080020b0                _strtod_r
                0x00000000080020bc                strtod_l
                0x00000000080020d8                strtod
                0x00000000080020f8                strtof_l
                0x00000000080021ac                strtof
 .text          0x0000000008002264      0x188 /usr/lib/gcc/arm-none-eabi/10.3.1/../../../arm-none-eabi/lib/thumb/v7e-m+fp/hard/libc_nano.a(lib_a-strtol.o)
                0x0000000008002384                _strtol_r
                0x000000000800239c                strtol_l
                0x00000000080023c4                strtol
 .text          0x00000000080023ec       0xc8 /usr/lib/gcc/arm-none-eabi/10.3.1/../../../arm-none-eabi/lib/thumb/v7e-m+fp/hard/libc_nano.a(lib_a-wbuf.o)
                0x00000000080023ec                __swbuf_r
                0x000000000800249c                __swbuf
 .text          0x00000000080024b4      0x104 /usr/lib/gcc/arm-none-eabi/10.3.1/../../../arm-none-eabi/lib/thumb/v7e-m+fp/hard/libc_nano.a(lib_a-wsetup.o)
                0x00000000080024b4                __swsetup_r
 .text          0x00000000080025b8     0x10a4 /usr/lib/gcc/arm-none-eabi/10.3.1/../../../arm-none-eabi/lib/thumb/v7e-m+fp/hard/libc_nano.a(lib_a-dtoa.o)
                0x00000000080026e0                _dtoa_r
 .text          0x000000000800365c      0x1e8 /usr/lib/gcc/arm-none-eabi/10.3.1/../../../arm-none-eabi/lib/thumb/v7e-m+fp/hard/libc_nano.a(lib_a-fflush.o)
                0x000000000800365c                __sflush_r
                0x0000000008003770                _fflush_r
                0x00000000080037c4                fflush
 .text          0x0000000008003844      0x238 /usr/lib/gcc/arm-none-eabi/10.3.1/../../../arm-none-eabi/lib/thumb/v7e-m+fp/hard/libc_nano.a(lib_a-findfp.o)
                0x0000000008003848                _cleanup_r
                0x0000000008003858                __sfmoreglue
                0x0000000008003888                __sfp
                0x0000000008003a28                _cleanup
                0x0000000008003a3c                __sinit
                0x0000000008003a44                __sfp_lock_acquire
                0x0000000008003a48                __sfp_lock_release
                0x0000000008003a4c                __sinit_lock_acquire
                0x0000000008003a50                __sinit_lock_release
                0x0000000008003a54                __fp_lock_all
                0x0000000008003a68                __fp_unlock_all
 .text          0x0000000008003a7c       0x88 /usr/lib/gcc/arm-none-eabi/10.3.1/../../../arm-none-eabi/lib/thumb/v7e-m+fp/hard/libc_nano.a(lib_a-fwalk.o)
                0x0000000008003a7c                _fwalk
                0x0000000008003abc                _fwalk_reent
 .text          0x0000000008003b04      0x67c /usr/lib/gcc/arm-none-eabi/10.3.1/../../../arm-none-eabi/lib/thumb/v7e-m+fp/hard/libc_nano.a(lib_a-gdtoa-gethex.o)
                0x0000000008003ba8                __gethex
 .text          0x0000000008004180      0x1e4 /usr/lib/gcc/arm-none-eabi/10.3.1/../../../arm-none-eabi/lib/thumb/v7e-m+fp/hard/libc_nano.a(lib_a-gdtoa-hexnan.o)
                0x0000000008004180                __match
                0x00000000080041b8                __hexnan
 .text          0x0000000008004364       0x14 /usr/lib/gcc/arm-none-eabi/10.3.1/../../../arm-none-eabi/lib/thumb/v7e-m+fp/hard/libc_nano.a(lib_a-localeconv.o)
                0x0000000008004364                __localeconv_l
                0x0000000008004368                _localeconv_r
                0x0000000008004370                localeconv
 .text          0x0000000008004378      0x11c /usr/lib/gcc/arm-none-eabi/10.3.1/../../../arm-none-eabi/lib/thumb/v7e-m+fp/hard/libc_nano.a(lib_a-makebuf.o)
                0x0000000008004378                __smakebuf_r
                0x0000000008004438                __swhatbuf_r
 .text          0x0000000008004494       0x20 /usr/lib/gcc/arm-none-eabi/10.3.1/../../../arm-none-eabi/lib/thumb/v7e-m+fp/hard/libc_nano.a(lib_a-malloc.o)
                0x0000000008004494                malloc
                0x00000000080044a4                free
 .text          0x00000000080044b4       0x40 /usr/lib/gcc/arm-none-eabi/10.3.1/../../../arm-none-eabi/lib/thumb/v7e-m+fp/hard/libc_nano.a(lib_a-mbtowc_r.o)
                0x00000000080044b4                _mbtowc_r
                0x00000000080044c8                __ascii_mbtowc
 *fill*         0x00000000080044f4        0xc 
 .text          0x0000000008004500       0xa0 /usr/lib/gcc/arm-none-eabi/10.3.1/../../../arm-none-eabi/lib/thumb/v7e-m+fp/hard/libc_nano.a(lib_a-memchr.o)
                0x0000000008004500                memchr
 .text          0x00000000080045a0      0xaec /usr/lib/gcc/arm-none-eabi/10.3.1/../../../arm-none-eabi/lib/thumb/v7e-m+fp/hard/libc_nano.a(lib_a-mprec.o)
                0x00000000080045a0                _Balloc
                0x0000000008004620                _Bfree
                0x0000000008004668                __multadd
                0x000000000800470c                __s2b
                0x00000000080047c0                __hi0bits
                0x0000000008004800                __lo0bits
                0x0000000008004860                __i2b
                0x000000000800488c                __multiply
                0x00000000080049e8                __pow5mult
                0x0000000008004ac8                __lshift
                0x0000000008004bb0                __mcmp
                0x0000000008004bf4                __mdiff
                0x0000000008004d40                __ulp
                0x0000000008004da0                __b2d
                0x0000000008004e60                __d2b
                0x0000000008004f30                __ratio
                0x0000000008004f8c                _mprec_log10
                0x0000000008004fcc                __copybits
                0x0000000008005028                __any_on
 .text          0x000000000800508c       0x1c /usr/lib/gcc/arm-none-eabi/10.3.1/../../../arm-none-eabi/lib/thumb/v7e-m+fp/hard/libc_nano.a(lib_a-nano-callocr.o)
                0x000000000800508c                _calloc_r
 .text          0x00000000080050a8       0xc4 /usr/lib/gcc/arm-none-eabi/10.3.1/../../../arm-none-eabi/lib/thumb/v7e-m+fp/hard/libc_nano.a(lib_a-nano-freer.o)
                0x00000000080050a8                _free_r
 .text          0x000000000800516c       0xb4 /usr/lib/gcc/arm-none-eabi/10.3.1/../../../arm-none-eabi/lib/thumb/v7e-m+fp/hard/libc_nano.a(lib_a-nano-mallocr.o)
                0x000000000800516c                _malloc_r
 .text          0x0000000008005220      0x328 /usr/lib/gcc/arm-none-eabi/10.3.1/../../../arm-none-eabi/lib/thumb/v7e-m+fp/hard/libc_nano.a(lib_a-nano-vfprintf.o)
                0x000000000800525c                __sfputs_r
                0x000000000800528c                __sprint_r
                0x00000000080052a8                _vfiprintf_r
                0x00000000080052a8                _vfprintf_r
                0x000000000800552c                vfiprintf
                0x000000000800552c                vfprintf
 .text          0x0000000008005548       0x10 /usr/lib/gcc/arm-none-eabi/10.3.1/../../../arm-none-eabi/lib/thumb/v7e-m+fp/hard/libc_nano.a(lib_a-s_nan.o)
                0x0000000008005548                nan
 .text          0x0000000008005558       0x24 /usr/lib/gcc/arm-none-eabi/10.3.1/../../../arm-none-eabi/lib/thumb/v7e-m+fp/hard/libc_nano.a(lib_a-sbrkr.o)
                0x0000000008005558                _sbrk_r
 .text          0x000000000800557c        0xc /usr/lib/gcc/arm-none-eabi/10.3.1/../../../arm-none-eabi/lib/thumb/v7e-m+fp/hard/libc_nano.a(lib_a-sf_nan.o)
                0x000000000800557c                nanf
 .text          0x0000000008005588       0x90 /usr/lib/gcc/arm-none-eabi/10.3.1/../../../arm-none-eabi/lib/thumb/v7e-m+fp/hard/libc_nano.a(lib_a-stdio.o)
                0x0000000008005588                __sread
                0x00000000080055ac                __seofread
                0x00000000080055b0                __swrite
                0x00000000080055f0                __sseek
                0x0000000008005610                __sclose
 .text          0x0000000008005618       0x80 /usr/lib/gcc/arm-none-eabi/10.3.1/../../../arm-none-eabi/lib/thumb/v7e-m+fp/hard/libc_nano.a(lib_a-strncmp.o)
                0x0000000008005618                strncmp
 .text          0x0000000008005698       0x30 /usr/lib/gcc/arm-none-eabi/10.3.1/../../../arm-none-eabi/lib/thumb/v7e-m+fp/hard/libc_nano.a(lib_a-wctomb_r.o)
                0x0000000008005698                _wctomb_r
                0x00000000080056ac                __ascii_wctomb
 .text          0x00000000080056c8       0x2c /usr/lib/gcc/arm-none-eabi/10.3.1/../../../arm-none-eabi/lib/thumb/v7e-m+fp/hard/libc_nano.a(lib_a-writer.o)
                0x00000000080056c8                _write_r
 .text          0x00000000080056f4       0x4c /usr/lib/gcc/arm-none-eabi/10.3.1/../../../arm-none-eabi/lib/thumb/v7e-m+fp/hard/libc_nano.a(lib_a-assert.o)
                0x00000000080056f4                __assert_func
                0x0000000008005734                __assert
 .text          0x0000000008005740       0x24 /usr/lib/gcc/arm-none-eabi/10.3.1/../../../arm-none-eabi/lib/thumb/v7e-m+fp/hard/libc_nano.a(lib_a-closer.o)
                0x0000000008005740                _close_r
 .text          0x0000000008005764       0x44 /usr/lib/gcc/arm-none-eabi/10.3.1/../../../arm-none-eabi/lib/thumb/v7e-m+fp/hard/libc_nano.a(lib_a-fprintf.o)
                0x0000000008005764                _fprintf_r
                0x0000000008005764                _fiprintf_r
                0x0000000008005780                fprintf
                0x0000000008005780                fiprintf
 .text          0x00000000080057a8       0x2c /usr/lib/gcc/arm-none-eabi/10.3.1/../../../arm-none-eabi/lib/thumb/v7e-m+fp/hard/libc_nano.a(lib_a-fstatr.o)
                0x00000000080057a8                _fstat_r
 .text          0x00000000080057d4      0x2f0 /usr/lib/gcc/arm-none-eabi/10.3.1/../../../arm-none-eabi/lib/thumb/v7e-m+fp/hard/libc_nano.a(lib_a-fvwrite.o)
                0x00000000080057d4                __sfvwrite_r
 .text          0x0000000008005ac4       0x24 /usr/lib/gcc/arm-none-eabi/10.3.1/../../../arm-none-eabi/lib/thumb/v7e-m+fp/hard/libc_nano.a(lib_a-isattyr.o)
                0x0000000008005ac4                _isatty_r
 .text          0x0000000008005ae8       0x2c /usr/lib/gcc/arm-none-eabi/10.3.1/../../../arm-none-eabi/lib/thumb/v7e-m+fp/hard/libc_nano.a(lib_a-lseekr.o)
                0x0000000008005ae8                _lseek_r
 .text          0x0000000008005b14       0xf8 /usr/lib/gcc/arm-none-eabi/10.3.1/../../../arm-none-eabi/lib/thumb/v7e-m+fp/hard/libc_nano.a(lib_a-memmove.o)
                0x0000000008005b14                memmove
 .text          0x0000000008005c0c        0x8 /usr/lib/gcc/arm-none-eabi/10.3.1/../../../arm-none-eabi/lib/thumb/v7e-m+fp/hard/libc_nano.a(lib_a-mlock.o)
                0x0000000008005c0c                __malloc_lock
                0x0000000008005c10                __malloc_unlock
 .text          0x0000000008005c14       0x50 /usr/lib/gcc/arm-none-eabi/10.3.1/../../../arm-none-eabi/lib/thumb/v7e-m+fp/hard/libc_nano.a(lib_a-nano-reallocr.o)
                0x0000000008005c14                _realloc_r
 .text          0x0000000008005c64       0x2c /usr/lib/gcc/arm-none-eabi/10.3.1/../../../arm-none-eabi/lib/thumb/v7e-m+fp/hard/libc_nano.a(lib_a-readr.o)
                0x0000000008005c64                _read_r
 .text          0x0000000008005c90       0x10 /usr/lib/gcc/arm-none-eabi/10.3.1/../../../arm-none-eabi/lib/thumb/v7e-m+fp/hard/libc_nano.a(lib_a-abort.o)
                0x0000000008005c90                abort
 .text          0x0000000008005ca0       0x14 /usr/lib/gcc/arm-none-eabi/10.3.1/../../../arm-none-eabi/lib/thumb/v7e-m+fp/hard/libc_nano.a(lib_a-nano-msizer.o)
                0x0000000008005ca0                _malloc_usable_size_r
 .text          0x0000000008005cb4      0x268 /usr/lib/gcc/arm-none-eabi/10.3.1/../../../arm-none-eabi/lib/thumb/v7e-m+fp/hard/libc_nano.a(lib_a-signal.o)
                0x0000000008005cb4                _init_signal_r
                0x0000000008005ce0                _signal_r
                0x0000000008005d28                _raise_r
                0x0000000008005d7c                __sigtramp_r
                0x0000000008005ddc                raise
                0x0000000008005e34                signal
                0x0000000008005e84                _init_signal
                0x0000000008005eb8                __sigtramp
 .text          0x0000000008005f1c       0x30 /usr/lib/gcc/arm-none-eabi/10.3.1/../../../arm-none-eabi/lib/thumb/v7e-m+fp/hard/libc_nano.a(lib_a-signalr.o)
                0x0000000008005f1c                _kill_r
                0x0000000008005f48                _getpid_r
 .text          0x0000000008005f4c       0xa0 /usr/lib/gcc/arm-none-eabi/10.3.1/../../../arm-none-eabi/lib/thumb/v7e-m+fp/hard/libm.a(lib_a-s_round.o)
                0x0000000008005f4c                round
 .text          0x0000000008005fec       0x70 /usr/lib/gcc/arm-none-eabi/10.3.1/../../../arm-none-eabi/lib/thumb/v7e-m+fp/hard/libm.a(lib_a-sf_cos.o)
                0x0000000008005fec                cosf
 .text          0x000000000800605c       0x8c /usr/lib/gcc/arm-none-eabi/10.3.1/../../../arm-none-eabi/lib/thumb/v7e-m+fp/hard/libm.a(lib_a-sf_floor.o)
                0x000000000800605c                floorf
 .text          0x00000000080060e8       0x3c /usr/lib/gcc/arm-none-eabi/10.3.1/../../../arm-none-eabi/lib/thumb/v7e-m+fp/hard/libm.a(lib_a-sf_fmax.o)
                0x00000000080060e8                fmaxf
 .text          0x0000000008006124       0x3c /usr/lib/gcc/arm-none-eabi/10.3.1/../../../arm-none-eabi/lib/thumb/v7e-m+fp/hard/libm.a(lib_a-sf_fmin.o)
                0x0000000008006124                fminf
 .text          0x0000000008006160       0x38 /usr/lib/gcc/arm-none-eabi/10.3.1/../../../arm-none-eabi/lib/thumb/v7e-m+fp/hard/libm.a(lib_a-sf_fpclassify.o)
                0x0000000008006160                __fpclassifyf
 .text          0x0000000008006198       0x74 /usr/lib/gcc/arm-none-eabi/10.3.1/../../../arm-none-eabi/lib/thumb/v7e-m+fp/hard/libm.a(lib_a-sf_sin.o)
                0x0000000008006198                sinf
 .text          0x000000000800620c        0x4 /usr/lib/gcc/arm-none-eabi/10.3.1/../../../arm-none-eabi/lib/thumb/v7e-m+fp/hard/libm.a(lib_a-wf_atan2.o)
                0x000000000800620c                atan2f
 .text          0x0000000008006210       0x54 /usr/lib/gcc/arm-none-eabi/10.3.1/../../../arm-none-eabi/lib/thumb/v7e-m+fp/hard/libm.a(lib_a-wf_fmod.o)
                0x0000000008006210                fmodf
 .text          0x0000000008006264       0x50 /usr/lib/gcc/arm-none-eabi/10.3.1/../../../arm-none-eabi/lib/thumb/v7e-m+fp/hard/libm.a(lib_a-wf_sqrt.o)
                0x0000000008006264                sqrtf
 .text          0x00000000080062b4      0x14c /usr/lib/gcc/arm-none-eabi/10.3.1/../../../arm-none-eabi/lib/thumb/v7e-m+fp/hard/libm.a(lib_a-ef_atan2.o)
                0x00000000080062b4                __ieee754_atan2f
 .text          0x0000000008006400      0x120 /usr/lib/gcc/arm-none-eabi/10.3.1/../../../arm-none-eabi/lib/thumb/v7e-m+fp/hard/libm.a(lib_a-ef_fmod.o)
                0x0000000008006400                __ieee754_fmodf
 .text          0x0000000008006520      0x264 /usr/lib/gcc/arm-none-eabi/10.3.1/../../../arm-none-eabi/lib/thumb/v7e-m+fp/hard/libm.a(lib_a-ef_rem_pio2.o)
                0x0000000008006520                __ieee754_rem_pio2f
 .text          0x0000000008006784        0x8 /usr/lib/gcc/arm-none-eabi/10.3.1/../../../arm-none-eabi/lib/thumb/v7e-m+fp/hard/libm.a(lib_a-ef_sqrt.o)
                0x0000000008006784                __ieee754_sqrtf
 .text          0x000000000800678c      0x104 /usr/lib/gcc/arm-none-eabi/10.3.1/../../../arm-none-eabi/lib/thumb/v7e-m+fp/hard/libm.a(lib_a-kf_cos.o)
                0x000000000800678c                __kernel_cosf
 .text          0x0000000008006890      0x674 /usr/lib/gcc/arm-none-eabi/10.3.1/../../../arm-none-eabi/lib/thumb/v7e-m+fp/hard/libm.a(lib_a-kf_rem_pio2.o)
                0x0000000008006890                __kernel_rem_pio2f
 .text          0x0000000008006f04       0x90 /usr/lib/gcc/arm-none-eabi/10.3.1/../../../arm-none-eabi/lib/thumb/v7e-m+fp/hard/libm.a(lib_a-kf_sin.o)
                0x0000000008006f04                __kernel_sinf
 .text          0x0000000008006f94      0x1a8 /usr/lib/gcc/arm-none-eabi/10.3.1/../../../arm-none-eabi/lib/thumb/v7e-m+fp/hard/libm.a(lib_a-sf_atan.o)
                0x0000000008006f94                atanf
 .text          0x000000000800713c       0x10 /usr/lib/gcc/arm-none-eabi/10.3.1/../../../arm-none-eabi/lib/thumb/v7e-m+fp/hard/libm.a(lib_a-sf_fabs.o)
                0x000000000800713c                fabsf
 .text          0x000000000800714c       0xe4 /usr/lib/gcc/arm-none-eabi/10.3.1/../../../arm-none-eabi/lib/thumb/v7e-m+fp/hard/libm.a(lib_a-sf_scalbn.o)
                0x000000000800714c                scalbnf
 .text          0x0000000008007230      0x378 /usr/lib/gcc/arm-none-eabi/10.3.1/thumb/v7e-m+fp/hard/libgcc.a(_arm_addsubdf3.o)
                0x0000000008007230                __aeabi_drsub
                0x0000000008007238                __aeabi_dsub
                0x0000000008007238                __subdf3
                0x000000000800723c                __adddf3
                0x000000000800723c                __aeabi_dadd
                0x00000000080074b4                __aeabi_ui2d
                0x00000000080074b4                __floatunsidf
                0x00000000080074d4                __floatsidf
                0x00000000080074d4                __aeabi_i2d
                0x00000000080074f8                __extendsfdf2
                0x00000000080074f8                __aeabi_f2d
                0x000000000800753c                __aeabi_ul2d
                0x000000000800753c                __floatundidf
                0x000000000800754c                __floatdidf
                0x000000000800754c                __aeabi_l2d
 .text          0x00000000080075a8      0x424 /usr/lib/gcc/arm-none-eabi/10.3.1/thumb/v7e-m+fp/hard/libgcc.a(_arm_muldivdf3.o)
                0x00000000080075a8                __aeabi_dmul
                0x00000000080075a8                __muldf3
                0x00000000080077fc                __aeabi_ddiv
                0x00000000080077fc                __divdf3
 .text          0x00000000080079cc      0x110 /usr/lib/gcc/arm-none-eabi/10.3.1/thumb/v7e-m+fp/hard/libgcc.a(_arm_cmpdf2.o)
                0x00000000080079cc                __gtdf2
                0x00000000080079cc                __gedf2
                0x00000000080079d4                __ltdf2
                0x00000000080079d4                __ledf2
                0x00000000080079dc                __cmpdf2
                0x00000000080079dc                __eqdf2
                0x00000000080079dc                __nedf2
                0x0000000008007a58                __aeabi_cdrcmple
                0x0000000008007a68                __aeabi_cdcmple
                0x0000000008007a68                __aeabi_cdcmpeq
                0x0000000008007a78                __aeabi_dcmpeq
                0x0000000008007a8c                __aeabi_dcmplt
                0x0000000008007aa0                __aeabi_dcmple
                0x0000000008007ab4                __aeabi_dcmpge
                0x0000000008007ac8                __aeabi_dcmpgt
 .text          0x0000000008007adc       0x2c /usr/lib/gcc/arm-none-eabi/10.3.1/thumb/v7e-m+fp/hard/libgcc.a(_arm_unorddf2.o)
                0x0000000008007adc                __aeabi_dcmpun
                0x0000000008007adc                __unorddf2
 .text          0x0000000008007b08       0x50 /usr/lib/gcc/arm-none-eabi/10.3.1/thumb/v7e-m+fp/hard/libgcc.a(_arm_fixdfsi.o)
                0x0000000008007b08                __fixdfsi
                0x0000000008007b08                __aeabi_d2iz
 .text          0x0000000008007b58       0x40 /usr/lib/gcc/arm-none-eabi/10.3.1/thumb/v7e-m+fp/hard/libgcc.a(_arm_fixunsdfsi.o)
                0x0000000008007b58                __fixunsdfsi
                0x0000000008007b58                __aeabi_d2uiz
 .text          0x0000000008007b98       0xa0 /usr/lib/gcc/arm-none-eabi/10.3.1/thumb/v7e-m+fp/hard/libgcc.a(_arm_truncdfsf2.o)
                0x0000000008007b98                __aeabi_d2f
                0x0000000008007b98                __truncdfsf2
 .text          0x0000000008007c38       0x30 /usr/lib/gcc/arm-none-eabi/10.3.1/thumb/v7e-m+fp/hard/libgcc.a(_aeabi_uldivmod.o)
                0x0000000008007c38                __aeabi_uldivmod
 .text          0x0000000008007c68       0x30 /usr/lib/gcc/arm-none-eabi/10.3.1/thumb/v7e-m+fp/hard/libgcc.a(_fixdfdi.o)
                0x0000000008007c68                __aeabi_d2lz
                0x0000000008007c68                __fixdfdi
 .text          0x0000000008007c98       0x3c /usr/lib/gcc/arm-none-eabi/10.3.1/thumb/v7e-m+fp/hard/libgcc.a(_fixunsdfdi.o)
                0x0000000008007c98                __aeabi_d2ulz
                0x0000000008007c98                __fixunsdfdi
 .text          0x0000000008007cd4      0x2d0 /usr/lib/gcc/arm-none-eabi/10.3.1/thumb/v7e-m+fp/hard/libgcc.a(_udivmoddi4.o)
                0x0000000008007cd4                __udivmoddi4
 .text          0x0000000008007fa4        0x4 /usr/lib/gcc/arm-none-eabi/10.3.1/thumb/v7e-m+fp/hard/libgcc.a(_dvmd_tls.o)
                0x0000000008007fa4                __aeabi_ldiv0
                0x0000000008007fa4                __aeabi_idiv0
 *(.text*)
 .text.MX_GPIO_Init
                0x0000000008007fa8       0x60 build/main.o
 .text.MX_DMA_Init
                0x0000000008008008       0x98 build/main.o
 .text.ErrorTask
                0x00000000080080a0       0x88 build/main.o
                0x00000000080080a0                ErrorTask
 .text.StartCalibrationTask
                0x0000000008008128       0x98 build/main.o
                0x0000000008008128                StartCalibrationTask
 .text.control_init
                0x00000000080081c0      0x1a4 build/main.o
                0x00000000080081c0                control_init
 .text.TIM3_IRQHandler
                0x0000000008008364       0x10 build/main.o
                0x0000000008008364                TIM3_IRQHandler
 .text.HAL_SPI_TxRxCpltCallback
                0x0000000008008374       0x24 build/main.o
                0x0000000008008374                HAL_SPI_TxRxCpltCallback
 .text.HAL_CAN_RxFifo0MsgPendingCallback
                0x0000000008008398       0x68 build/main.o
                0x0000000008008398                HAL_CAN_RxFifo0MsgPendingCallback
 .text.ADC_IRQHandler
                0x0000000008008400       0x4c build/main.o
                0x0000000008008400                ADC_IRQHandler
 .text.HAL_TIM_PeriodElapsedCallback
                0x000000000800844c       0x18 build/main.o
                0x000000000800844c                HAL_TIM_PeriodElapsedCallback
 .text.Error_Handler
                0x0000000008008464        0x4 build/main.o
                0x0000000008008464                Error_Handler
 .text.SystemClock_Config
                0x0000000008008468       0xa8 build/main.o
                0x0000000008008468                SystemClock_Config
 .text.main     0x0000000008008510      0x134 build/main.o
                0x0000000008008510                main
 .text.NMI_Handler
                0x0000000008008644        0x2 build/stm32f4xx_it.o
                0x0000000008008644                NMI_Handler
 .text.HardFault_Handler
                0x0000000008008646        0x2 build/stm32f4xx_it.o
                0x0000000008008646                HardFault_Handler
 .text.MemManage_Handler
                0x0000000008008648        0x2 build/stm32f4xx_it.o
                0x0000000008008648                MemManage_Handler
 .text.BusFault_Handler
                0x000000000800864a        0x2 build/stm32f4xx_it.o
                0x000000000800864a                BusFault_Handler
 .text.UsageFault_Handler
                0x000000000800864c        0x2 build/stm32f4xx_it.o
                0x000000000800864c                UsageFault_Handler
 .text.DebugMon_Handler
                0x000000000800864e        0x2 build/stm32f4xx_it.o
                0x000000000800864e                DebugMon_Handler
 .text.TIM1_TRG_COM_TIM11_IRQHandler
                0x0000000008008650       0x10 build/stm32f4xx_it.o
                0x0000000008008650                TIM1_TRG_COM_TIM11_IRQHandler
 .text.DMA2_Stream7_IRQHandler
                0x0000000008008660       0x10 build/stm32f4xx_it.o
                0x0000000008008660                DMA2_Stream7_IRQHandler
 .text.DMA2_Stream2_IRQHandler
                0x0000000008008670       0x10 build/stm32f4xx_it.o
                0x0000000008008670                DMA2_Stream2_IRQHandler
 .text.DMA1_Stream3_IRQHandler
                0x0000000008008680       0x10 build/stm32f4xx_it.o
                0x0000000008008680                DMA1_Stream3_IRQHandler
 .text.DMA1_Stream4_IRQHandler
                0x0000000008008690       0x10 build/stm32f4xx_it.o
                0x0000000008008690                DMA1_Stream4_IRQHandler
 .text.SPI1_IRQHandler
                0x00000000080086a0       0x10 build/stm32f4xx_it.o
                0x00000000080086a0                SPI1_IRQHandler
 .text.SPI2_IRQHandler
                0x00000000080086b0       0x10 build/stm32f4xx_it.o
                0x00000000080086b0                SPI2_IRQHandler
 .text.USART6_IRQHandler
                0x00000000080086c0       0x10 build/stm32f4xx_it.o
                0x00000000080086c0                USART6_IRQHandler
 .text.DMA2_Stream0_IRQHandler
                0x00000000080086d0       0x10 build/stm32f4xx_it.o
                0x00000000080086d0                DMA2_Stream0_IRQHandler
 .text.DMA2_Stream3_IRQHandler
                0x00000000080086e0       0x10 build/stm32f4xx_it.o
                0x00000000080086e0                DMA2_Stream3_IRQHandler
 .text.CAN1_RX0_IRQHandler
                0x00000000080086f0       0x10 build/stm32f4xx_it.o
                0x00000000080086f0                CAN1_RX0_IRQHandler
 .text.HAL_MspInit
                0x0000000008008700       0x44 build/stm32f4xx_hal_msp.o
                0x0000000008008700                HAL_MspInit
 .text.HAL_InitTick
                0x0000000008008744       0x98 build/stm32f4xx_hal_timebase_tim.o
                0x0000000008008744                HAL_InitTick
 .text.HAL_TIM_Base_MspInit
                0x00000000080087dc        0x2 build/stm32f4xx_hal_tim.o
                0x00000000080087dc                HAL_TIM_Base_MspInit
 *fill*         0x00000000080087de        0x2 
 .text.HAL_TIM_Base_Start_IT
                0x00000000080087e0       0x88 build/stm32f4xx_hal_tim.o
                0x00000000080087e0                HAL_TIM_Base_Start_IT
 .text.HAL_TIM_OC_DelayElapsedCallback
                0x0000000008008868        0x2 build/stm32f4xx_hal_tim.o
                0x0000000008008868                HAL_TIM_OC_DelayElapsedCallback
 .text.HAL_TIM_IC_CaptureCallback
                0x000000000800886a        0x2 build/stm32f4xx_hal_tim.o
                0x000000000800886a                HAL_TIM_IC_CaptureCallback
 .text.HAL_TIM_PWM_PulseFinishedCallback
                0x000000000800886c        0x2 build/stm32f4xx_hal_tim.o
                0x000000000800886c                HAL_TIM_PWM_PulseFinishedCallback
 .text.HAL_TIM_TriggerCallback
                0x000000000800886e        0x2 build/stm32f4xx_hal_tim.o
                0x000000000800886e                HAL_TIM_TriggerCallback
 .text.HAL_TIM_IRQHandler
                0x0000000008008870      0x15e build/stm32f4xx_hal_tim.o
                0x0000000008008870                HAL_TIM_IRQHandler
 *fill*         0x00000000080089ce        0x2 
 .text.TIM_Base_SetConfig
                0x00000000080089d0       0xd0 build/stm32f4xx_hal_tim.o
                0x00000000080089d0                TIM_Base_SetConfig
 .text.HAL_TIM_Base_Init
                0x0000000008008aa0       0x58 build/stm32f4xx_hal_tim.o
                0x0000000008008aa0                HAL_TIM_Base_Init
 .text.HAL_TIMEx_CommutCallback
                0x0000000008008af8        0x2 build/stm32f4xx_hal_tim_ex.o
                0x0000000008008af8                HAL_TIMEx_CommutCallback
 .text.HAL_TIMEx_BreakCallback
                0x0000000008008afa        0x2 build/stm32f4xx_hal_tim_ex.o
                0x0000000008008afa                HAL_TIMEx_BreakCallback
 .text.HAL_RCC_OscConfig
                0x0000000008008afc      0x3f8 build/stm32f4xx_hal_rcc.o
                0x0000000008008afc                HAL_RCC_OscConfig
 .text.HAL_RCC_GetSysClockFreq
                0x0000000008008ef4       0xd4 build/stm32f4xx_hal_rcc.o
                0x0000000008008ef4                HAL_RCC_GetSysClockFreq
 .text.HAL_RCC_ClockConfig
                0x0000000008008fc8      0x160 build/stm32f4xx_hal_rcc.o
                0x0000000008008fc8                HAL_RCC_ClockConfig
 .text.HAL_RCC_GetHCLKFreq
                0x0000000008009128        0xc build/stm32f4xx_hal_rcc.o
                0x0000000008009128                HAL_RCC_GetHCLKFreq
 .text.HAL_RCC_GetPCLK1Freq
                0x0000000008009134       0x20 build/stm32f4xx_hal_rcc.o
                0x0000000008009134                HAL_RCC_GetPCLK1Freq
 .text.HAL_RCC_GetPCLK2Freq
                0x0000000008009154       0x20 build/stm32f4xx_hal_rcc.o
                0x0000000008009154                HAL_RCC_GetPCLK2Freq
 .text.HAL_RCC_GetClockConfig
                0x0000000008009174       0x3c build/stm32f4xx_hal_rcc.o
                0x0000000008009174                HAL_RCC_GetClockConfig
 .text.FLASH_Program_DoubleWord
                0x00000000080091b0       0x30 build/stm32f4xx_hal_flash.o
 .text.FLASH_Program_Word
                0x00000000080091e0       0x24 build/stm32f4xx_hal_flash.o
 .text.FLASH_Program_HalfWord
                0x0000000008009204       0x24 build/stm32f4xx_hal_flash.o
 .text.FLASH_Program_Byte
                0x0000000008009228       0x20 build/stm32f4xx_hal_flash.o
 .text.FLASH_SetErrorCode
                0x0000000008009248       0x8c build/stm32f4xx_hal_flash.o
 .text.HAL_FLASH_Unlock
                0x00000000080092d4       0x30 build/stm32f4xx_hal_flash.o
                0x00000000080092d4                HAL_FLASH_Unlock
 .text.HAL_FLASH_Lock
                0x0000000008009304       0x14 build/stm32f4xx_hal_flash.o
                0x0000000008009304                HAL_FLASH_Lock
 .text.FLASH_WaitForLastOperation
                0x0000000008009318       0x60 build/stm32f4xx_hal_flash.o
                0x0000000008009318                FLASH_WaitForLastOperation
 .text.HAL_FLASH_Program
                0x0000000008009378       0x7c build/stm32f4xx_hal_flash.o
                0x0000000008009378                HAL_FLASH_Program
 .text.FLASH_MassErase
                0x00000000080093f4       0x24 build/stm32f4xx_hal_flash_ex.o
 .text.FLASH_Erase_Sector
                0x0000000008009418       0x54 build/stm32f4xx_hal_flash_ex.o
                0x0000000008009418                FLASH_Erase_Sector
 .text.FLASH_FlushCaches
                0x000000000800946c       0x60 build/stm32f4xx_hal_flash_ex.o
                0x000000000800946c                FLASH_FlushCaches
 .text.HAL_FLASHEx_Erase
                0x00000000080094cc       0x94 build/stm32f4xx_hal_flash_ex.o
                0x00000000080094cc                HAL_FLASHEx_Erase
 .text.HAL_GPIO_Init
                0x0000000008009560      0x1e4 build/stm32f4xx_hal_gpio.o
                0x0000000008009560                HAL_GPIO_Init
 .text.DMA_SetConfig
                0x0000000008009744       0x2c build/stm32f4xx_hal_dma.o
 .text.DMA_CalcBaseAndBitshift
                0x0000000008009770       0x44 build/stm32f4xx_hal_dma.o
 .text.DMA_CheckFifoParam
                0x00000000080097b4       0x8e build/stm32f4xx_hal_dma.o
 *fill*         0x0000000008009842        0x2 
 .text.HAL_DMA_Init
                0x0000000008009844       0xcc build/stm32f4xx_hal_dma.o
                0x0000000008009844                HAL_DMA_Init
 .text.HAL_DMA_Start_IT
                0x0000000008009910       0x6a build/stm32f4xx_hal_dma.o
                0x0000000008009910                HAL_DMA_Start_IT
 .text.HAL_DMA_Abort
                0x000000000800997a       0x94 build/stm32f4xx_hal_dma.o
                0x000000000800997a                HAL_DMA_Abort
 .text.HAL_DMA_Abort_IT
                0x0000000008009a0e       0x26 build/stm32f4xx_hal_dma.o
                0x0000000008009a0e                HAL_DMA_Abort_IT
 .text.HAL_DMA_IRQHandler
                0x0000000008009a34      0x1dc build/stm32f4xx_hal_dma.o
                0x0000000008009a34                HAL_DMA_IRQHandler
 .text.HAL_DMA_GetError
                0x0000000008009c10        0x4 build/stm32f4xx_hal_dma.o
                0x0000000008009c10                HAL_DMA_GetError
 .text.HAL_NVIC_SetPriorityGrouping
                0x0000000008009c14       0x24 build/stm32f4xx_hal_cortex.o
                0x0000000008009c14                HAL_NVIC_SetPriorityGrouping
 .text.HAL_NVIC_SetPriority
                0x0000000008009c38       0x70 build/stm32f4xx_hal_cortex.o
                0x0000000008009c38                HAL_NVIC_SetPriority
 .text.HAL_NVIC_EnableIRQ
                0x0000000008009ca8       0x1c build/stm32f4xx_hal_cortex.o
                0x0000000008009ca8                HAL_NVIC_EnableIRQ
 .text.HAL_Init
                0x0000000008009cc4       0x34 build/stm32f4xx_hal.o
                0x0000000008009cc4                HAL_Init
 .text.HAL_IncTick
                0x0000000008009cf8       0x18 build/stm32f4xx_hal.o
                0x0000000008009cf8                HAL_IncTick
 .text.HAL_GetTick
                0x0000000008009d10        0xc build/stm32f4xx_hal.o
                0x0000000008009d10                HAL_GetTick
 .text.HAL_Delay
                0x0000000008009d1c       0x28 build/stm32f4xx_hal.o
                0x0000000008009d1c                HAL_Delay
 .text.HAL_CAN_Init
                0x0000000008009d44      0x14c build/stm32f4xx_hal_can.o
                0x0000000008009d44                HAL_CAN_Init
 .text.HAL_CAN_ConfigFilter
                0x0000000008009e90      0x138 build/stm32f4xx_hal_can.o
                0x0000000008009e90                HAL_CAN_ConfigFilter
 .text.HAL_CAN_Start
                0x0000000008009fc8       0x5c build/stm32f4xx_hal_can.o
                0x0000000008009fc8                HAL_CAN_Start
 .text.HAL_CAN_AddTxMessage
                0x000000000800a024       0xea build/stm32f4xx_hal_can.o
                0x000000000800a024                HAL_CAN_AddTxMessage
 .text.HAL_CAN_AbortTxRequest
                0x000000000800a10e       0x4c build/stm32f4xx_hal_can.o
                0x000000000800a10e                HAL_CAN_AbortTxRequest
 .text.HAL_CAN_GetRxMessage
                0x000000000800a15a      0x16a build/stm32f4xx_hal_can.o
                0x000000000800a15a                HAL_CAN_GetRxMessage
 .text.HAL_CAN_ActivateNotification
                0x000000000800a2c4       0x24 build/stm32f4xx_hal_can.o
                0x000000000800a2c4                HAL_CAN_ActivateNotification
 .text.HAL_CAN_TxMailbox0CompleteCallback
                0x000000000800a2e8        0x2 build/stm32f4xx_hal_can.o
                0x000000000800a2e8                HAL_CAN_TxMailbox0CompleteCallback
 .text.HAL_CAN_TxMailbox1CompleteCallback
                0x000000000800a2ea        0x2 build/stm32f4xx_hal_can.o
                0x000000000800a2ea                HAL_CAN_TxMailbox1CompleteCallback
 .text.HAL_CAN_TxMailbox2CompleteCallback
                0x000000000800a2ec        0x2 build/stm32f4xx_hal_can.o
                0x000000000800a2ec                HAL_CAN_TxMailbox2CompleteCallback
 .text.HAL_CAN_TxMailbox0AbortCallback
                0x000000000800a2ee        0x2 build/stm32f4xx_hal_can.o
                0x000000000800a2ee                HAL_CAN_TxMailbox0AbortCallback
 .text.HAL_CAN_TxMailbox1AbortCallback
                0x000000000800a2f0        0x2 build/stm32f4xx_hal_can.o
                0x000000000800a2f0                HAL_CAN_TxMailbox1AbortCallback
 .text.HAL_CAN_TxMailbox2AbortCallback
                0x000000000800a2f2        0x2 build/stm32f4xx_hal_can.o
                0x000000000800a2f2                HAL_CAN_TxMailbox2AbortCallback
 .text.HAL_CAN_RxFifo0FullCallback
                0x000000000800a2f4        0x2 build/stm32f4xx_hal_can.o
                0x000000000800a2f4                HAL_CAN_RxFifo0FullCallback
 .text.HAL_CAN_RxFifo1MsgPendingCallback
                0x000000000800a2f6        0x2 build/stm32f4xx_hal_can.o
                0x000000000800a2f6                HAL_CAN_RxFifo1MsgPendingCallback
 .text.HAL_CAN_RxFifo1FullCallback
                0x000000000800a2f8        0x2 build/stm32f4xx_hal_can.o
                0x000000000800a2f8                HAL_CAN_RxFifo1FullCallback
 .text.HAL_CAN_SleepCallback
                0x000000000800a2fa        0x2 build/stm32f4xx_hal_can.o
                0x000000000800a2fa                HAL_CAN_SleepCallback
 .text.HAL_CAN_WakeUpFromRxMsgCallback
                0x000000000800a2fc        0x2 build/stm32f4xx_hal_can.o
                0x000000000800a2fc                HAL_CAN_WakeUpFromRxMsgCallback
 .text.HAL_CAN_ErrorCallback
                0x000000000800a2fe        0x2 build/stm32f4xx_hal_can.o
                0x000000000800a2fe                HAL_CAN_ErrorCallback
 .text.HAL_CAN_IRQHandler
                0x000000000800a300      0x24a build/stm32f4xx_hal_can.o
                0x000000000800a300                HAL_CAN_IRQHandler
 *fill*         0x000000000800a54a        0x2 
 .text.SPI_WaitFlagStateUntilTimeout
                0x000000000800a54c       0xd4 build/stm32f4xx_hal_spi.o
 .text.SPI_EndRxTxTransaction
                0x000000000800a620       0x80 build/stm32f4xx_hal_spi.o
 .text.SPI_EndRxTransaction
                0x000000000800a6a0       0x8c build/stm32f4xx_hal_spi.o
 .text.HAL_SPI_Init
                0x000000000800a72c       0xbe build/stm32f4xx_hal_spi.o
                0x000000000800a72c                HAL_SPI_Init
 .text.HAL_SPI_TransmitReceive
                0x000000000800a7ea      0x254 build/stm32f4xx_hal_spi.o
                0x000000000800a7ea                HAL_SPI_TransmitReceive
 *fill*         0x000000000800aa3e        0x2 
 .text.HAL_SPI_TransmitReceive_DMA
                0x000000000800aa40      0x160 build/stm32f4xx_hal_spi.o
                0x000000000800aa40                HAL_SPI_TransmitReceive_DMA
 .text.HAL_SPI_RxCpltCallback
                0x000000000800aba0        0x2 build/stm32f4xx_hal_spi.o
                0x000000000800aba0                HAL_SPI_RxCpltCallback
 .text.HAL_SPI_RxHalfCpltCallback
                0x000000000800aba2        0x2 build/stm32f4xx_hal_spi.o
                0x000000000800aba2                HAL_SPI_RxHalfCpltCallback
 .text.SPI_DMAHalfReceiveCplt
                0x000000000800aba4        0xa build/stm32f4xx_hal_spi.o
 .text.HAL_SPI_TxRxHalfCpltCallback
                0x000000000800abae        0x2 build/stm32f4xx_hal_spi.o
                0x000000000800abae                HAL_SPI_TxRxHalfCpltCallback
 .text.SPI_DMAHalfTransmitReceiveCplt
                0x000000000800abb0        0xa build/stm32f4xx_hal_spi.o
 .text.HAL_SPI_ErrorCallback
                0x000000000800abba        0x2 build/stm32f4xx_hal_spi.o
                0x000000000800abba                HAL_SPI_ErrorCallback
 .text.SPI_DMAError
                0x000000000800abbc       0x22 build/stm32f4xx_hal_spi.o
 .text.SPI_DMAReceiveCplt
                0x000000000800abde       0x6e build/stm32f4xx_hal_spi.o
 .text.SPI_DMATransmitReceiveCplt
                0x000000000800ac4c       0x5c build/stm32f4xx_hal_spi.o
 .text.HAL_SPI_IRQHandler
                0x000000000800aca8      0x124 build/stm32f4xx_hal_spi.o
                0x000000000800aca8                HAL_SPI_IRQHandler
 .text.SPI_DMAAbortOnError
                0x000000000800adcc       0x10 build/stm32f4xx_hal_spi.o
 .text.UART_EndTxTransfer
                0x000000000800addc       0x20 build/stm32f4xx_hal_uart.o
 .text.UART_EndRxTransfer
                0x000000000800adfc       0x5c build/stm32f4xx_hal_uart.o
 .text.UART_Transmit_IT
                0x000000000800ae58       0x60 build/stm32f4xx_hal_uart.o
 .text.UART_SetConfig
                0x000000000800aeb8      0x110 build/stm32f4xx_hal_uart.o
 .text.UART_WaitOnFlagUntilTimeout
                0x000000000800afc8       0x8a build/stm32f4xx_hal_uart.o
 .text.HAL_UART_Init
                0x000000000800b052       0x60 build/stm32f4xx_hal_uart.o
                0x000000000800b052                HAL_UART_Init
 .text.HAL_UART_Transmit
                0x000000000800b0b2       0xcc build/stm32f4xx_hal_uart.o
                0x000000000800b0b2                HAL_UART_Transmit
 *fill*         0x000000000800b17e        0x2 
 .text.HAL_UART_Transmit_DMA
                0x000000000800b180       0x90 build/stm32f4xx_hal_uart.o
                0x000000000800b180                HAL_UART_Transmit_DMA
 .text.HAL_UART_AbortTransmit
                0x000000000800b210       0x6c build/stm32f4xx_hal_uart.o
                0x000000000800b210                HAL_UART_AbortTransmit
 .text.HAL_UART_TxCpltCallback
                0x000000000800b27c        0x2 build/stm32f4xx_hal_uart.o
                0x000000000800b27c                HAL_UART_TxCpltCallback
 .text.UART_DMATransmitCplt
                0x000000000800b27e       0x4c build/stm32f4xx_hal_uart.o
 .text.UART_EndTransmit_IT
                0x000000000800b2ca       0x1a build/stm32f4xx_hal_uart.o
 .text.HAL_UART_TxHalfCpltCallback
                0x000000000800b2e4        0x2 build/stm32f4xx_hal_uart.o
                0x000000000800b2e4                HAL_UART_TxHalfCpltCallback
 .text.UART_DMATxHalfCplt
                0x000000000800b2e6        0xa build/stm32f4xx_hal_uart.o
 .text.HAL_UART_ErrorCallback
                0x000000000800b2f0        0x2 build/stm32f4xx_hal_uart.o
                0x000000000800b2f0                HAL_UART_ErrorCallback
 .text.UART_DMAError
                0x000000000800b2f2       0x58 build/stm32f4xx_hal_uart.o
 .text.UART_DMAAbortOnError
                0x000000000800b34a        0xe build/stm32f4xx_hal_uart.o
 .text.HAL_UARTEx_RxEventCallback
                0x000000000800b358        0x2 build/stm32f4xx_hal_uart.o
                0x000000000800b358                HAL_UARTEx_RxEventCallback
 .text.UART_Receive_IT
                0x000000000800b35a       0xe6 build/stm32f4xx_hal_uart.o
 .text.HAL_UART_IRQHandler
                0x000000000800b440      0x2a4 build/stm32f4xx_hal_uart.o
                0x000000000800b440                HAL_UART_IRQHandler
 .text.UART_Start_Receive_IT
                0x000000000800b6e4       0x36 build/stm32f4xx_hal_uart.o
                0x000000000800b6e4                UART_Start_Receive_IT
 .text.HAL_UART_Receive_IT
                0x000000000800b71a       0x26 build/stm32f4xx_hal_uart.o
                0x000000000800b71a                HAL_UART_Receive_IT
 .text.SystemInit
                0x000000000800b740       0x14 build/system_stm32f4xx.o
                0x000000000800b740                SystemInit
 .text._sbrk    0x000000000800b754       0x48 build/sysmem.o
                0x000000000800b754                _sbrk
 .text._getpid  0x000000000800b79c        0x4 build/syscalls.o
                0x000000000800b79c                _getpid
 .text._kill    0x000000000800b7a0       0x10 build/syscalls.o
                0x000000000800b7a0                _kill
 .text._exit    0x000000000800b7b0        0xc build/syscalls.o
                0x000000000800b7b0                _exit
 .text._read    0x000000000800b7bc       0x20 build/syscalls.o
                0x000000000800b7bc                _read
 .text._write   0x000000000800b7dc       0x1c build/syscalls.o
                0x000000000800b7dc                _write
 .text._close   0x000000000800b7f8        0x6 build/syscalls.o
                0x000000000800b7f8                _close
 .text._fstat   0x000000000800b7fe        0xa build/syscalls.o
                0x000000000800b7fe                _fstat
 .text._isatty  0x000000000800b808        0x4 build/syscalls.o
                0x000000000800b808                _isatty
 .text._lseek   0x000000000800b80c        0x4 build/syscalls.o
                0x000000000800b80c                _lseek
 .text.vListInitialise
                0x000000000800b810       0x16 build/list.o
                0x000000000800b810                vListInitialise
 .text.vListInitialiseItem
                0x000000000800b826        0x6 build/list.o
                0x000000000800b826                vListInitialiseItem
 .text.vListInsertEnd
                0x000000000800b82c       0x16 build/list.o
                0x000000000800b82c                vListInsertEnd
 .text.vListInsert
                0x000000000800b842       0x32 build/list.o
                0x000000000800b842                vListInsert
 .text.uxListRemove
                0x000000000800b874       0x26 build/list.o
                0x000000000800b874                uxListRemove
 .text.prvIsQueueFull
                0x000000000800b89a       0x1e build/queue.o
 .text.prvIsQueueEmpty
                0x000000000800b8b8       0x1a build/queue.o
 .text.prvCopyDataToQueue
                0x000000000800b8d2       0x76 build/queue.o
 .text.prvCopyDataFromQueue
                0x000000000800b948       0x24 build/queue.o
 .text.prvUnlockQueue
                0x000000000800b96c       0x6e build/queue.o
 .text.xQueueGenericReset
                0x000000000800b9da       0x84 build/queue.o
                0x000000000800b9da                xQueueGenericReset
 .text.prvInitialiseNewQueue
                0x000000000800ba5e       0x22 build/queue.o
 .text.xQueueGenericCreateStatic
                0x000000000800ba80       0x94 build/queue.o
                0x000000000800ba80                xQueueGenericCreateStatic
 .text.xQueueGenericSend
                0x000000000800bb14      0x188 build/queue.o
                0x000000000800bb14                xQueueGenericSend
 .text.xQueueGenericSendFromISR
                0x000000000800bc9c       0xce build/queue.o
                0x000000000800bc9c                xQueueGenericSendFromISR
 .text.xQueueReceive
                0x000000000800bd6a      0x15e build/queue.o
                0x000000000800bd6a                xQueueReceive
 .text.vQueueAddToRegistry
                0x000000000800bec8       0x28 build/queue.o
                0x000000000800bec8                vQueueAddToRegistry
 .text.vQueueWaitForMessageRestricted
                0x000000000800bef0       0x52 build/queue.o
                0x000000000800bef0                vQueueWaitForMessageRestricted
 *fill*         0x000000000800bf42        0x2 
 .text.prvResetNextTaskUnblockTime
                0x000000000800bf44       0x2c build/tasks.o
 .text.prvInitialiseNewTask
                0x000000000800bf70       0xa6 build/tasks.o
 *fill*         0x000000000800c016        0x2 
 .text.prvInitialiseTaskLists
                0x000000000800c018       0x68 build/tasks.o
 .text.prvAddNewTaskToReadyList
                0x000000000800c080       0xac build/tasks.o
 .text.prvDeleteTCB
                0x000000000800c12c       0x38 build/tasks.o
 .text.prvCheckTasksWaitingTermination
                0x000000000800c164       0x4c build/tasks.o
 .text.prvIdleTask
                0x000000000800c1b0       0x28 build/tasks.o
 .text.prvAddCurrentTaskToDelayedList
                0x000000000800c1d8       0x7c build/tasks.o
 .text.xTaskCreateStatic
                0x000000000800c254       0x76 build/tasks.o
                0x000000000800c254                xTaskCreateStatic
 .text.xTaskCreate
                0x000000000800c2ca       0x68 build/tasks.o
                0x000000000800c2ca                xTaskCreate
 *fill*         0x000000000800c332        0x2 
 .text.vTaskStartScheduler
                0x000000000800c334       0x9c build/tasks.o
                0x000000000800c334                vTaskStartScheduler
 .text.vTaskSuspendAll
                0x000000000800c3d0       0x10 build/tasks.o
                0x000000000800c3d0                vTaskSuspendAll
 .text.xTaskGetTickCount
                0x000000000800c3e0        0xc build/tasks.o
                0x000000000800c3e0                xTaskGetTickCount
 .text.xTaskIncrementTick
                0x000000000800c3ec      0x118 build/tasks.o
                0x000000000800c3ec                xTaskIncrementTick
 .text.xTaskResumeAll
                0x000000000800c504       0xf8 build/tasks.o
                0x000000000800c504                xTaskResumeAll
 .text.vTaskDelay
                0x000000000800c5fc       0x4c build/tasks.o
                0x000000000800c5fc                vTaskDelay
 .text.vTaskSwitchContext
                0x000000000800c648       0x94 build/tasks.o
                0x000000000800c648                vTaskSwitchContext
 .text.vTaskPlaceOnEventList
                0x000000000800c6dc       0x30 build/tasks.o
                0x000000000800c6dc                vTaskPlaceOnEventList
 .text.vTaskPlaceOnEventListRestricted
                0x000000000800c70c       0x38 build/tasks.o
                0x000000000800c70c                vTaskPlaceOnEventListRestricted
 .text.xTaskRemoveFromEventList
                0x000000000800c744       0x8c build/tasks.o
                0x000000000800c744                xTaskRemoveFromEventList
 .text.vTaskInternalSetTimeOutState
                0x000000000800c7d0       0x18 build/tasks.o
                0x000000000800c7d0                vTaskInternalSetTimeOutState
 .text.xTaskCheckForTimeOut
                0x000000000800c7e8       0x84 build/tasks.o
                0x000000000800c7e8                xTaskCheckForTimeOut
 .text.vTaskMissedYield
                0x000000000800c86c        0xc build/tasks.o
                0x000000000800c86c                vTaskMissedYield
 .text.xTaskGetSchedulerState
                0x000000000800c878       0x20 build/tasks.o
                0x000000000800c878                xTaskGetSchedulerState
 .text.xTaskPriorityDisinherit
                0x000000000800c898       0x90 build/tasks.o
                0x000000000800c898                xTaskPriorityDisinherit
 .text.prvGetNextExpireTime
                0x000000000800c928       0x20 build/timers.o
 .text.prvInsertTimerInActiveList
                0x000000000800c948       0x48 build/timers.o
 .text.prvCheckForValidListAndQueue
                0x000000000800c990       0x70 build/timers.o
 .text.xTimerCreateTimerTask
                0x000000000800ca00       0x64 build/timers.o
                0x000000000800ca00                xTimerCreateTimerTask
 .text.xTimerGenericCommand
                0x000000000800ca64       0x6c build/timers.o
                0x000000000800ca64                xTimerGenericCommand
 .text.prvSwitchTimerLists
                0x000000000800cad0       0x7c build/timers.o
 .text.prvSampleTimeNow
                0x000000000800cb4c       0x2c build/timers.o
 .text.prvProcessExpiredTimer
                0x000000000800cb78       0x6c build/timers.o
 .text.prvProcessTimerOrBlockTask
                0x000000000800cbe4       0x74 build/timers.o
 .text.prvProcessReceivedCommands
                0x000000000800cc58      0x10c build/timers.o
 .text.prvTimerTask
                0x000000000800cd64       0x16 build/timers.o
 .text.SysTick_Handler
                0x000000000800cd7a       0x18 build/cmsis_os2.o
                0x000000000800cd7a                SysTick_Handler
 *fill*         0x000000000800cd92        0x2 
 .text.osKernelInitialize
                0x000000000800cd94       0x24 build/cmsis_os2.o
                0x000000000800cd94                osKernelInitialize
 .text.osKernelStart
                0x000000000800cdb8       0x38 build/cmsis_os2.o
                0x000000000800cdb8                osKernelStart
 .text.osThreadNew
                0x000000000800cdf0       0xbc build/cmsis_os2.o
                0x000000000800cdf0                osThreadNew
 .text.osDelay  0x000000000800ceac       0x1c build/cmsis_os2.o
                0x000000000800ceac                osDelay
 .text.vApplicationGetIdleTaskMemory
                0x000000000800cec8       0x18 build/cmsis_os2.o
                0x000000000800cec8                vApplicationGetIdleTaskMemory
 .text.vApplicationGetTimerTaskMemory
                0x000000000800cee0       0x18 build/cmsis_os2.o
                0x000000000800cee0                vApplicationGetTimerTaskMemory
 .text.prvHeapInit
                0x000000000800cef8       0x64 build/heap_4.o
 .text.prvInsertBlockIntoFreeList
                0x000000000800cf5c       0x64 build/heap_4.o
 .text.pvPortMalloc
                0x000000000800cfc0       0xfc build/heap_4.o
                0x000000000800cfc0                pvPortMalloc
 .text.vPortFree
                0x000000000800d0bc       0x7c build/heap_4.o
                0x000000000800d0bc                vPortFree
 .text.prvTaskExitError
                0x000000000800d138       0x40 build/port.o
 .text.prvPortStartFirstTask
                0x000000000800d178       0x28 build/port.o
 .text.vPortEnableVFP
                0x000000000800d1a0       0x14 build/port.o
 .text.pxPortInitialiseStack
                0x000000000800d1b4       0x2c build/port.o
                0x000000000800d1b4                pxPortInitialiseStack
 .text.SVC_Handler
                0x000000000800d1e0       0x24 build/port.o
                0x000000000800d1e0                SVC_Handler
 .text.vPortEnterCritical
                0x000000000800d204       0x44 build/port.o
                0x000000000800d204                vPortEnterCritical
 .text.vPortExitCritical
                0x000000000800d248       0x2c build/port.o
                0x000000000800d248                vPortExitCritical
 *fill*         0x000000000800d274        0xc 
 .text.PendSV_Handler
                0x000000000800d280       0x64 build/port.o
                0x000000000800d280                PendSV_Handler
 .text.xPortSysTickHandler
                0x000000000800d2e4       0x2c build/port.o
                0x000000000800d2e4                xPortSysTickHandler
 .text.vPortSetupTimerInterrupt
                0x000000000800d310       0x28 build/port.o
                0x000000000800d310                vPortSetupTimerInterrupt
 .text.xPortStartScheduler
                0x000000000800d338      0x118 build/port.o
                0x000000000800d338                xPortStartScheduler
 .text.vPortValidateInterruptPriority
                0x000000000800d450       0x5c build/port.o
                0x000000000800d450                vPortValidateInterruptPriority
 .text.flash_save_config
                0x000000000800d4ac       0x7c build/flash.o
                0x000000000800d4ac                flash_save_config
 .text.flash_default_config
                0x000000000800d528      0x180 build/flash.o
                0x000000000800d528                flash_default_config
 .text.flash_read_config
                0x000000000800d6a8       0x2c build/flash.o
                0x000000000800d6a8                flash_read_config
 .text.flash_auto_tuning_torque_control
                0x000000000800d6d4       0x90 build/flash.o
                0x000000000800d6d4                flash_auto_tuning_torque_control
 .text.TIM1_PWM_DMA_CONFIG
                0x000000000800d764      0x124 build/config.o
                0x000000000800d764                TIM1_PWM_DMA_CONFIG
 .text.TIM_COUNTER_ENABLE
                0x000000000800d888        0xa build/config.o
                0x000000000800d888                TIM_COUNTER_ENABLE
 *fill*         0x000000000800d892        0x2 
 .text.TIM_COUNT_US_CONFIG
                0x000000000800d894       0x28 build/config.o
                0x000000000800d894                TIM_COUNT_US_CONFIG
 .text.TIM_IQR_MS_CONGFIG
                0x000000000800d8bc       0x4c build/config.o
                0x000000000800d8bc                TIM_IQR_MS_CONGFIG
 .text.ADC1_DMA_CONFIG3
                0x000000000800d908       0xd0 build/config.o
                0x000000000800d908                ADC1_DMA_CONFIG3
 .text.calc_even_parity
                0x000000000800d9d8       0x16 build/as5048a.o
 .text.AS5048A_Config_CS
                0x000000000800d9ee       0x2c build/as5048a.o
                0x000000000800d9ee                AS5048A_Config_CS
 .text.AS5048A_CheckExist
                0x000000000800da1a       0xa6 build/as5048a.o
                0x000000000800da1a                AS5048A_CheckExist
 .text.AS5048A_DetectExit
                0x000000000800dac0       0x2e build/as5048a.o
                0x000000000800dac0                AS5048A_DetectExit
 .text.AS5048A_StartRead
                0x000000000800daee       0x44 build/as5048a.o
                0x000000000800daee                AS5048A_StartRead
 *fill*         0x000000000800db32        0x2 
 .text.AS5048A_ParseData
                0x000000000800db34       0x58 build/as5048a.o
                0x000000000800db34                AS5048A_ParseData
 .text.DRV8323RS_Cs_Ena_faul_Config_Pin
                0x000000000800db8c       0x50 build/drv8323s.o
                0x000000000800db8c                DRV8323RS_Cs_Ena_faul_Config_Pin
 .text.DRV8323_WriteRegister
                0x000000000800dbdc       0x50 build/drv8323s.o
                0x000000000800dbdc                DRV8323_WriteRegister
 .text.DRV8323_Start_PWM
                0x000000000800dc2c       0x48 build/drv8323s.o
                0x000000000800dc2c                DRV8323_Start_PWM
 .text.DRV8323_Set_PWM
                0x000000000800dc74       0x14 build/drv8323s.o
                0x000000000800dc74                DRV8323_Set_PWM
 .text.DRV8323_Current_Sens_Config
                0x000000000800dc88       0x50 build/drv8323s.o
                0x000000000800dc88                DRV8323_Current_Sens_Config
 .text.DRV8323_Calibrate_Current_Offset
                0x000000000800dcd8       0xd4 build/drv8323s.o
                0x000000000800dcd8                DRV8323_Calibrate_Current_Offset
 .text.DRV8323_Get_Current
                0x000000000800ddac      0x110 build/drv8323s.o
                0x000000000800ddac                DRV8323_Get_Current
 .text.DRV8302_TIMER_config
                0x000000000800debc       0x50 build/drv8323s.o
                0x000000000800debc                DRV8302_TIMER_config
 .text.bldc_config
                0x000000000800df0c       0x78 build/drv8323s.o
                0x000000000800df0c                bldc_config
 .text.ENCODER_Setup
                0x000000000800df84       0x38 build/encoder.o
                0x000000000800df84                ENCODER_Setup
 .text.ENCODER_AutoDetect
                0x000000000800dfbc       0xa8 build/encoder.o
                0x000000000800dfbc                ENCODER_AutoDetect
 .text.ENCODER_CHECK
                0x000000000800e064       0x90 build/encoder.o
                0x000000000800e064                ENCODER_CHECK
 .text.ENCODER_Init_From_Config
                0x000000000800e0f4       0x74 build/encoder.o
                0x000000000800e0f4                ENCODER_Init_From_Config
 .text.ENCODER_GetDegree
                0x000000000800e168      0x128 build/encoder.o
                0x000000000800e168                ENCODER_GetDegree
 .text.ENCODER_GetRPM
                0x000000000800e290       0xfc build/encoder.o
                0x000000000800e290                ENCODER_GetRPM
 .text.ENCODER_GetActualDegree
                0x000000000800e38c       0xb8 build/encoder.o
                0x000000000800e38c                ENCODER_GetActualDegree
 .text.init_trig_lut
                0x000000000800e444       0x58 build/foc_math.o
                0x000000000800e444                init_trig_lut
 .text.norm_angle_rad
                0x000000000800e49c       0x44 build/foc_math.o
                0x000000000800e49c                norm_angle_rad
 .text.fast_sin
                0x000000000800e4e0       0x70 build/foc_math.o
                0x000000000800e4e0                fast_sin
 .text.fast_cos
                0x000000000800e550       0x70 build/foc_math.o
                0x000000000800e550                fast_cos
 .text.pre_calc_sin_cos
                0x000000000800e5c0       0x28 build/foc_math.o
                0x000000000800e5c0                pre_calc_sin_cos
 .text.clarke_park_transform
                0x000000000800e5e8       0x40 build/foc_math.o
                0x000000000800e5e8                clarke_park_transform
 .text.inverse_park_transform
                0x000000000800e628       0x22 build/foc_math.o
                0x000000000800e628                inverse_park_transform
 *fill*         0x000000000800e64a        0x2 
 .text.svpwm    0x000000000800e64c      0x248 build/foc_math.o
                0x000000000800e64c                svpwm
 .text.foc_pwm_init
                0x000000000800e894       0x2c build/foc_utils.o
                0x000000000800e894                foc_pwm_init
 .text.foc_get_power_voltage
                0x000000000800e8c0       0xa0 build/foc_utils.o
                0x000000000800e8c0                foc_get_power_voltage
 .text.foc_set_limit_current
                0x000000000800e960        0x8 build/foc_utils.o
                0x000000000800e960                foc_set_limit_current
 .text.foc_current_control_update
                0x000000000800e968      0x194 build/foc_utils.o
                0x000000000800e968                foc_current_control_update
 .text.foc_speed_control_update
                0x000000000800eafc       0x3a build/foc_utils.o
                0x000000000800eafc                foc_speed_control_update
 .text.foc_position_control_update
                0x000000000800eb36       0x36 build/foc_utils.o
                0x000000000800eb36                foc_position_control_update
 .text.foc_sensored_calc_electric_angle
                0x000000000800eb6c      0x11c build/foc_utils.o
                0x000000000800eb6c                foc_sensored_calc_electric_angle
 .text.foc_calc_mech_rpm_encoder
                0x000000000800ec88        0x6 build/foc_utils.o
                0x000000000800ec88                foc_calc_mech_rpm_encoder
 *fill*         0x000000000800ec8e        0x2 
 .text.foc_torque_control_update
                0x000000000800ec90       0x50 build/foc_utils.o
                0x000000000800ec90                foc_torque_control_update
 .text.foc_impedance_control
                0x000000000800ece0       0x80 build/foc_utils.o
                0x000000000800ece0                foc_impedance_control
 .text.foc_calc_mech_pos_encoder
                0x000000000800ed60       0x14 build/foc_utils.o
                0x000000000800ed60                foc_calc_mech_pos_encoder
 .text.foc_control_loop
                0x000000000800ed74       0xb0 build/foc_utils.o
                0x000000000800ed74                foc_control_loop
 .text.foc_start_calibration
                0x000000000800ee24        0xc build/foc_utils.o
                0x000000000800ee24                foc_start_calibration
 .text.estimate_resistance
                0x000000000800ee30       0x60 build/foc_utils.o
                0x000000000800ee30                estimate_resistance
 .text.estimate_inductance
                0x000000000800ee90      0x290 build/foc_utils.o
                0x000000000800ee90                estimate_inductance
 .text.start_measure
                0x000000000800f120       0x2c build/foc_utils.o
                0x000000000800f120                start_measure
 .text.measure_R
                0x000000000800f14c       0x88 build/foc_utils.o
                0x000000000800f14c                measure_R
 .text.measure_L
                0x000000000800f1d4       0xd4 build/foc_utils.o
                0x000000000800f1d4                measure_L
 .text.calibration_seq
                0x000000000800f2a8       0x4c build/foc_utils.o
                0x000000000800f2a8                calibration_seq
 .text.open_loop_voltage_control
                0x000000000800f2f4       0x8a build/foc_utils.o
                0x000000000800f2f4                open_loop_voltage_control
 *fill*         0x000000000800f37e        0x2 
 .text.foc_cal_encoder_misalignment
                0x000000000800f380       0x9c build/foc_utils.o
                0x000000000800f380                foc_cal_encoder_misalignment
 .text.foc_cal_encoder
                0x000000000800f41c      0x174 build/foc_utils.o
                0x000000000800f41c                foc_cal_encoder
 .text.foc_auto_calibration
                0x000000000800f590      0x170 build/foc_utils.o
                0x000000000800f590                foc_auto_calibration
 .text.meas_inj_dq_process
                0x000000000800f700      0x14c build/foc_utils.o
                0x000000000800f700                meas_inj_dq_process
 .text.fsm_exit_state
                0x000000000800f84c       0xb0 build/fsm.o
                0x000000000800f84c                fsm_exit_state
 .text.TestModeView
                0x000000000800f8fc       0x6c build/fsm.o
                0x000000000800f8fc                TestModeView
 .text.enter_test_state
                0x000000000800f968      0x3a4 build/fsm.o
                0x000000000800f968                enter_test_state
 .text.set_pid_mode
                0x000000000800fd0c      0x594 build/fsm.o
                0x000000000800fd0c                set_pid_mode
 .text.enter_menu_state
                0x00000000080102a0       0x6c build/fsm.o
                0x00000000080102a0                enter_menu_state
 .text.enter_setup_state
                0x000000000801030c      0x2d0 build/fsm.o
                0x000000000801030c                enter_setup_state
 .text.fsm_enter_state
                0x00000000080105dc       0xb4 build/fsm.o
                0x00000000080105dc                fsm_enter_state
 .text.run_fsm  0x0000000008010690       0x58 build/fsm.o
                0x0000000008010690                run_fsm
 .text.process_user_input
                0x00000000080106e8      0x408 build/fsm.o
                0x00000000080106e8                process_user_input
 .text.update_fsm
                0x0000000008010af0      0x1a4 build/fsm.o
                0x0000000008010af0                update_fsm
 .text.pi_control
                0x0000000008010c94       0x98 build/pid_utils.o
                0x0000000008010c94                pi_control
 .text.pid_control
                0x0000000008010d2c       0xe0 build/pid_utils.o
                0x0000000008010d2c                pid_control
 .text.pid_reset
                0x0000000008010e0c        0xc build/pid_utils.o
                0x0000000008010e0c                pid_reset
 .text.pid_set_kp
                0x0000000008010e18       0x10 build/pid_utils.o
                0x0000000008010e18                pid_set_kp
 .text.pid_set_ki
                0x0000000008010e28       0x10 build/pid_utils.o
                0x0000000008010e28                pid_set_ki
 .text.pid_set_kd
                0x0000000008010e38       0x10 build/pid_utils.o
                0x0000000008010e38                pid_set_kd
 .text.pid_set_ts
                0x0000000008010e48       0x10 build/pid_utils.o
                0x0000000008010e48                pid_set_ts
 .text.pid_set_out_constraint
                0x0000000008010e58        0xa build/pid_utils.o
                0x0000000008010e58                pid_set_out_constraint
 .text.pid_set_deadband
                0x0000000008010e62        0x6 build/pid_utils.o
                0x0000000008010e62                pid_set_deadband
 .text.pid_set_d_filter_fc
                0x0000000008010e68       0x34 build/pid_utils.o
                0x0000000008010e68                pid_set_d_filter_fc
 .text.pid_set_max_d
                0x0000000008010e9c       0x10 build/pid_utils.o
                0x0000000008010e9c                pid_set_max_d
 .text.MX_SPI1_Init
                0x0000000008010eac       0x44 build/spi.o
                0x0000000008010eac                MX_SPI1_Init
 .text.MX_SPI2_Init
                0x0000000008010ef0       0x44 build/spi.o
                0x0000000008010ef0                MX_SPI2_Init
 .text.HAL_SPI_MspInit
                0x0000000008010f34      0x20c build/spi.o
                0x0000000008010f34                HAL_SPI_MspInit
 .text.MX_CAN1_Init
                0x0000000008011140       0x48 build/can.o
                0x0000000008011140                MX_CAN1_Init
 .text.HAL_CAN_MspInit
                0x0000000008011188       0x94 build/can.o
                0x0000000008011188                HAL_CAN_MspInit
 .text.can_rx_init
                0x000000000801121c       0x3c build/can.o
                0x000000000801121c                can_rx_init
 .text.can_tx_init
                0x0000000008011258        0xc build/can.o
                0x0000000008011258                can_tx_init
 .text.Slave_Unpack_Cmd_2
                0x0000000008011264       0x4c build/can.o
                0x0000000008011264                Slave_Unpack_Cmd_2
 .text.Slave_Pack_State_2
                0x00000000080112b0       0x54 build/can.o
                0x00000000080112b0                Slave_Pack_State_2
 .text.MX_USART6_UART_Init
                0x0000000008011304       0x34 build/uart.o
                0x0000000008011304                MX_USART6_UART_Init
 .text.HAL_UART_MspInit
                0x0000000008011338      0x104 build/uart.o
                0x0000000008011338                HAL_UART_MspInit
 .text.__io_putchar
                0x000000000801143c       0x20 build/uart.o
                0x000000000801143c                __io_putchar
 .text.HAL_UART_RxCpltCallback
                0x000000000801145c       0x24 build/uart.o
                0x000000000801145c                HAL_UART_RxCpltCallback
 .text.Reset_Handler
                0x0000000008011480       0x50 build/startup_stm32f405xx.o
                0x0000000008011480                Reset_Handler
 .text.Default_Handler
                0x00000000080114d0        0x2 build/startup_stm32f405xx.o
                0x00000000080114d0                RTC_Alarm_IRQHandler
                0x00000000080114d0                HASH_RNG_IRQHandler
                0x00000000080114d0                EXTI2_IRQHandler
                0x00000000080114d0                TIM8_CC_IRQHandler
                0x00000000080114d0                TIM1_CC_IRQHandler
                0x00000000080114d0                DMA2_Stream5_IRQHandler
                0x00000000080114d0                DMA1_Stream5_IRQHandler
                0x00000000080114d0                PVD_IRQHandler
                0x00000000080114d0                SDIO_IRQHandler
                0x00000000080114d0                TAMP_STAMP_IRQHandler
                0x00000000080114d0                CAN2_RX1_IRQHandler
                0x00000000080114d0                EXTI3_IRQHandler
                0x00000000080114d0                TIM8_TRG_COM_TIM14_IRQHandler
                0x00000000080114d0                TIM1_UP_TIM10_IRQHandler
                0x00000000080114d0                TIM8_UP_TIM13_IRQHandler
                0x00000000080114d0                I2C3_ER_IRQHandler
                0x00000000080114d0                EXTI0_IRQHandler
                0x00000000080114d0                I2C2_EV_IRQHandler
                0x00000000080114d0                DMA1_Stream2_IRQHandler
                0x00000000080114d0                FPU_IRQHandler
                0x00000000080114d0                OTG_HS_WKUP_IRQHandler
                0x00000000080114d0                CAN2_SCE_IRQHandler
                0x00000000080114d0                TIM6_DAC_IRQHandler
                0x00000000080114d0                TIM1_BRK_TIM9_IRQHandler
                0x00000000080114d0                CAN2_RX0_IRQHandler
                0x00000000080114d0                USART3_IRQHandler
                0x00000000080114d0                CAN1_RX1_IRQHandler
                0x00000000080114d0                UART5_IRQHandler
                0x00000000080114d0                TIM4_IRQHandler
                0x00000000080114d0                I2C1_EV_IRQHandler
                0x00000000080114d0                DMA1_Stream6_IRQHandler
                0x00000000080114d0                DMA1_Stream1_IRQHandler
                0x00000000080114d0                UART4_IRQHandler
                0x00000000080114d0                RCC_IRQHandler
                0x00000000080114d0                TIM8_BRK_TIM12_IRQHandler
                0x00000000080114d0                Default_Handler
                0x00000000080114d0                EXTI15_10_IRQHandler
                0x00000000080114d0                DMA1_Stream7_IRQHandler
                0x00000000080114d0                TIM7_IRQHandler
                0x00000000080114d0                CAN2_TX_IRQHandler
                0x00000000080114d0                TIM5_IRQHandler
                0x00000000080114d0                I2C3_EV_IRQHandler
                0x00000000080114d0                EXTI9_5_IRQHandler
                0x00000000080114d0                RTC_WKUP_IRQHandler
                0x00000000080114d0                OTG_HS_EP1_IN_IRQHandler
                0x00000000080114d0                DMA1_Stream0_IRQHandler
                0x00000000080114d0                CAN1_TX_IRQHandler
                0x00000000080114d0                EXTI4_IRQHandler
                0x00000000080114d0                FSMC_IRQHandler
                0x00000000080114d0                OTG_HS_EP1_OUT_IRQHandler
                0x00000000080114d0                WWDG_IRQHandler
                0x00000000080114d0                TIM2_IRQHandler
                0x00000000080114d0                OTG_FS_WKUP_IRQHandler
                0x00000000080114d0                OTG_HS_IRQHandler
                0x00000000080114d0                EXTI1_IRQHandler
                0x00000000080114d0                USART2_IRQHandler
                0x00000000080114d0                I2C2_ER_IRQHandler
                0x00000000080114d0                DMA2_Stream1_IRQHandler
                0x00000000080114d0                CAN1_SCE_IRQHandler
                0x00000000080114d0                FLASH_IRQHandler
                0x00000000080114d0                DMA2_Stream4_IRQHandler
                0x00000000080114d0                USART1_IRQHandler
                0x00000000080114d0                OTG_FS_IRQHandler
                0x00000000080114d0                SPI3_IRQHandler
                0x00000000080114d0                I2C1_ER_IRQHandler
                0x00000000080114d0                DMA2_Stream6_IRQHandler
 *(.glue_7)
 .glue_7        0x00000000080114d2        0x0 linker stubs
 *(.glue_7t)
 .glue_7t       0x00000000080114d2        0x0 linker stubs
 *(.eh_frame)
 *fill*         0x00000000080114d2        0x2 
 .eh_frame      0x00000000080114d4        0x0 /usr/lib/gcc/arm-none-eabi/10.3.1/thumb/v7e-m+fp/hard/crtbegin.o
 *(.init)
 .init          0x00000000080114d4        0x4 /usr/lib/gcc/arm-none-eabi/10.3.1/thumb/v7e-m+fp/hard/crti.o
                0x00000000080114d4                _init
 .init          0x00000000080114d8        0x8 /usr/lib/gcc/arm-none-eabi/10.3.1/thumb/v7e-m+fp/hard/crtn.o
 *(.fini)
 .fini          0x00000000080114e0        0x4 /usr/lib/gcc/arm-none-eabi/10.3.1/thumb/v7e-m+fp/hard/crti.o
                0x00000000080114e0                _fini
 .fini          0x00000000080114e4        0x8 /usr/lib/gcc/arm-none-eabi/10.3.1/thumb/v7e-m+fp/hard/crtn.o
                0x00000000080114ec                . = ALIGN (0x4)
                0x00000000080114ec                _etext = .

.vfp11_veneer   0x00000000080114ec        0x0
 .vfp11_veneer  0x00000000080114ec        0x0 linker stubs

.v4_bx          0x00000000080114ec        0x0
 .v4_bx         0x00000000080114ec        0x0 linker stubs

.iplt           0x00000000080114ec        0x0
 .iplt          0x00000000080114ec        0x0 /usr/lib/gcc/arm-none-eabi/10.3.1/thumb/v7e-m+fp/hard/crtbegin.o

.rodata         0x00000000080114f0     0x17b4
                0x00000000080114f0                . = ALIGN (0x4)
 *(.rodata)
 .rodata        0x00000000080114f0        0x4 /usr/lib/gcc/arm-none-eabi/10.3.1/../../../arm-none-eabi/lib/thumb/v7e-m+fp/hard/libc_nano.a(lib_a-impure.o)
                0x00000000080114f0                _global_impure_ptr
 *fill*         0x00000000080114f4        0x4 
 .rodata        0x00000000080114f8       0x50 /usr/lib/gcc/arm-none-eabi/10.3.1/../../../arm-none-eabi/lib/thumb/v7e-m+fp/hard/libc_nano.a(lib_a-strtod.o)
 .rodata        0x0000000008011548      0x101 /usr/lib/gcc/arm-none-eabi/10.3.1/../../../arm-none-eabi/lib/thumb/v7e-m+fp/hard/libc_nano.a(lib_a-ctype_.o)
                0x0000000008011548                _ctype_
 *fill*         0x0000000008011649        0x3 
 .rodata        0x000000000801164c       0x60 /usr/lib/gcc/arm-none-eabi/10.3.1/../../../arm-none-eabi/lib/thumb/v7e-m+fp/hard/libc_nano.a(lib_a-findfp.o)
                0x000000000801164c                __sf_fake_stderr
                0x000000000801166c                __sf_fake_stdout
                0x000000000801168c                __sf_fake_stdin
 .rodata        0x00000000080116ac      0x100 /usr/lib/gcc/arm-none-eabi/10.3.1/../../../arm-none-eabi/lib/thumb/v7e-m+fp/hard/libc_nano.a(lib_a-gdtoa-gethex.o)
                0x00000000080116ac                __hexdig
 .rodata        0x00000000080117ac        0xc /usr/lib/gcc/arm-none-eabi/10.3.1/../../../arm-none-eabi/lib/thumb/v7e-m+fp/hard/libc_nano.a(lib_a-lnumeric.o)
                0x00000000080117ac                _C_numeric_locale
 .rodata        0x00000000080117b8      0x128 /usr/lib/gcc/arm-none-eabi/10.3.1/../../../arm-none-eabi/lib/thumb/v7e-m+fp/hard/libc_nano.a(lib_a-mprec.o)
                0x00000000080117c8                __mprec_tens
                0x0000000008011890                __mprec_tinytens
                0x00000000080118b8                __mprec_bigtens
 .rodata        0x00000000080118e0       0x18 /usr/lib/gcc/arm-none-eabi/10.3.1/../../../arm-none-eabi/lib/thumb/v7e-m+fp/hard/libm.a(lib_a-ef_atan2.o)
 .rodata        0x00000000080118f8        0x8 /usr/lib/gcc/arm-none-eabi/10.3.1/../../../arm-none-eabi/lib/thumb/v7e-m+fp/hard/libm.a(lib_a-ef_fmod.o)
 .rodata        0x0000000008011900      0x398 /usr/lib/gcc/arm-none-eabi/10.3.1/../../../arm-none-eabi/lib/thumb/v7e-m+fp/hard/libm.a(lib_a-ef_rem_pio2.o)
 .rodata        0x0000000008011c98       0x38 /usr/lib/gcc/arm-none-eabi/10.3.1/../../../arm-none-eabi/lib/thumb/v7e-m+fp/hard/libm.a(lib_a-kf_rem_pio2.o)
 .rodata        0x0000000008011cd0       0x20 /usr/lib/gcc/arm-none-eabi/10.3.1/../../../arm-none-eabi/lib/thumb/v7e-m+fp/hard/libm.a(lib_a-sf_atan.o)
 *(.rodata*)
 .rodata.ErrorTask.str1.4
                0x0000000008011cf0       0x77 build/main.o
 *fill*         0x0000000008011d67        0x1 
 .rodata.StartCalibrationTask.str1.4
                0x0000000008011d68       0x19 build/main.o
 *fill*         0x0000000008011d81        0x3 
 .rodata.str1.4
                0x0000000008011d84       0x1c build/main.o
 .rodata.CalibrationTask_attributes
                0x0000000008011da0       0x24 build/main.o
                0x0000000008011da0                CalibrationTask_attributes
 .rodata.ErrorTask_attributes
                0x0000000008011dc4       0x24 build/main.o
                0x0000000008011dc4                ErrorTask_attributes
 .rodata.flagBitshiftOffset.0
                0x0000000008011de8        0x8 build/stm32f4xx_hal_dma.o
 .rodata.AHBPrescTable
                0x0000000008011df0       0x10 build/system_stm32f4xx.o
                0x0000000008011df0                AHBPrescTable
 .rodata.APBPrescTable
                0x0000000008011e00        0x8 build/system_stm32f4xx.o
                0x0000000008011e00                APBPrescTable
 .rodata.vTaskStartScheduler.str1.4
                0x0000000008011e08        0x5 build/tasks.o
 *fill*         0x0000000008011e0d        0x3 
 .rodata.prvCheckForValidListAndQueue.str1.4
                0x0000000008011e10        0x5 build/timers.o
 *fill*         0x0000000008011e15        0x3 
 .rodata.xTimerCreateTimerTask.str1.4
                0x0000000008011e18        0x8 build/timers.o
 .rodata.DRV8323_Calibrate_Current_Offset.str1.4
                0x0000000008011e20       0x59 build/drv8323s.o
 *fill*         0x0000000008011e79        0x3 
 .rodata.ENCODER_CHECK.str1.4
                0x0000000008011e7c       0x8c build/encoder.o
 .rodata.measure_R.str1.4
                0x0000000008011f08       0x2a build/foc_utils.o
 *fill*         0x0000000008011f32        0x2 
 .rodata.measure_L.str1.4
                0x0000000008011f34       0x34 build/foc_utils.o
 .rodata.foc_cal_encoder_misalignment.str1.4
                0x0000000008011f68       0x26 build/foc_utils.o
 *fill*         0x0000000008011f8e        0x2 
 .rodata.foc_cal_encoder.str1.4
                0x0000000008011f90       0x26 build/foc_utils.o
 *fill*         0x0000000008011fb6        0x2 
 .rodata.foc_auto_calibration.str1.4
                0x0000000008011fb8       0x99 build/foc_utils.o
 *fill*         0x0000000008012051        0x3 
 .rodata.fsm_exit_state.str1.4
                0x0000000008012054       0x42 build/fsm.o
 *fill*         0x0000000008012096        0x2 
 .rodata.enter_test_state.str1.4
                0x0000000008012098      0x37d build/fsm.o
                                        0x3a1 (size before relaxing)
 *fill*         0x0000000008012415        0x3 
 .rodata.set_pid_mode.str1.4
                0x0000000008012418      0x2e7 build/fsm.o
 *fill*         0x00000000080126ff        0x1 
 .rodata.enter_menu_state.str1.4
                0x0000000008012700       0xa6 build/fsm.o
                                         0xae (size before relaxing)
 *fill*         0x00000000080127a6        0x2 
 .rodata.enter_setup_state.str1.4
                0x00000000080127a8      0x232 build/fsm.o
 *fill*         0x00000000080129da        0x2 
 .rodata.fsm_enter_state.str1.4
                0x00000000080129dc       0x43 build/fsm.o
 *fill*         0x0000000008012a1f        0x1 
 .rodata.process_user_input.str1.4
                0x0000000008012a20       0xd2 build/fsm.o
 *fill*         0x0000000008012af2        0x2 
 .rodata.update_fsm.str1.4
                0x0000000008012af4       0x21 build/fsm.o
 *fill*         0x0000000008012b15        0x3 
 .rodata.str1.4
                0x0000000008012b18       0x10 /usr/lib/gcc/arm-none-eabi/10.3.1/../../../arm-none-eabi/lib/thumb/v7e-m+fp/hard/libc_nano.a(lib_a-nano-vfprintf_float.o)
                                         0x12 (size before relaxing)
 .rodata.str1.4
                0x0000000008012b28       0x25 /usr/lib/gcc/arm-none-eabi/10.3.1/../../../arm-none-eabi/lib/thumb/v7e-m+fp/hard/libc_nano.a(lib_a-nano-vfprintf_i.o)
 *fill*         0x0000000008012b4d        0x3 
 .rodata.str1.4
                0x0000000008012b50        0xf /usr/lib/gcc/arm-none-eabi/10.3.1/../../../arm-none-eabi/lib/thumb/v7e-m+fp/hard/libc_nano.a(lib_a-strtod.o)
                                         0x11 (size before relaxing)
 *fill*         0x0000000008012b5f        0x1 
 .rodata.str1.4
                0x0000000008012b60       0x6d /usr/lib/gcc/arm-none-eabi/10.3.1/../../../arm-none-eabi/lib/thumb/v7e-m+fp/hard/libc_nano.a(lib_a-dtoa.o)
                                         0x71 (size before relaxing)
 *fill*         0x0000000008012bcd        0x3 
 .rodata.str1.4
                0x0000000008012bd0       0x3a /usr/lib/gcc/arm-none-eabi/10.3.1/../../../arm-none-eabi/lib/thumb/v7e-m+fp/hard/libc_nano.a(lib_a-gdtoa-gethex.o)
                                         0x4e (size before relaxing)
 *fill*         0x0000000008012c0a        0x2 
 .rodata.str1.4
                0x0000000008012c0c        0x2 /usr/lib/gcc/arm-none-eabi/10.3.1/../../../arm-none-eabi/lib/thumb/v7e-m+fp/hard/libc_nano.a(lib_a-lnumeric.o)
                                          0x5 (size before relaxing)
 *fill*         0x0000000008012c0e        0x2 
 .rodata.str1.4
                0x0000000008012c10        0xa /usr/lib/gcc/arm-none-eabi/10.3.1/../../../arm-none-eabi/lib/thumb/v7e-m+fp/hard/libc_nano.a(lib_a-locale.o)
                                         0x12 (size before relaxing)
 *fill*         0x0000000008012c1a        0x2 
 .rodata.str1.4
                0x0000000008012c1c       0x33 /usr/lib/gcc/arm-none-eabi/10.3.1/../../../arm-none-eabi/lib/thumb/v7e-m+fp/hard/libc_nano.a(lib_a-mprec.o)
                                         0x5d (size before relaxing)
 *fill*         0x0000000008012c4f        0x1 
 .rodata.str1.4
                0x0000000008012c50       0x13 /usr/lib/gcc/arm-none-eabi/10.3.1/../../../arm-none-eabi/lib/thumb/v7e-m+fp/hard/libc_nano.a(lib_a-nano-vfprintf.o)
 *fill*         0x0000000008012c63        0x1 
 .rodata.str1.4
                0x0000000008012c64       0x3f /usr/lib/gcc/arm-none-eabi/10.3.1/../../../arm-none-eabi/lib/thumb/v7e-m+fp/hard/libc_nano.a(lib_a-assert.o)
                                         0x43 (size before relaxing)
                0x0000000008012ca4                . = ALIGN (0x4)
 *fill*         0x0000000008012ca3        0x1 

.ARM.extab      0x0000000008012ca4        0x0
                0x0000000008012ca4                . = ALIGN (0x4)
 *(.ARM.extab* .gnu.linkonce.armextab.*)
                0x0000000008012ca4                . = ALIGN (0x4)

.ARM            0x0000000008012ca4        0x8
                0x0000000008012ca4                . = ALIGN (0x4)
                0x0000000008012ca4                __exidx_start = .
 *(.ARM.exidx*)
 .ARM.exidx     0x0000000008012ca4        0x8 /usr/lib/gcc/arm-none-eabi/10.3.1/thumb/v7e-m+fp/hard/libgcc.a(_udivmoddi4.o)
                0x0000000008012cac                __exidx_end = .
                0x0000000008012cac                . = ALIGN (0x4)

.preinit_array  0x0000000008012cac        0x0
                0x0000000008012cac                . = ALIGN (0x4)
                0x0000000008012cac                PROVIDE (__preinit_array_start = .)
 *(.preinit_array*)
                0x0000000008012cac                PROVIDE (__preinit_array_end = .)
                0x0000000008012cac                . = ALIGN (0x4)

.init_array     0x0000000008012cac        0x4
                0x0000000008012cac                . = ALIGN (0x4)
                0x0000000008012cac                PROVIDE (__init_array_start = .)
 *(SORT_BY_NAME(.init_array.*))
 *(.init_array*)
 .init_array    0x0000000008012cac        0x4 /usr/lib/gcc/arm-none-eabi/10.3.1/thumb/v7e-m+fp/hard/crtbegin.o
                0x0000000008012cb0                PROVIDE (__init_array_end = .)
                0x0000000008012cb0                . = ALIGN (0x4)

.fini_array     0x0000000008012cb0        0x4
                0x0000000008012cb0                . = ALIGN (0x4)
                0x0000000008012cb0                PROVIDE (__fini_array_start = .)
 *(SORT_BY_NAME(.fini_array.*))
 *(.fini_array*)
 .fini_array    0x0000000008012cb0        0x4 /usr/lib/gcc/arm-none-eabi/10.3.1/thumb/v7e-m+fp/hard/crtbegin.o
                0x0000000008012cb4                PROVIDE (__fini_array_end = .)
                0x0000000008012cb4                . = ALIGN (0x4)
                0x0000000008012cb4                _sidata = LOADADDR (.data)

.rel.dyn        0x0000000008012cb4        0x0
 .rel.iplt      0x0000000008012cb4        0x0 /usr/lib/gcc/arm-none-eabi/10.3.1/thumb/v7e-m+fp/hard/crtbegin.o

.data           0x0000000020000000      0x20c load address 0x0000000008012cb4
                0x0000000020000000                . = ALIGN (0x4)