ARM GAS  /tmp/cc3wX3FK.s 			page 1


   1              		.cpu cortex-m4
   2              		.eabi_attribute 27, 1
   3              		.eabi_attribute 28, 1
   4              		.eabi_attribute 20, 1
   5              		.eabi_attribute 21, 1
   6              		.eabi_attribute 23, 3
   7              		.eabi_attribute 24, 1
   8              		.eabi_attribute 25, 1
   9              		.eabi_attribute 26, 1
  10              		.eabi_attribute 30, 1
  11              		.eabi_attribute 34, 1
  12              		.eabi_attribute 18, 4
  13              		.file	"pid_utils.c"
  14              		.text
  15              	.Ltext0:
  16              		.cfi_sections	.debug_frame
  17              		.section	.text.pi_control,"ax",%progbits
  18              		.align	1
  19              		.global	pi_control
  20              		.arch armv7e-m
  21              		.syntax unified
  22              		.thumb
  23              		.thumb_func
  24              		.fpu fpv4-sp-d16
  26              	pi_control:
  27              	.LVL0:
  28              	.LFB0:
  29              		.file 1 "Core/Src/pid_utils.c"
   1:Core/Src/pid_utils.c **** /*
   2:Core/Src/pid_utils.c ****  * pid_utils.c
   3:Core/Src/pid_utils.c ****  *
   4:Core/Src/pid_utils.c ****  *  Created on: Jul 12, 2025
   5:Core/Src/pid_utils.c ****  *      Author: munir
   6:Core/Src/pid_utils.c ****  */
   7:Core/Src/pid_utils.c **** 
   8:Core/Src/pid_utils.c **** #include "pid_utils.h"
   9:Core/Src/pid_utils.c **** #include <stdint.h>
  10:Core/Src/pid_utils.c **** 
  11:Core/Src/pid_utils.c **** #ifndef TWO_PI
  12:Core/Src/pid_utils.c **** #define TWO_PI 6.2831853f
  13:Core/Src/pid_utils.c **** #endif
  14:Core/Src/pid_utils.c **** //float pi_control(PID_Controller_t *pi, float error) {
  15:Core/Src/pid_utils.c **** //    if (error >= -pi->e_deadband && error <= pi->e_deadband) {
  16:Core/Src/pid_utils.c **** //        error = 0.0f;
  17:Core/Src/pid_utils.c **** //    }
  18:Core/Src/pid_utils.c **** 
  19:Core/Src/pid_utils.c **** //    float p_term = pi->kp * error;
  20:Core/Src/pid_utils.c **** 
  21:Core/Src/pid_utils.c **** //    float new_integral = pi->integral + error * pi->ki * pi->ts;
  22:Core/Src/pid_utils.c **** 
  23:Core/Src/pid_utils.c **** //    float output = p_term + new_integral;
  24:Core/Src/pid_utils.c **** 
  25:Core/Src/pid_utils.c **** //    // Anti-windup with clamping
  26:Core/Src/pid_utils.c **** //    if (output > pi->out_max) { 
  27:Core/Src/pid_utils.c **** //        output = pi->out_max;
  28:Core/Src/pid_utils.c **** //        if (error * (output - p_term) <= 0) { 
  29:Core/Src/pid_utils.c **** //            pi->integral = new_integral;
ARM GAS  /tmp/cc3wX3FK.s 			page 2


  30:Core/Src/pid_utils.c **** //        }
  31:Core/Src/pid_utils.c **** //    }
  32:Core/Src/pid_utils.c **** //    else if (output < -pi->out_max) {
  33:Core/Src/pid_utils.c **** //        output = -pi->out_max;
  34:Core/Src/pid_utils.c **** //        if (error * (output - p_term) <= 0) {
  35:Core/Src/pid_utils.c **** //            pi->integral = new_integral;
  36:Core/Src/pid_utils.c **** //        }
  37:Core/Src/pid_utils.c **** //    }
  38:Core/Src/pid_utils.c **** //    else {
  39:Core/Src/pid_utils.c **** //        pi->integral = new_integral;
  40:Core/Src/pid_utils.c **** //    }
  41:Core/Src/pid_utils.c **** 
  42:Core/Src/pid_utils.c **** //    pi->mv = output;
  43:Core/Src/pid_utils.c **** 
  44:Core/Src/pid_utils.c **** //    return output;
  45:Core/Src/pid_utils.c **** //}
  46:Core/Src/pid_utils.c **** //
  47:Core/Src/pid_utils.c **** float pi_control(PID_Controller_t *pi, float error) {
  30              		.loc 1 47 53 view -0
  31              		.cfi_startproc
  32              		@ args = 0, pretend = 0, frame = 0
  33              		@ frame_needed = 0, uses_anonymous_args = 0
  34              		@ link register save eliminated.
  35              		.loc 1 47 53 is_stmt 0 view .LVU1
  36 0000 F0EE407A 		vmov.f32	s15, s0
  48:Core/Src/pid_utils.c **** 	if (error >= -pi->e_deadband && error <= pi->e_deadband) {
  37              		.loc 1 48 2 is_stmt 1 view .LVU2
  38              		.loc 1 48 18 is_stmt 0 view .LVU3
  39 0004 90ED077A 		vldr.32	s14, [r0, #28]
  40              		.loc 1 48 15 view .LVU4
  41 0008 F1EE476A 		vneg.f32	s13, s14
  42              		.loc 1 48 5 view .LVU5
  43 000c F4EEC06A 		vcmpe.f32	s13, s0
  44 0010 F1EE10FA 		vmrs	APSR_nzcv, FPSCR
  45 0014 06D8     		bhi	.L2
  46              		.loc 1 48 31 discriminator 1 view .LVU6
  47 0016 B4EEC07A 		vcmpe.f32	s14, s0
  48 001a F1EE10FA 		vmrs	APSR_nzcv, FPSCR
  49 001e 01DB     		blt	.L2
  49:Core/Src/pid_utils.c **** 			error = 0.0f;
  50              		.loc 1 49 10 view .LVU7
  51 0020 DFED1C7A 		vldr.32	s15, .L20
  52              	.L2:
  53              	.LVL1:
  50:Core/Src/pid_utils.c **** 	}
  51:Core/Src/pid_utils.c **** 	
  52:Core/Src/pid_utils.c **** 	float p_term = pi->kp * error;
  54              		.loc 1 52 2 is_stmt 1 view .LVU8
  55              		.loc 1 52 19 is_stmt 0 view .LVU9
  56 0024 90ED007A 		vldr.32	s14, [r0]
  57              		.loc 1 52 8 view .LVU10
  58 0028 27EE277A 		vmul.f32	s14, s14, s15
  59              	.LVL2:
  53:Core/Src/pid_utils.c **** 	
  54:Core/Src/pid_utils.c **** 	float integral_candidate = pi->integral + (error * pi->ki * pi->ts);
  60              		.loc 1 54 2 is_stmt 1 view .LVU11
  61              		.loc 1 54 31 is_stmt 0 view .LVU12
ARM GAS  /tmp/cc3wX3FK.s 			page 3


  62 002c 90ED036A 		vldr.32	s12, [r0, #12]
  63              		.loc 1 54 55 view .LVU13
  64 0030 D0ED016A 		vldr.32	s13, [r0, #4]
  65              		.loc 1 54 51 view .LVU14
  66 0034 66EEA76A 		vmul.f32	s13, s13, s15
  67              		.loc 1 54 64 view .LVU15
  68 0038 D0ED065A 		vldr.32	s11, [r0, #24]
  69              		.loc 1 54 60 view .LVU16
  70 003c 66EEA56A 		vmul.f32	s13, s13, s11
  71              		.loc 1 54 8 view .LVU17
  72 0040 76EE266A 		vadd.f32	s13, s12, s13
  73              	.LVL3:
  55:Core/Src/pid_utils.c **** 
  56:Core/Src/pid_utils.c **** 	float output = p_term + integral_candidate;
  74              		.loc 1 56 2 is_stmt 1 view .LVU18
  75              		.loc 1 56 8 is_stmt 0 view .LVU19
  76 0044 37EE267A 		vadd.f32	s14, s14, s13
  77              	.LVL4:
  57:Core/Src/pid_utils.c **** 
  58:Core/Src/pid_utils.c **** 	if (output > pi->out_max) {
  78              		.loc 1 58 2 is_stmt 1 view .LVU20
  79              		.loc 1 58 17 is_stmt 0 view .LVU21
  80 0048 90ED040A 		vldr.32	s0, [r0, #16]
  81              		.loc 1 58 5 view .LVU22
  82 004c B4EEC70A 		vcmpe.f32	s0, s14
  83 0050 F1EE10FA 		vmrs	APSR_nzcv, FPSCR
  84 0054 0AD5     		bpl	.L17
  59:Core/Src/pid_utils.c **** 		output = pi->out_max;
  85              		.loc 1 59 3 is_stmt 1 view .LVU23
  86              	.LVL5:
  60:Core/Src/pid_utils.c **** 		
  61:Core/Src/pid_utils.c **** 		if (error < 0.0f) {
  87              		.loc 1 61 3 view .LVU24
  88              		.loc 1 61 6 is_stmt 0 view .LVU25
  89 0056 F5EEC07A 		vcmpe.f32	s15, #0
  90 005a F1EE10FA 		vmrs	APSR_nzcv, FPSCR
  91 005e 02D4     		bmi	.L19
  92              	.L6:
  62:Core/Src/pid_utils.c **** 			pi->integral = integral_candidate;
  63:Core/Src/pid_utils.c **** 		}
  64:Core/Src/pid_utils.c **** 	} 
  65:Core/Src/pid_utils.c **** 	else if (output < -pi->out_max) {
  66:Core/Src/pid_utils.c **** 		output = -pi->out_max;
  67:Core/Src/pid_utils.c **** 		
  68:Core/Src/pid_utils.c **** 		if (error > 0.0f) {
  69:Core/Src/pid_utils.c **** 			pi->integral = integral_candidate;
  70:Core/Src/pid_utils.c **** 		}
  71:Core/Src/pid_utils.c **** 	} 
  72:Core/Src/pid_utils.c **** 	else {
  73:Core/Src/pid_utils.c **** 		pi->integral = integral_candidate;
  74:Core/Src/pid_utils.c **** 	}
  75:Core/Src/pid_utils.c **** 
  76:Core/Src/pid_utils.c **** 	pi->mv = output;
  93              		.loc 1 76 2 is_stmt 1 view .LVU26
  94              		.loc 1 76 9 is_stmt 0 view .LVU27
  95 0060 80ED0C0A 		vstr.32	s0, [r0, #48]
  77:Core/Src/pid_utils.c **** 	return output;
ARM GAS  /tmp/cc3wX3FK.s 			page 4


  96              		.loc 1 77 2 is_stmt 1 view .LVU28
  78:Core/Src/pid_utils.c **** }
  97              		.loc 1 78 1 is_stmt 0 view .LVU29
  98 0064 7047     		bx	lr
  99              	.L19:
  62:Core/Src/pid_utils.c **** 			pi->integral = integral_candidate;
 100              		.loc 1 62 4 is_stmt 1 view .LVU30
  62:Core/Src/pid_utils.c **** 			pi->integral = integral_candidate;
 101              		.loc 1 62 17 is_stmt 0 view .LVU31
 102 0066 C0ED036A 		vstr.32	s13, [r0, #12]
 103 006a F9E7     		b	.L6
 104              	.LVL6:
 105              	.L17:
  65:Core/Src/pid_utils.c **** 		output = -pi->out_max;
 106              		.loc 1 65 7 is_stmt 1 view .LVU32
  65:Core/Src/pid_utils.c **** 		output = -pi->out_max;
 107              		.loc 1 65 20 is_stmt 0 view .LVU33
 108 006c B1EE400A 		vneg.f32	s0, s0
  65:Core/Src/pid_utils.c **** 		output = -pi->out_max;
 109              		.loc 1 65 10 view .LVU34
 110 0070 B4EEC70A 		vcmpe.f32	s0, s14
 111 0074 F1EE10FA 		vmrs	APSR_nzcv, FPSCR
 112 0078 07DD     		ble	.L18
  66:Core/Src/pid_utils.c **** 		
 113              		.loc 1 66 3 is_stmt 1 view .LVU35
 114              	.LVL7:
  68:Core/Src/pid_utils.c **** 			pi->integral = integral_candidate;
 115              		.loc 1 68 3 view .LVU36
  68:Core/Src/pid_utils.c **** 			pi->integral = integral_candidate;
 116              		.loc 1 68 6 is_stmt 0 view .LVU37
 117 007a F5EEC07A 		vcmpe.f32	s15, #0
 118 007e F1EE10FA 		vmrs	APSR_nzcv, FPSCR
 119 0082 EDDD     		ble	.L6
  69:Core/Src/pid_utils.c **** 		}
 120              		.loc 1 69 4 is_stmt 1 view .LVU38
  69:Core/Src/pid_utils.c **** 		}
 121              		.loc 1 69 17 is_stmt 0 view .LVU39
 122 0084 C0ED036A 		vstr.32	s13, [r0, #12]
 123 0088 EAE7     		b	.L6
 124              	.LVL8:
 125              	.L18:
  73:Core/Src/pid_utils.c **** 	}
 126              		.loc 1 73 3 is_stmt 1 view .LVU40
  73:Core/Src/pid_utils.c **** 	}
 127              		.loc 1 73 16 is_stmt 0 view .LVU41
 128 008a C0ED036A 		vstr.32	s13, [r0, #12]
  56:Core/Src/pid_utils.c **** 
 129              		.loc 1 56 8 view .LVU42
 130 008e B0EE470A 		vmov.f32	s0, s14
 131 0092 E5E7     		b	.L6
 132              	.L21:
 133              		.align	2
 134              	.L20:
 135 0094 00000000 		.word	0
 136              		.cfi_endproc
 137              	.LFE0:
 139              		.section	.text.pd_control,"ax",%progbits
ARM GAS  /tmp/cc3wX3FK.s 			page 5


 140              		.align	1
 141              		.global	pd_control
 142              		.syntax unified
 143              		.thumb
 144              		.thumb_func
 145              		.fpu fpv4-sp-d16
 147              	pd_control:
 148              	.LVL9:
 149              	.LFB1:
  79:Core/Src/pid_utils.c **** 
  80:Core/Src/pid_utils.c **** float pd_control(PID_Controller_t *pd, float error) {
 150              		.loc 1 80 53 is_stmt 1 view -0
 151              		.cfi_startproc
 152              		@ args = 0, pretend = 0, frame = 0
 153              		@ frame_needed = 0, uses_anonymous_args = 0
 154              		@ link register save eliminated.
  81:Core/Src/pid_utils.c ****     if (error >= -pd->e_deadband && error <= pd->e_deadband) {
 155              		.loc 1 81 5 view .LVU44
 156              		.loc 1 81 21 is_stmt 0 view .LVU45
 157 0000 D0ED077A 		vldr.32	s15, [r0, #28]
 158              		.loc 1 81 18 view .LVU46
 159 0004 B1EE677A 		vneg.f32	s14, s15
 160              		.loc 1 81 8 view .LVU47
 161 0008 B4EEC07A 		vcmpe.f32	s14, s0
 162 000c F1EE10FA 		vmrs	APSR_nzcv, FPSCR
 163 0010 04D8     		bhi	.L23
 164              		.loc 1 81 34 discriminator 1 view .LVU48
 165 0012 F4EEC07A 		vcmpe.f32	s15, s0
 166 0016 F1EE10FA 		vmrs	APSR_nzcv, FPSCR
 167 001a 24DA     		bge	.L29
 168              	.L23:
  82:Core/Src/pid_utils.c ****         pd->last_error = 0.0f;  // Reset last_error ketika dalam deadband
  83:Core/Src/pid_utils.c ****         return 0.0f;
  84:Core/Src/pid_utils.c ****     }
  85:Core/Src/pid_utils.c **** 
  86:Core/Src/pid_utils.c ****     float derivative = (error - pd->last_error);
 169              		.loc 1 86 5 is_stmt 1 view .LVU49
 170              		.loc 1 86 35 is_stmt 0 view .LVU50
 171 001c D0ED087A 		vldr.32	s15, [r0, #32]
 172              		.loc 1 86 11 view .LVU51
 173 0020 30EE677A 		vsub.f32	s14, s0, s15
 174              	.LVL10:
  87:Core/Src/pid_utils.c **** 
  88:Core/Src/pid_utils.c ****     pd->last_error = error;
 175              		.loc 1 88 5 is_stmt 1 view .LVU52
 176              		.loc 1 88 20 is_stmt 0 view .LVU53
 177 0024 80ED080A 		vstr.32	s0, [r0, #32]
  89:Core/Src/pid_utils.c **** 
  90:Core/Src/pid_utils.c ****     float p_term = pd->kp * error;
 178              		.loc 1 90 5 is_stmt 1 view .LVU54
 179              		.loc 1 90 22 is_stmt 0 view .LVU55
 180 0028 D0ED007A 		vldr.32	s15, [r0]
 181              		.loc 1 90 11 view .LVU56
 182 002c 27EE800A 		vmul.f32	s0, s15, s0
 183              	.LVL11:
  91:Core/Src/pid_utils.c ****     float d_term = pd->kd / pd->ts * derivative;
 184              		.loc 1 91 5 is_stmt 1 view .LVU57
ARM GAS  /tmp/cc3wX3FK.s 			page 6


 185              		.loc 1 91 22 is_stmt 0 view .LVU58
 186 0030 90ED026A 		vldr.32	s12, [r0, #8]
 187              		.loc 1 91 31 view .LVU59
 188 0034 D0ED066A 		vldr.32	s13, [r0, #24]
 189              		.loc 1 91 27 view .LVU60
 190 0038 C6EE267A 		vdiv.f32	s15, s12, s13
 191              		.loc 1 91 11 view .LVU61
 192 003c 67EE877A 		vmul.f32	s15, s15, s14
 193              	.LVL12:
  92:Core/Src/pid_utils.c **** 
  93:Core/Src/pid_utils.c ****     float output = p_term + d_term;
 194              		.loc 1 93 5 is_stmt 1 view .LVU62
 195              		.loc 1 93 11 is_stmt 0 view .LVU63
 196 0040 70EE277A 		vadd.f32	s15, s0, s15
 197              	.LVL13:
  94:Core/Src/pid_utils.c **** 
  95:Core/Src/pid_utils.c ****     // Output clamping
  96:Core/Src/pid_utils.c ****     if (output > pd->out_max) {
 198              		.loc 1 96 5 is_stmt 1 view .LVU64
 199              		.loc 1 96 20 is_stmt 0 view .LVU65
 200 0044 90ED040A 		vldr.32	s0, [r0, #16]
 201              	.LVL14:
 202              		.loc 1 96 8 view .LVU66
 203 0048 B4EEE70A 		vcmpe.f32	s0, s15
 204 004c F1EE10FA 		vmrs	APSR_nzcv, FPSCR
 205 0050 08D4     		bmi	.L22
  97:Core/Src/pid_utils.c ****         output = pd->out_max;
  98:Core/Src/pid_utils.c ****     }
  99:Core/Src/pid_utils.c ****     else if (output < pd->out_min) {
 206              		.loc 1 99 10 is_stmt 1 view .LVU67
 207              		.loc 1 99 25 is_stmt 0 view .LVU68
 208 0052 90ED050A 		vldr.32	s0, [r0, #20]
 209              		.loc 1 99 13 view .LVU69
 210 0056 B4EEE70A 		vcmpe.f32	s0, s15
 211 005a F1EE10FA 		vmrs	APSR_nzcv, FPSCR
 212 005e 01DC     		bgt	.L22
  93:Core/Src/pid_utils.c **** 
 213              		.loc 1 93 11 view .LVU70
 214 0060 B0EE670A 		vmov.f32	s0, s15
 215              	.LVL15:
 216              	.L22:
 100:Core/Src/pid_utils.c ****         output = pd->out_min;
 101:Core/Src/pid_utils.c ****     }
 102:Core/Src/pid_utils.c **** 
 103:Core/Src/pid_utils.c ****     return output;
 104:Core/Src/pid_utils.c **** }
 217              		.loc 1 104 1 view .LVU71
 218 0064 7047     		bx	lr
 219              	.LVL16:
 220              	.L29:
  82:Core/Src/pid_utils.c ****         return 0.0f;
 221              		.loc 1 82 9 is_stmt 1 view .LVU72
  82:Core/Src/pid_utils.c ****         return 0.0f;
 222              		.loc 1 82 24 is_stmt 0 view .LVU73
 223 0066 9FED020A 		vldr.32	s0, .L30
 224              	.LVL17:
  82:Core/Src/pid_utils.c ****         return 0.0f;
ARM GAS  /tmp/cc3wX3FK.s 			page 7


 225              		.loc 1 82 24 view .LVU74
 226 006a 80ED080A 		vstr.32	s0, [r0, #32]
  83:Core/Src/pid_utils.c ****     }
 227              		.loc 1 83 9 is_stmt 1 view .LVU75
  83:Core/Src/pid_utils.c ****     }
 228              		.loc 1 83 16 is_stmt 0 view .LVU76
 229 006e 7047     		bx	lr
 230              	.L31:
 231              		.align	2
 232              	.L30:
 233 0070 00000000 		.word	0
 234              		.cfi_endproc
 235              	.LFE1:
 237              		.section	.text.pid_control,"ax",%progbits
 238              		.align	1
 239              		.global	pid_control
 240              		.syntax unified
 241              		.thumb
 242              		.thumb_func
 243              		.fpu fpv4-sp-d16
 245              	pid_control:
 246              	.LVL18:
 247              	.LFB2:
 105:Core/Src/pid_utils.c **** //
 106:Core/Src/pid_utils.c **** 
 107:Core/Src/pid_utils.c **** float pid_control(PID_Controller_t *pid, float error) {
 248              		.loc 1 107 55 is_stmt 1 view -0
 249              		.cfi_startproc
 250              		@ args = 0, pretend = 0, frame = 0
 251              		@ frame_needed = 0, uses_anonymous_args = 0
 252              		@ link register save eliminated.
 253              		.loc 1 107 55 is_stmt 0 view .LVU78
 254 0000 F0EE406A 		vmov.f32	s13, s0
 108:Core/Src/pid_utils.c ****  	if (error >= -pid->e_deadband && error <= pid->e_deadband) {
 255              		.loc 1 108 3 is_stmt 1 view .LVU79
 256              		.loc 1 108 20 is_stmt 0 view .LVU80
 257 0004 D0ED077A 		vldr.32	s15, [r0, #28]
 258              		.loc 1 108 16 view .LVU81
 259 0008 B1EE677A 		vneg.f32	s14, s15
 260              		.loc 1 108 6 view .LVU82
 261 000c B4EEC07A 		vcmpe.f32	s14, s0
 262 0010 F1EE10FA 		vmrs	APSR_nzcv, FPSCR
 263 0014 06D8     		bhi	.L33
 264              		.loc 1 108 33 discriminator 1 view .LVU83
 265 0016 F4EEC07A 		vcmpe.f32	s15, s0
 266 001a F1EE10FA 		vmrs	APSR_nzcv, FPSCR
 267 001e 01DB     		blt	.L33
 109:Core/Src/pid_utils.c **** 		error = 0.0f;
 268              		.loc 1 109 9 view .LVU84
 269 0020 DFED2E6A 		vldr.32	s13, .L51
 270              	.L33:
 271              	.LVL19:
 110:Core/Src/pid_utils.c **** 	}
 111:Core/Src/pid_utils.c **** 
 112:Core/Src/pid_utils.c **** 	float p_term = pid->kp * error;
 272              		.loc 1 112 2 is_stmt 1 view .LVU85
 273              		.loc 1 112 20 is_stmt 0 view .LVU86
ARM GAS  /tmp/cc3wX3FK.s 			page 8


 274 0024 D0ED007A 		vldr.32	s15, [r0]
 275              		.loc 1 112 8 view .LVU87
 276 0028 27EEA67A 		vmul.f32	s14, s15, s13
 277              	.LVL20:
 113:Core/Src/pid_utils.c **** 
 114:Core/Src/pid_utils.c **** 	float error_derivative = (error - pid->last_error) / pid->ts;
 278              		.loc 1 114 2 is_stmt 1 view .LVU88
 279              		.loc 1 114 39 is_stmt 0 view .LVU89
 280 002c 90ED085A 		vldr.32	s10, [r0, #32]
 281              		.loc 1 114 34 view .LVU90
 282 0030 36EEC55A 		vsub.f32	s10, s13, s10
 283              		.loc 1 114 58 view .LVU91
 284 0034 90ED066A 		vldr.32	s12, [r0, #24]
 285              		.loc 1 114 8 view .LVU92
 286 0038 C5EE064A 		vdiv.f32	s9, s10, s12
 287              	.LVL21:
 115:Core/Src/pid_utils.c **** 	pid->d_filtered = (1.0f - pid->d_alpha_filter) * pid->d_filtered + pid->d_alpha_filter * error_der
 288              		.loc 1 115 2 is_stmt 1 view .LVU93
 289              		.loc 1 115 31 is_stmt 0 view .LVU94
 290 003c D0ED095A 		vldr.32	s11, [r0, #36]
 291              		.loc 1 115 26 view .LVU95
 292 0040 F7EE007A 		vmov.f32	s15, #1.0e+0
 293 0044 77EEE57A 		vsub.f32	s15, s15, s11
 294              		.loc 1 115 54 view .LVU96
 295 0048 90ED0A5A 		vldr.32	s10, [r0, #40]
 296              		.loc 1 115 49 view .LVU97
 297 004c 67EE857A 		vmul.f32	s15, s15, s10
 298              		.loc 1 115 89 view .LVU98
 299 0050 65EEA45A 		vmul.f32	s11, s11, s9
 300              		.loc 1 115 67 view .LVU99
 301 0054 77EEA57A 		vadd.f32	s15, s15, s11
 302              		.loc 1 115 18 view .LVU100
 303 0058 C0ED0A7A 		vstr.32	s15, [r0, #40]
 116:Core/Src/pid_utils.c **** 	float d_term = pid->d_filtered * pid->kd;
 304              		.loc 1 116 2 is_stmt 1 view .LVU101
 305              		.loc 1 116 38 is_stmt 0 view .LVU102
 306 005c D0ED025A 		vldr.32	s11, [r0, #8]
 307              		.loc 1 116 8 view .LVU103
 308 0060 67EEA57A 		vmul.f32	s15, s15, s11
 309              	.LVL22:
 117:Core/Src/pid_utils.c **** 	// float d_term = pid->kd / pid->ts * (error - pid->last_error);
 118:Core/Src/pid_utils.c **** 	pid->last_error = error;
 310              		.loc 1 118 2 is_stmt 1 view .LVU104
 311              		.loc 1 118 18 is_stmt 0 view .LVU105
 312 0064 C0ED086A 		vstr.32	s13, [r0, #32]
 119:Core/Src/pid_utils.c **** 
 120:Core/Src/pid_utils.c **** 	float new_integral = pid->integral + error * pid->ki * pid->ts;
 313              		.loc 1 120 2 is_stmt 1 view .LVU106
 314              		.loc 1 120 26 is_stmt 0 view .LVU107
 315 0068 D0ED035A 		vldr.32	s11, [r0, #12]
 316              		.loc 1 120 50 view .LVU108
 317 006c 90ED015A 		vldr.32	s10, [r0, #4]
 318              		.loc 1 120 45 view .LVU109
 319 0070 25EE265A 		vmul.f32	s10, s10, s13
 320              		.loc 1 120 55 view .LVU110
 321 0074 26EE056A 		vmul.f32	s12, s12, s10
 322              		.loc 1 120 8 view .LVU111
ARM GAS  /tmp/cc3wX3FK.s 			page 9


 323 0078 35EE866A 		vadd.f32	s12, s11, s12
 324              	.LVL23:
 121:Core/Src/pid_utils.c **** 
 122:Core/Src/pid_utils.c **** 	float output = p_term + d_term + new_integral;
 325              		.loc 1 122 2 is_stmt 1 view .LVU112
 326              		.loc 1 122 24 is_stmt 0 view .LVU113
 327 007c 77EE277A 		vadd.f32	s15, s14, s15
 328              	.LVL24:
 329              		.loc 1 122 8 view .LVU114
 330 0080 37EE867A 		vadd.f32	s14, s15, s12
 331              	.LVL25:
 123:Core/Src/pid_utils.c **** 
 124:Core/Src/pid_utils.c **** 	// Anti-windup with clamping
 125:Core/Src/pid_utils.c **** 	if (output > pid->out_max) {
 332              		.loc 1 125 2 is_stmt 1 view .LVU115
 333              		.loc 1 125 18 is_stmt 0 view .LVU116
 334 0084 90ED040A 		vldr.32	s0, [r0, #16]
 335              		.loc 1 125 5 view .LVU117
 336 0088 B4EEC70A 		vcmpe.f32	s0, s14
 337 008c F1EE10FA 		vmrs	APSR_nzcv, FPSCR
 338 0090 0CD5     		bpl	.L48
 126:Core/Src/pid_utils.c **** 		output = pid->out_max;
 339              		.loc 1 126 3 is_stmt 1 view .LVU118
 340              	.LVL26:
 127:Core/Src/pid_utils.c **** 		if ((output - (p_term + d_term)) * error <= 0) {
 341              		.loc 1 127 3 view .LVU119
 342              		.loc 1 127 15 is_stmt 0 view .LVU120
 343 0092 70EE677A 		vsub.f32	s15, s0, s15
 344              		.loc 1 127 36 view .LVU121
 345 0096 67EEA67A 		vmul.f32	s15, s15, s13
 346              		.loc 1 127 6 view .LVU122
 347 009a F5EEC07A 		vcmpe.f32	s15, #0
 348 009e F1EE10FA 		vmrs	APSR_nzcv, FPSCR
 349 00a2 00D9     		bls	.L50
 350              	.LVL27:
 351              	.L32:
 128:Core/Src/pid_utils.c **** 			pid->integral = new_integral; 
 129:Core/Src/pid_utils.c **** 		}
 130:Core/Src/pid_utils.c **** 	}
 131:Core/Src/pid_utils.c **** 	else if (output < -pid->out_max) {
 132:Core/Src/pid_utils.c **** 		output = -pid->out_max;
 133:Core/Src/pid_utils.c **** 		if ((output - (p_term + d_term)) * error <= 0) {
 134:Core/Src/pid_utils.c **** 			pid->integral = new_integral;
 135:Core/Src/pid_utils.c **** 		}
 136:Core/Src/pid_utils.c **** 	}
 137:Core/Src/pid_utils.c **** 	else {
 138:Core/Src/pid_utils.c **** 		pid->integral = new_integral;
 139:Core/Src/pid_utils.c **** 	}
 140:Core/Src/pid_utils.c **** 
 141:Core/Src/pid_utils.c **** 	return output;
 142:Core/Src/pid_utils.c **** }
 352              		.loc 1 142 1 view .LVU123
 353 00a4 7047     		bx	lr
 354              	.LVL28:
 355              	.L50:
 128:Core/Src/pid_utils.c **** 			pid->integral = new_integral; 
 356              		.loc 1 128 4 is_stmt 1 view .LVU124
ARM GAS  /tmp/cc3wX3FK.s 			page 10


 128:Core/Src/pid_utils.c **** 			pid->integral = new_integral; 
 357              		.loc 1 128 18 is_stmt 0 view .LVU125
 358 00a6 80ED036A 		vstr.32	s12, [r0, #12]
 359 00aa 7047     		bx	lr
 360              	.LVL29:
 361              	.L48:
 131:Core/Src/pid_utils.c **** 		output = -pid->out_max;
 362              		.loc 1 131 7 is_stmt 1 view .LVU126
 131:Core/Src/pid_utils.c **** 		output = -pid->out_max;
 363              		.loc 1 131 20 is_stmt 0 view .LVU127
 364 00ac B1EE400A 		vneg.f32	s0, s0
 131:Core/Src/pid_utils.c **** 		output = -pid->out_max;
 365              		.loc 1 131 10 view .LVU128
 366 00b0 B4EEC70A 		vcmpe.f32	s0, s14
 367 00b4 F1EE10FA 		vmrs	APSR_nzcv, FPSCR
 368 00b8 0BDD     		ble	.L49
 132:Core/Src/pid_utils.c **** 		if ((output - (p_term + d_term)) * error <= 0) {
 369              		.loc 1 132 3 is_stmt 1 view .LVU129
 370              	.LVL30:
 133:Core/Src/pid_utils.c **** 			pid->integral = new_integral;
 371              		.loc 1 133 3 view .LVU130
 133:Core/Src/pid_utils.c **** 			pid->integral = new_integral;
 372              		.loc 1 133 15 is_stmt 0 view .LVU131
 373 00ba 70EE677A 		vsub.f32	s15, s0, s15
 133:Core/Src/pid_utils.c **** 			pid->integral = new_integral;
 374              		.loc 1 133 36 view .LVU132
 375 00be 67EEA67A 		vmul.f32	s15, s15, s13
 133:Core/Src/pid_utils.c **** 			pid->integral = new_integral;
 376              		.loc 1 133 6 view .LVU133
 377 00c2 F5EEC07A 		vcmpe.f32	s15, #0
 378 00c6 F1EE10FA 		vmrs	APSR_nzcv, FPSCR
 379 00ca EBD8     		bhi	.L32
 134:Core/Src/pid_utils.c **** 		}
 380              		.loc 1 134 4 is_stmt 1 view .LVU134
 134:Core/Src/pid_utils.c **** 		}
 381              		.loc 1 134 18 is_stmt 0 view .LVU135
 382 00cc 80ED036A 		vstr.32	s12, [r0, #12]
 383 00d0 7047     		bx	lr
 384              	.LVL31:
 385              	.L49:
 138:Core/Src/pid_utils.c **** 	}
 386              		.loc 1 138 3 is_stmt 1 view .LVU136
 138:Core/Src/pid_utils.c **** 	}
 387              		.loc 1 138 17 is_stmt 0 view .LVU137
 388 00d2 80ED036A 		vstr.32	s12, [r0, #12]
 122:Core/Src/pid_utils.c **** 
 389              		.loc 1 122 8 view .LVU138
 390 00d6 B0EE470A 		vmov.f32	s0, s14
 391              	.LVL32:
 141:Core/Src/pid_utils.c **** }
 392              		.loc 1 141 2 is_stmt 1 view .LVU139
 141:Core/Src/pid_utils.c **** }
 393              		.loc 1 141 9 is_stmt 0 view .LVU140
 394 00da E3E7     		b	.L32
 395              	.L52:
 396              		.align	2
 397              	.L51:
ARM GAS  /tmp/cc3wX3FK.s 			page 11


 398 00dc 00000000 		.word	0
 399              		.cfi_endproc
 400              	.LFE2:
 402              		.section	.text.pid_reset,"ax",%progbits
 403              		.align	1
 404              		.global	pid_reset
 405              		.syntax unified
 406              		.thumb
 407              		.thumb_func
 408              		.fpu fpv4-sp-d16
 410              	pid_reset:
 411              	.LVL33:
 412              	.LFB3:
 143:Core/Src/pid_utils.c **** 
 144:Core/Src/pid_utils.c **** 
 145:Core/Src/pid_utils.c **** 
 146:Core/Src/pid_utils.c **** void pid_reset(PID_Controller_t *p) {
 413              		.loc 1 146 37 is_stmt 1 view -0
 414              		.cfi_startproc
 415              		@ args = 0, pretend = 0, frame = 0
 416              		@ frame_needed = 0, uses_anonymous_args = 0
 417              		@ link register save eliminated.
 147:Core/Src/pid_utils.c **** 	p->integral = 0;
 418              		.loc 1 147 2 view .LVU142
 419              		.loc 1 147 14 is_stmt 0 view .LVU143
 420 0000 0023     		movs	r3, #0
 421 0002 C360     		str	r3, [r0, #12]	@ float
 148:Core/Src/pid_utils.c ****     p->last_error = 0.0f;
 422              		.loc 1 148 5 is_stmt 1 view .LVU144
 423              		.loc 1 148 19 is_stmt 0 view .LVU145
 424 0004 0362     		str	r3, [r0, #32]	@ float
 149:Core/Src/pid_utils.c **** }
 425              		.loc 1 149 1 view .LVU146
 426 0006 7047     		bx	lr
 427              		.cfi_endproc
 428              	.LFE3:
 430              		.section	.text.pid_set_kp,"ax",%progbits
 431              		.align	1
 432              		.global	pid_set_kp
 433              		.syntax unified
 434              		.thumb
 435              		.thumb_func
 436              		.fpu fpv4-sp-d16
 438              	pid_set_kp:
 439              	.LVL34:
 440              	.LFB4:
 150:Core/Src/pid_utils.c **** 
 151:Core/Src/pid_utils.c **** void pid_set_kp(PID_Controller_t *pid, float kp) {
 441              		.loc 1 151 50 is_stmt 1 view -0
 442              		.cfi_startproc
 443              		@ args = 0, pretend = 0, frame = 0
 444              		@ frame_needed = 0, uses_anonymous_args = 0
 445              		@ link register save eliminated.
 152:Core/Src/pid_utils.c ****     if (kp < 0) return;
 446              		.loc 1 152 5 view .LVU148
 447              		.loc 1 152 8 is_stmt 0 view .LVU149
 448 0000 B5EEC00A 		vcmpe.f32	s0, #0
ARM GAS  /tmp/cc3wX3FK.s 			page 12


 449 0004 F1EE10FA 		vmrs	APSR_nzcv, FPSCR
 450 0008 01D4     		bmi	.L54
 153:Core/Src/pid_utils.c ****     pid->kp = kp;
 451              		.loc 1 153 5 is_stmt 1 view .LVU150
 452              		.loc 1 153 13 is_stmt 0 view .LVU151
 453 000a 80ED000A 		vstr.32	s0, [r0]
 454              	.L54:
 154:Core/Src/pid_utils.c **** }
 455              		.loc 1 154 1 view .LVU152
 456 000e 7047     		bx	lr
 457              		.cfi_endproc
 458              	.LFE4:
 460              		.section	.text.pid_set_ki,"ax",%progbits
 461              		.align	1
 462              		.global	pid_set_ki
 463              		.syntax unified
 464              		.thumb
 465              		.thumb_func
 466              		.fpu fpv4-sp-d16
 468              	pid_set_ki:
 469              	.LVL35:
 470              	.LFB5:
 155:Core/Src/pid_utils.c **** 
 156:Core/Src/pid_utils.c **** void pid_set_ki(PID_Controller_t *pid, float ki) {
 471              		.loc 1 156 50 is_stmt 1 view -0
 472              		.cfi_startproc
 473              		@ args = 0, pretend = 0, frame = 0
 474              		@ frame_needed = 0, uses_anonymous_args = 0
 475              		@ link register save eliminated.
 157:Core/Src/pid_utils.c ****     if (ki < 0) return;
 476              		.loc 1 157 5 view .LVU154
 477              		.loc 1 157 8 is_stmt 0 view .LVU155
 478 0000 B5EEC00A 		vcmpe.f32	s0, #0
 479 0004 F1EE10FA 		vmrs	APSR_nzcv, FPSCR
 480 0008 01D4     		bmi	.L56
 158:Core/Src/pid_utils.c ****     pid->ki = ki;
 481              		.loc 1 158 5 is_stmt 1 view .LVU156
 482              		.loc 1 158 13 is_stmt 0 view .LVU157
 483 000a 80ED010A 		vstr.32	s0, [r0, #4]
 484              	.L56:
 159:Core/Src/pid_utils.c **** }
 485              		.loc 1 159 1 view .LVU158
 486 000e 7047     		bx	lr
 487              		.cfi_endproc
 488              	.LFE5:
 490              		.section	.text.pid_set_kd,"ax",%progbits
 491              		.align	1
 492              		.global	pid_set_kd
 493              		.syntax unified
 494              		.thumb
 495              		.thumb_func
 496              		.fpu fpv4-sp-d16
 498              	pid_set_kd:
 499              	.LVL36:
 500              	.LFB6:
 160:Core/Src/pid_utils.c **** 
 161:Core/Src/pid_utils.c **** void pid_set_kd(PID_Controller_t *pid, float kd) {
ARM GAS  /tmp/cc3wX3FK.s 			page 13


 501              		.loc 1 161 50 is_stmt 1 view -0
 502              		.cfi_startproc
 503              		@ args = 0, pretend = 0, frame = 0
 504              		@ frame_needed = 0, uses_anonymous_args = 0
 505              		@ link register save eliminated.
 162:Core/Src/pid_utils.c ****     if (kd < 0) return;
 506              		.loc 1 162 5 view .LVU160
 507              		.loc 1 162 8 is_stmt 0 view .LVU161
 508 0000 B5EEC00A 		vcmpe.f32	s0, #0
 509 0004 F1EE10FA 		vmrs	APSR_nzcv, FPSCR
 510 0008 01D4     		bmi	.L58
 163:Core/Src/pid_utils.c ****     pid->kd = kd;
 511              		.loc 1 163 5 is_stmt 1 view .LVU162
 512              		.loc 1 163 13 is_stmt 0 view .LVU163
 513 000a 80ED020A 		vstr.32	s0, [r0, #8]
 514              	.L58:
 164:Core/Src/pid_utils.c **** }
 515              		.loc 1 164 1 view .LVU164
 516 000e 7047     		bx	lr
 517              		.cfi_endproc
 518              	.LFE6:
 520              		.section	.text.pid_set_ts,"ax",%progbits
 521              		.align	1
 522              		.global	pid_set_ts
 523              		.syntax unified
 524              		.thumb
 525              		.thumb_func
 526              		.fpu fpv4-sp-d16
 528              	pid_set_ts:
 529              	.LVL37:
 530              	.LFB7:
 165:Core/Src/pid_utils.c **** 
 166:Core/Src/pid_utils.c **** void pid_set_ts(PID_Controller_t *pid, float ts) {
 531              		.loc 1 166 50 is_stmt 1 view -0
 532              		.cfi_startproc
 533              		@ args = 0, pretend = 0, frame = 0
 534              		@ frame_needed = 0, uses_anonymous_args = 0
 535              		@ link register save eliminated.
 167:Core/Src/pid_utils.c ****     if (ts <= 0) return;
 536              		.loc 1 167 5 view .LVU166
 537              		.loc 1 167 8 is_stmt 0 view .LVU167
 538 0000 B5EEC00A 		vcmpe.f32	s0, #0
 539 0004 F1EE10FA 		vmrs	APSR_nzcv, FPSCR
 540 0008 01D9     		bls	.L60
 168:Core/Src/pid_utils.c ****     pid->ts = ts;
 541              		.loc 1 168 5 is_stmt 1 view .LVU168
 542              		.loc 1 168 13 is_stmt 0 view .LVU169
 543 000a 80ED060A 		vstr.32	s0, [r0, #24]
 544              	.L60:
 169:Core/Src/pid_utils.c **** }
 545              		.loc 1 169 1 view .LVU170
 546 000e 7047     		bx	lr
 547              		.cfi_endproc
 548              	.LFE7:
 550              		.section	.text.pid_set_out_constraint,"ax",%progbits
 551              		.align	1
 552              		.global	pid_set_out_constraint
ARM GAS  /tmp/cc3wX3FK.s 			page 14


 553              		.syntax unified
 554              		.thumb
 555              		.thumb_func
 556              		.fpu fpv4-sp-d16
 558              	pid_set_out_constraint:
 559              	.LVL38:
 560              	.LFB8:
 170:Core/Src/pid_utils.c **** 
 171:Core/Src/pid_utils.c **** void pid_set_out_constraint(PID_Controller_t *pid, float max, float min) {
 561              		.loc 1 171 74 is_stmt 1 view -0
 562              		.cfi_startproc
 563              		@ args = 0, pretend = 0, frame = 0
 564              		@ frame_needed = 0, uses_anonymous_args = 0
 565              		@ link register save eliminated.
 172:Core/Src/pid_utils.c ****     pid->out_max = max;
 566              		.loc 1 172 5 view .LVU172
 567              		.loc 1 172 18 is_stmt 0 view .LVU173
 568 0000 80ED040A 		vstr.32	s0, [r0, #16]
 173:Core/Src/pid_utils.c ****     pid->out_min = min;
 569              		.loc 1 173 5 is_stmt 1 view .LVU174
 570              		.loc 1 173 18 is_stmt 0 view .LVU175
 571 0004 C0ED050A 		vstr.32	s1, [r0, #20]
 174:Core/Src/pid_utils.c **** }
 572              		.loc 1 174 1 view .LVU176
 573 0008 7047     		bx	lr
 574              		.cfi_endproc
 575              	.LFE8:
 577              		.section	.text.pid_set_deadband,"ax",%progbits
 578              		.align	1
 579              		.global	pid_set_deadband
 580              		.syntax unified
 581              		.thumb
 582              		.thumb_func
 583              		.fpu fpv4-sp-d16
 585              	pid_set_deadband:
 586              	.LVL39:
 587              	.LFB9:
 175:Core/Src/pid_utils.c **** 
 176:Core/Src/pid_utils.c **** void pid_set_deadband(PID_Controller_t *pid, float deadband) {
 588              		.loc 1 176 62 is_stmt 1 view -0
 589              		.cfi_startproc
 590              		@ args = 0, pretend = 0, frame = 0
 591              		@ frame_needed = 0, uses_anonymous_args = 0
 592              		@ link register save eliminated.
 177:Core/Src/pid_utils.c ****     pid->e_deadband = deadband;
 593              		.loc 1 177 5 view .LVU178
 594              		.loc 1 177 21 is_stmt 0 view .LVU179
 595 0000 80ED070A 		vstr.32	s0, [r0, #28]
 178:Core/Src/pid_utils.c **** }
 596              		.loc 1 178 1 view .LVU180
 597 0004 7047     		bx	lr
 598              		.cfi_endproc
 599              	.LFE9:
 601              		.section	.text.pid_set_d_filter_fc,"ax",%progbits
 602              		.align	1
 603              		.global	pid_set_d_filter_fc
 604              		.syntax unified
ARM GAS  /tmp/cc3wX3FK.s 			page 15


 605              		.thumb
 606              		.thumb_func
 607              		.fpu fpv4-sp-d16
 609              	pid_set_d_filter_fc:
 610              	.LVL40:
 611              	.LFB10:
 179:Core/Src/pid_utils.c **** 
 180:Core/Src/pid_utils.c **** void pid_set_d_filter_fc(PID_Controller_t *pid, float fc) {
 612              		.loc 1 180 59 is_stmt 1 view -0
 613              		.cfi_startproc
 614              		@ args = 0, pretend = 0, frame = 0
 615              		@ frame_needed = 0, uses_anonymous_args = 0
 616              		@ link register save eliminated.
 181:Core/Src/pid_utils.c ****     float tau = 1.0f / (TWO_PI * fc);
 617              		.loc 1 181 5 view .LVU182
 618              		.loc 1 181 32 is_stmt 0 view .LVU183
 619 0000 DFED0B7A 		vldr.32	s15, .L68
 620 0004 20EE270A 		vmul.f32	s0, s0, s15
 621              	.LVL41:
 622              		.loc 1 181 11 view .LVU184
 623 0008 B7EE007A 		vmov.f32	s14, #1.0e+0
 624 000c C7EE007A 		vdiv.f32	s15, s14, s0
 625              	.LVL42:
 182:Core/Src/pid_utils.c ****     pid->d_alpha_filter = pid->ts / (tau + pid->ts);
 626              		.loc 1 182 5 is_stmt 1 view .LVU185
 627              		.loc 1 182 30 is_stmt 0 view .LVU186
 628 0010 90ED066A 		vldr.32	s12, [r0, #24]
 629              		.loc 1 182 42 view .LVU187
 630 0014 76EE277A 		vadd.f32	s15, s12, s15
 631              	.LVL43:
 632              		.loc 1 182 35 view .LVU188
 633 0018 C6EE276A 		vdiv.f32	s13, s12, s15
 634              		.loc 1 182 25 view .LVU189
 635 001c C0ED096A 		vstr.32	s13, [r0, #36]
 183:Core/Src/pid_utils.c ****     if (pid->d_alpha_filter > 1.0f) pid->d_alpha_filter = 1.0f;
 636              		.loc 1 183 5 is_stmt 1 view .LVU190
 637              		.loc 1 183 8 is_stmt 0 view .LVU191
 638 0020 F4EEC76A 		vcmpe.f32	s13, s14
 639 0024 F1EE10FA 		vmrs	APSR_nzcv, FPSCR
 640 0028 01DD     		ble	.L64
 641              		.loc 1 183 37 is_stmt 1 discriminator 1 view .LVU192
 642              		.loc 1 183 57 is_stmt 0 discriminator 1 view .LVU193
 643 002a 80ED097A 		vstr.32	s14, [r0, #36]
 644              	.L64:
 184:Core/Src/pid_utils.c **** }
 645              		.loc 1 184 1 view .LVU194
 646 002e 7047     		bx	lr
 647              	.L69:
 648              		.align	2
 649              	.L68:
 650 0030 DB0FC940 		.word	1086918619
 651              		.cfi_endproc
 652              	.LFE10:
 654              		.section	.text.pid_set_max_d,"ax",%progbits
 655              		.align	1
 656              		.global	pid_set_max_d
 657              		.syntax unified
ARM GAS  /tmp/cc3wX3FK.s 			page 16


 658              		.thumb
 659              		.thumb_func
 660              		.fpu fpv4-sp-d16
 662              	pid_set_max_d:
 663              	.LVL44:
 664              	.LFB11:
 185:Core/Src/pid_utils.c **** 
 186:Core/Src/pid_utils.c **** void pid_set_max_d(PID_Controller_t *pid, float max) {
 665              		.loc 1 186 54 is_stmt 1 view -0
 666              		.cfi_startproc
 667              		@ args = 0, pretend = 0, frame = 0
 668              		@ frame_needed = 0, uses_anonymous_args = 0
 669              		@ link register save eliminated.
 187:Core/Src/pid_utils.c ****     if (max <= 0) return;
 670              		.loc 1 187 5 view .LVU196
 671              		.loc 1 187 8 is_stmt 0 view .LVU197
 672 0000 B5EEC00A 		vcmpe.f32	s0, #0
 673 0004 F1EE10FA 		vmrs	APSR_nzcv, FPSCR
 674 0008 01D9     		bls	.L70
 188:Core/Src/pid_utils.c ****     pid->d_max = max;
 675              		.loc 1 188 5 is_stmt 1 view .LVU198
 676              		.loc 1 188 16 is_stmt 0 view .LVU199
 677 000a 80ED0B0A 		vstr.32	s0, [r0, #44]
 678              	.L70:
 189:Core/Src/pid_utils.c **** }
 679              		.loc 1 189 1 view .LVU200
 680 000e 7047     		bx	lr
 681              		.cfi_endproc
 682              	.LFE11:
 684              		.section	.text.pid_init,"ax",%progbits
 685              		.align	1
 686              		.global	pid_init
 687              		.syntax unified
 688              		.thumb
 689              		.thumb_func
 690              		.fpu fpv4-sp-d16
 692              	pid_init:
 693              	.LVL45:
 694              	.LFB12:
 190:Core/Src/pid_utils.c **** //
 191:Core/Src/pid_utils.c **** 
 192:Core/Src/pid_utils.c **** void pid_init(PID_Controller_t *pid, float kp, float ki, float kd, float Ts, float out_max, float d
 695              		.loc 1 192 109 is_stmt 1 view -0
 696              		.cfi_startproc
 697              		@ args = 0, pretend = 0, frame = 0
 698              		@ frame_needed = 0, uses_anonymous_args = 0
 699              		@ link register save eliminated.
 193:Core/Src/pid_utils.c **** 	pid->kp = kp;
 700              		.loc 1 193 2 view .LVU202
 701              		.loc 1 193 10 is_stmt 0 view .LVU203
 702 0000 80ED000A 		vstr.32	s0, [r0]
 194:Core/Src/pid_utils.c **** 	pid->ki = ki;
 703              		.loc 1 194 2 is_stmt 1 view .LVU204
 704              		.loc 1 194 10 is_stmt 0 view .LVU205
 705 0004 C0ED010A 		vstr.32	s1, [r0, #4]
 195:Core/Src/pid_utils.c **** 	pid->kd = kd;
 706              		.loc 1 195 2 is_stmt 1 view .LVU206
ARM GAS  /tmp/cc3wX3FK.s 			page 17


 707              		.loc 1 195 10 is_stmt 0 view .LVU207
 708 0008 80ED021A 		vstr.32	s2, [r0, #8]
 196:Core/Src/pid_utils.c **** 	pid->ts = Ts;
 709              		.loc 1 196 2 is_stmt 1 view .LVU208
 710              		.loc 1 196 10 is_stmt 0 view .LVU209
 711 000c C0ED061A 		vstr.32	s3, [r0, #24]
 197:Core/Src/pid_utils.c **** 	pid->integral = 0.0f;
 712              		.loc 1 197 2 is_stmt 1 view .LVU210
 713              		.loc 1 197 16 is_stmt 0 view .LVU211
 714 0010 0023     		movs	r3, #0
 715 0012 C360     		str	r3, [r0, #12]	@ float
 198:Core/Src/pid_utils.c **** 	pid->out_max = out_max;
 716              		.loc 1 198 2 is_stmt 1 view .LVU212
 717              		.loc 1 198 15 is_stmt 0 view .LVU213
 718 0014 80ED042A 		vstr.32	s4, [r0, #16]
 199:Core/Src/pid_utils.c **** 	pid->e_deadband = deadband;
 719              		.loc 1 199 2 is_stmt 1 view .LVU214
 720              		.loc 1 199 18 is_stmt 0 view .LVU215
 721 0018 C0ED072A 		vstr.32	s5, [r0, #28]
 200:Core/Src/pid_utils.c **** 	pid->last_error = 0.0f;
 722              		.loc 1 200 2 is_stmt 1 view .LVU216
 723              		.loc 1 200 18 is_stmt 0 view .LVU217
 724 001c 0362     		str	r3, [r0, #32]	@ float
 201:Core/Src/pid_utils.c **** }
 725              		.loc 1 201 1 view .LVU218
 726 001e 7047     		bx	lr
 727              		.cfi_endproc
 728              	.LFE12:
 730              		.text
 731              	.Letext0:
 732              		.file 2 "Core/Inc/pid_utils.h"
ARM GAS  /tmp/cc3wX3FK.s 			page 18


DEFINED SYMBOLS
                            *ABS*:0000000000000000 pid_utils.c
     /tmp/cc3wX3FK.s:18     .text.pi_control:0000000000000000 $t
     /tmp/cc3wX3FK.s:26     .text.pi_control:0000000000000000 pi_control
     /tmp/cc3wX3FK.s:135    .text.pi_control:0000000000000094 $d
     /tmp/cc3wX3FK.s:140    .text.pd_control:0000000000000000 $t
     /tmp/cc3wX3FK.s:147    .text.pd_control:0000000000000000 pd_control
     /tmp/cc3wX3FK.s:233    .text.pd_control:0000000000000070 $d
     /tmp/cc3wX3FK.s:238    .text.pid_control:0000000000000000 $t
     /tmp/cc3wX3FK.s:245    .text.pid_control:0000000000000000 pid_control
     /tmp/cc3wX3FK.s:398    .text.pid_control:00000000000000dc $d
     /tmp/cc3wX3FK.s:403    .text.pid_reset:0000000000000000 $t
     /tmp/cc3wX3FK.s:410    .text.pid_reset:0000000000000000 pid_reset
     /tmp/cc3wX3FK.s:431    .text.pid_set_kp:0000000000000000 $t
     /tmp/cc3wX3FK.s:438    .text.pid_set_kp:0000000000000000 pid_set_kp
     /tmp/cc3wX3FK.s:461    .text.pid_set_ki:0000000000000000 $t
     /tmp/cc3wX3FK.s:468    .text.pid_set_ki:0000000000000000 pid_set_ki
     /tmp/cc3wX3FK.s:491    .text.pid_set_kd:0000000000000000 $t
     /tmp/cc3wX3FK.s:498    .text.pid_set_kd:0000000000000000 pid_set_kd
     /tmp/cc3wX3FK.s:521    .text.pid_set_ts:0000000000000000 $t
     /tmp/cc3wX3FK.s:528    .text.pid_set_ts:0000000000000000 pid_set_ts
     /tmp/cc3wX3FK.s:551    .text.pid_set_out_constraint:0000000000000000 $t
     /tmp/cc3wX3FK.s:558    .text.pid_set_out_constraint:0000000000000000 pid_set_out_constraint
     /tmp/cc3wX3FK.s:578    .text.pid_set_deadband:0000000000000000 $t
     /tmp/cc3wX3FK.s:585    .text.pid_set_deadband:0000000000000000 pid_set_deadband
     /tmp/cc3wX3FK.s:602    .text.pid_set_d_filter_fc:0000000000000000 $t
     /tmp/cc3wX3FK.s:609    .text.pid_set_d_filter_fc:0000000000000000 pid_set_d_filter_fc
     /tmp/cc3wX3FK.s:650    .text.pid_set_d_filter_fc:0000000000000030 $d
     /tmp/cc3wX3FK.s:655    .text.pid_set_max_d:0000000000000000 $t
     /tmp/cc3wX3FK.s:662    .text.pid_set_max_d:0000000000000000 pid_set_max_d
     /tmp/cc3wX3FK.s:685    .text.pid_init:0000000000000000 $t
     /tmp/cc3wX3FK.s:692    .text.pid_init:0000000000000000 pid_init

NO UNDEFINED SYMBOLS
