ARM GAS  /tmp/ccrGqYIC.s 			page 1


   1              		.cpu cortex-m4
   2              		.eabi_attribute 27, 1
   3              		.eabi_attribute 28, 1
   4              		.eabi_attribute 20, 1
   5              		.eabi_attribute 21, 1
   6              		.eabi_attribute 23, 3
   7              		.eabi_attribute 24, 1
   8              		.eabi_attribute 25, 1
   9              		.eabi_attribute 26, 1
  10              		.eabi_attribute 30, 1
  11              		.eabi_attribute 34, 1
  12              		.eabi_attribute 18, 4
  13              		.file	"spi.c"
  14              		.text
  15              	.Ltext0:
  16              		.cfi_sections	.debug_frame
  17              		.section	.text.MX_SPI1_Init,"ax",%progbits
  18              		.align	1
  19              		.global	MX_SPI1_Init
  20              		.arch armv7e-m
  21              		.syntax unified
  22              		.thumb
  23              		.thumb_func
  24              		.fpu fpv4-sp-d16
  26              	MX_SPI1_Init:
  27              	.LFB134:
  28              		.file 1 "Core/Src/spi.c"
   1:Core/Src/spi.c **** 
   2:Core/Src/spi.c **** /* Includes ------------------------------------------------------------------*/
   3:Core/Src/spi.c **** #include "spi.h"
   4:Core/Src/spi.c **** 
   5:Core/Src/spi.c **** 
   6:Core/Src/spi.c **** SPI_HandleTypeDef hspi1;
   7:Core/Src/spi.c **** SPI_HandleTypeDef hspi2;
   8:Core/Src/spi.c **** DMA_HandleTypeDef hdma_spi1_rx;
   9:Core/Src/spi.c **** DMA_HandleTypeDef hdma_spi1_tx;
  10:Core/Src/spi.c **** DMA_HandleTypeDef hdma_spi2_rx;
  11:Core/Src/spi.c **** DMA_HandleTypeDef hdma_spi2_tx;
  12:Core/Src/spi.c **** 
  13:Core/Src/spi.c **** 
  14:Core/Src/spi.c **** /**
  15:Core/Src/spi.c ****   * @brief SPI1 Initialization Function
  16:Core/Src/spi.c ****   * @param None
  17:Core/Src/spi.c ****   * @retval None
  18:Core/Src/spi.c ****   */
  19:Core/Src/spi.c **** void MX_SPI1_Init(void)
  20:Core/Src/spi.c **** {
  29              		.loc 1 20 1 view -0
  30              		.cfi_startproc
  31              		@ args = 0, pretend = 0, frame = 0
  32              		@ frame_needed = 0, uses_anonymous_args = 0
  33 0000 08B5     		push	{r3, lr}
  34              	.LCFI0:
  35              		.cfi_def_cfa_offset 8
  36              		.cfi_offset 3, -8
  37              		.cfi_offset 14, -4
  21:Core/Src/spi.c **** 
ARM GAS  /tmp/ccrGqYIC.s 			page 2


  22:Core/Src/spi.c ****   /* USER CODE BEGIN SPI1_Init 0 */
  23:Core/Src/spi.c **** 
  24:Core/Src/spi.c ****   /* USER CODE END SPI1_Init 0 */
  25:Core/Src/spi.c **** 
  26:Core/Src/spi.c ****   /* USER CODE BEGIN SPI1_Init 1 */
  27:Core/Src/spi.c **** 
  28:Core/Src/spi.c ****   /* USER CODE END SPI1_Init 1 */
  29:Core/Src/spi.c ****   /* SPI1 parameter configuration*/
  30:Core/Src/spi.c ****   hspi1.Instance = SPI1;
  38              		.loc 1 30 3 view .LVU1
  39              		.loc 1 30 18 is_stmt 0 view .LVU2
  40 0002 0E48     		ldr	r0, .L5
  41 0004 0E4B     		ldr	r3, .L5+4
  42 0006 0360     		str	r3, [r0]
  31:Core/Src/spi.c ****   hspi1.Init.Mode = SPI_MODE_MASTER;
  43              		.loc 1 31 3 is_stmt 1 view .LVU3
  44              		.loc 1 31 19 is_stmt 0 view .LVU4
  45 0008 4FF48273 		mov	r3, #260
  46 000c 4360     		str	r3, [r0, #4]
  32:Core/Src/spi.c ****   hspi1.Init.Direction = SPI_DIRECTION_2LINES;
  47              		.loc 1 32 3 is_stmt 1 view .LVU5
  48              		.loc 1 32 24 is_stmt 0 view .LVU6
  49 000e 0023     		movs	r3, #0
  50 0010 8360     		str	r3, [r0, #8]
  33:Core/Src/spi.c ****   hspi1.Init.DataSize = SPI_DATASIZE_8BIT;
  51              		.loc 1 33 3 is_stmt 1 view .LVU7
  52              		.loc 1 33 23 is_stmt 0 view .LVU8
  53 0012 C360     		str	r3, [r0, #12]
  34:Core/Src/spi.c ****   hspi1.Init.CLKPolarity = SPI_POLARITY_LOW;
  54              		.loc 1 34 3 is_stmt 1 view .LVU9
  55              		.loc 1 34 26 is_stmt 0 view .LVU10
  56 0014 0361     		str	r3, [r0, #16]
  35:Core/Src/spi.c ****   hspi1.Init.CLKPhase = SPI_PHASE_2EDGE;
  57              		.loc 1 35 3 is_stmt 1 view .LVU11
  58              		.loc 1 35 23 is_stmt 0 view .LVU12
  59 0016 0122     		movs	r2, #1
  60 0018 4261     		str	r2, [r0, #20]
  36:Core/Src/spi.c ****   hspi1.Init.NSS = SPI_NSS_SOFT;
  61              		.loc 1 36 3 is_stmt 1 view .LVU13
  62              		.loc 1 36 18 is_stmt 0 view .LVU14
  63 001a 4FF40072 		mov	r2, #512
  64 001e 8261     		str	r2, [r0, #24]
  37:Core/Src/spi.c ****   hspi1.Init.BaudRatePrescaler = SPI_BAUDRATEPRESCALER_16;
  65              		.loc 1 37 3 is_stmt 1 view .LVU15
  66              		.loc 1 37 32 is_stmt 0 view .LVU16
  67 0020 1822     		movs	r2, #24
  68 0022 C261     		str	r2, [r0, #28]
  38:Core/Src/spi.c ****   hspi1.Init.FirstBit = SPI_FIRSTBIT_MSB;
  69              		.loc 1 38 3 is_stmt 1 view .LVU17
  70              		.loc 1 38 23 is_stmt 0 view .LVU18
  71 0024 0362     		str	r3, [r0, #32]
  39:Core/Src/spi.c ****   hspi1.Init.TIMode = SPI_TIMODE_DISABLE;
  72              		.loc 1 39 3 is_stmt 1 view .LVU19
  73              		.loc 1 39 21 is_stmt 0 view .LVU20
  74 0026 4362     		str	r3, [r0, #36]
  40:Core/Src/spi.c ****   hspi1.Init.CRCCalculation = SPI_CRCCALCULATION_DISABLE;
  75              		.loc 1 40 3 is_stmt 1 view .LVU21
ARM GAS  /tmp/ccrGqYIC.s 			page 3


  76              		.loc 1 40 29 is_stmt 0 view .LVU22
  77 0028 8362     		str	r3, [r0, #40]
  41:Core/Src/spi.c ****   hspi1.Init.CRCPolynomial = 10;
  78              		.loc 1 41 3 is_stmt 1 view .LVU23
  79              		.loc 1 41 28 is_stmt 0 view .LVU24
  80 002a 0A23     		movs	r3, #10
  81 002c C362     		str	r3, [r0, #44]
  42:Core/Src/spi.c ****   if (HAL_SPI_Init(&hspi1) != HAL_OK)
  82              		.loc 1 42 3 is_stmt 1 view .LVU25
  83              		.loc 1 42 7 is_stmt 0 view .LVU26
  84 002e FFF7FEFF 		bl	HAL_SPI_Init
  85              	.LVL0:
  86              		.loc 1 42 6 view .LVU27
  87 0032 00B9     		cbnz	r0, .L4
  88              	.L1:
  43:Core/Src/spi.c ****   {
  44:Core/Src/spi.c ****     Error_Handler();
  45:Core/Src/spi.c ****   }
  46:Core/Src/spi.c ****   /* USER CODE BEGIN SPI1_Init 2 */
  47:Core/Src/spi.c **** 
  48:Core/Src/spi.c ****   /* USER CODE END SPI1_Init 2 */
  49:Core/Src/spi.c **** 
  50:Core/Src/spi.c **** }
  89              		.loc 1 50 1 view .LVU28
  90 0034 08BD     		pop	{r3, pc}
  91              	.L4:
  44:Core/Src/spi.c ****   }
  92              		.loc 1 44 5 is_stmt 1 view .LVU29
  93 0036 FFF7FEFF 		bl	Error_Handler
  94              	.LVL1:
  95              		.loc 1 50 1 is_stmt 0 view .LVU30
  96 003a FBE7     		b	.L1
  97              	.L6:
  98              		.align	2
  99              	.L5:
 100 003c 00000000 		.word	.LANCHOR0
 101 0040 00300140 		.word	1073819648
 102              		.cfi_endproc
 103              	.LFE134:
 105              		.section	.text.MX_SPI2_Init,"ax",%progbits
 106              		.align	1
 107              		.global	MX_SPI2_Init
 108              		.syntax unified
 109              		.thumb
 110              		.thumb_func
 111              		.fpu fpv4-sp-d16
 113              	MX_SPI2_Init:
 114              	.LFB135:
  51:Core/Src/spi.c **** 
  52:Core/Src/spi.c **** /**
  53:Core/Src/spi.c ****   * @brief SPI2 Initialization Function
  54:Core/Src/spi.c ****   * @param None
  55:Core/Src/spi.c ****   * @retval None
  56:Core/Src/spi.c ****   */
  57:Core/Src/spi.c **** void MX_SPI2_Init(void)
  58:Core/Src/spi.c **** {
 115              		.loc 1 58 1 is_stmt 1 view -0
ARM GAS  /tmp/ccrGqYIC.s 			page 4


 116              		.cfi_startproc
 117              		@ args = 0, pretend = 0, frame = 0
 118              		@ frame_needed = 0, uses_anonymous_args = 0
 119 0000 08B5     		push	{r3, lr}
 120              	.LCFI1:
 121              		.cfi_def_cfa_offset 8
 122              		.cfi_offset 3, -8
 123              		.cfi_offset 14, -4
  59:Core/Src/spi.c **** 
  60:Core/Src/spi.c ****   /* USER CODE BEGIN SPI2_Init 0 */
  61:Core/Src/spi.c **** 
  62:Core/Src/spi.c ****   /* USER CODE END SPI2_Init 0 */
  63:Core/Src/spi.c **** 
  64:Core/Src/spi.c ****   /* USER CODE BEGIN SPI2_Init 1 */
  65:Core/Src/spi.c **** 
  66:Core/Src/spi.c ****   /* USER CODE END SPI2_Init 1 */
  67:Core/Src/spi.c ****   /* SPI2 parameter configuration*/
  68:Core/Src/spi.c ****   hspi2.Instance = SPI2;
 124              		.loc 1 68 3 view .LVU32
 125              		.loc 1 68 18 is_stmt 0 view .LVU33
 126 0002 0E48     		ldr	r0, .L11
 127 0004 0E4B     		ldr	r3, .L11+4
 128 0006 0360     		str	r3, [r0]
  69:Core/Src/spi.c ****   hspi2.Init.Mode = SPI_MODE_MASTER;
 129              		.loc 1 69 3 is_stmt 1 view .LVU34
 130              		.loc 1 69 19 is_stmt 0 view .LVU35
 131 0008 4FF48273 		mov	r3, #260
 132 000c 4360     		str	r3, [r0, #4]
  70:Core/Src/spi.c ****   hspi2.Init.Direction = SPI_DIRECTION_2LINES;
 133              		.loc 1 70 3 is_stmt 1 view .LVU36
 134              		.loc 1 70 24 is_stmt 0 view .LVU37
 135 000e 0023     		movs	r3, #0
 136 0010 8360     		str	r3, [r0, #8]
  71:Core/Src/spi.c ****   hspi2.Init.DataSize = SPI_DATASIZE_8BIT;
 137              		.loc 1 71 3 is_stmt 1 view .LVU38
 138              		.loc 1 71 23 is_stmt 0 view .LVU39
 139 0012 C360     		str	r3, [r0, #12]
  72:Core/Src/spi.c ****   hspi2.Init.CLKPolarity = SPI_POLARITY_LOW;
 140              		.loc 1 72 3 is_stmt 1 view .LVU40
 141              		.loc 1 72 26 is_stmt 0 view .LVU41
 142 0014 0361     		str	r3, [r0, #16]
  73:Core/Src/spi.c ****   hspi2.Init.CLKPhase = SPI_PHASE_2EDGE;
 143              		.loc 1 73 3 is_stmt 1 view .LVU42
 144              		.loc 1 73 23 is_stmt 0 view .LVU43
 145 0016 0122     		movs	r2, #1
 146 0018 4261     		str	r2, [r0, #20]
  74:Core/Src/spi.c ****   hspi2.Init.NSS = SPI_NSS_SOFT;
 147              		.loc 1 74 3 is_stmt 1 view .LVU44
 148              		.loc 1 74 18 is_stmt 0 view .LVU45
 149 001a 4FF40072 		mov	r2, #512
 150 001e 8261     		str	r2, [r0, #24]
  75:Core/Src/spi.c ****   hspi2.Init.BaudRatePrescaler = SPI_BAUDRATEPRESCALER_8;
 151              		.loc 1 75 3 is_stmt 1 view .LVU46
 152              		.loc 1 75 32 is_stmt 0 view .LVU47
 153 0020 1022     		movs	r2, #16
 154 0022 C261     		str	r2, [r0, #28]
  76:Core/Src/spi.c ****   hspi2.Init.FirstBit = SPI_FIRSTBIT_MSB;
ARM GAS  /tmp/ccrGqYIC.s 			page 5


 155              		.loc 1 76 3 is_stmt 1 view .LVU48
 156              		.loc 1 76 23 is_stmt 0 view .LVU49
 157 0024 0362     		str	r3, [r0, #32]
  77:Core/Src/spi.c ****   hspi2.Init.TIMode = SPI_TIMODE_DISABLE;
 158              		.loc 1 77 3 is_stmt 1 view .LVU50
 159              		.loc 1 77 21 is_stmt 0 view .LVU51
 160 0026 4362     		str	r3, [r0, #36]
  78:Core/Src/spi.c ****   hspi2.Init.CRCCalculation = SPI_CRCCALCULATION_DISABLE;
 161              		.loc 1 78 3 is_stmt 1 view .LVU52
 162              		.loc 1 78 29 is_stmt 0 view .LVU53
 163 0028 8362     		str	r3, [r0, #40]
  79:Core/Src/spi.c ****   hspi2.Init.CRCPolynomial = 10;
 164              		.loc 1 79 3 is_stmt 1 view .LVU54
 165              		.loc 1 79 28 is_stmt 0 view .LVU55
 166 002a 0A23     		movs	r3, #10
 167 002c C362     		str	r3, [r0, #44]
  80:Core/Src/spi.c ****   if (HAL_SPI_Init(&hspi2) != HAL_OK)
 168              		.loc 1 80 3 is_stmt 1 view .LVU56
 169              		.loc 1 80 7 is_stmt 0 view .LVU57
 170 002e FFF7FEFF 		bl	HAL_SPI_Init
 171              	.LVL2:
 172              		.loc 1 80 6 view .LVU58
 173 0032 00B9     		cbnz	r0, .L10
 174              	.L7:
  81:Core/Src/spi.c ****   {
  82:Core/Src/spi.c ****     Error_Handler();
  83:Core/Src/spi.c ****   }
  84:Core/Src/spi.c ****   /* USER CODE BEGIN SPI2_Init 2 */
  85:Core/Src/spi.c **** 
  86:Core/Src/spi.c ****   /* USER CODE END SPI2_Init 2 */
  87:Core/Src/spi.c **** 
  88:Core/Src/spi.c **** }
 175              		.loc 1 88 1 view .LVU59
 176 0034 08BD     		pop	{r3, pc}
 177              	.L10:
  82:Core/Src/spi.c ****   }
 178              		.loc 1 82 5 is_stmt 1 view .LVU60
 179 0036 FFF7FEFF 		bl	Error_Handler
 180              	.LVL3:
 181              		.loc 1 88 1 is_stmt 0 view .LVU61
 182 003a FBE7     		b	.L7
 183              	.L12:
 184              		.align	2
 185              	.L11:
 186 003c 00000000 		.word	.LANCHOR1
 187 0040 00380040 		.word	1073756160
 188              		.cfi_endproc
 189              	.LFE135:
 191              		.section	.text.HAL_SPI_MspInit,"ax",%progbits
 192              		.align	1
 193              		.global	HAL_SPI_MspInit
 194              		.syntax unified
 195              		.thumb
 196              		.thumb_func
 197              		.fpu fpv4-sp-d16
 199              	HAL_SPI_MspInit:
 200              	.LVL4:
ARM GAS  /tmp/ccrGqYIC.s 			page 6


 201              	.LFB136:
  89:Core/Src/spi.c **** 
  90:Core/Src/spi.c **** /**
  91:Core/Src/spi.c ****   * @brief SPI MSP Initialization
  92:Core/Src/spi.c ****   * This function configures the hardware resources used in this example
  93:Core/Src/spi.c ****   * @param hspi: SPI handle pointer
  94:Core/Src/spi.c ****   * @retval None
  95:Core/Src/spi.c ****   */
  96:Core/Src/spi.c **** void HAL_SPI_MspInit(SPI_HandleTypeDef* hspi)
  97:Core/Src/spi.c **** {
 202              		.loc 1 97 1 is_stmt 1 view -0
 203              		.cfi_startproc
 204              		@ args = 0, pretend = 0, frame = 40
 205              		@ frame_needed = 0, uses_anonymous_args = 0
 206              		.loc 1 97 1 is_stmt 0 view .LVU63
 207 0000 2DE9F043 		push	{r4, r5, r6, r7, r8, r9, lr}
 208              	.LCFI2:
 209              		.cfi_def_cfa_offset 28
 210              		.cfi_offset 4, -28
 211              		.cfi_offset 5, -24
 212              		.cfi_offset 6, -20
 213              		.cfi_offset 7, -16
 214              		.cfi_offset 8, -12
 215              		.cfi_offset 9, -8
 216              		.cfi_offset 14, -4
 217 0004 8BB0     		sub	sp, sp, #44
 218              	.LCFI3:
 219              		.cfi_def_cfa_offset 72
 220 0006 0446     		mov	r4, r0
  98:Core/Src/spi.c ****   GPIO_InitTypeDef GPIO_InitStruct = {0};
 221              		.loc 1 98 3 is_stmt 1 view .LVU64
 222              		.loc 1 98 20 is_stmt 0 view .LVU65
 223 0008 0023     		movs	r3, #0
 224 000a 0593     		str	r3, [sp, #20]
 225 000c 0693     		str	r3, [sp, #24]
 226 000e 0793     		str	r3, [sp, #28]
 227 0010 0893     		str	r3, [sp, #32]
 228 0012 0993     		str	r3, [sp, #36]
  99:Core/Src/spi.c ****   if(hspi->Instance==SPI1)
 229              		.loc 1 99 3 is_stmt 1 view .LVU66
 230              		.loc 1 99 10 is_stmt 0 view .LVU67
 231 0014 0368     		ldr	r3, [r0]
 232              		.loc 1 99 5 view .LVU68
 233 0016 704A     		ldr	r2, .L27
 234 0018 9342     		cmp	r3, r2
 235 001a 05D0     		beq	.L21
 100:Core/Src/spi.c ****   {
 101:Core/Src/spi.c ****     /* USER CODE BEGIN SPI1_MspInit 0 */
 102:Core/Src/spi.c **** 
 103:Core/Src/spi.c ****     /* USER CODE END SPI1_MspInit 0 */
 104:Core/Src/spi.c ****     /* Peripheral clock enable */
 105:Core/Src/spi.c ****     __HAL_RCC_SPI1_CLK_ENABLE();
 106:Core/Src/spi.c **** 
 107:Core/Src/spi.c ****     __HAL_RCC_GPIOB_CLK_ENABLE();
 108:Core/Src/spi.c ****     /**SPI1 GPIO Configuration
 109:Core/Src/spi.c ****     PB3     ------> SPI1_SCK
 110:Core/Src/spi.c ****     PB4     ------> SPI1_MISO
ARM GAS  /tmp/ccrGqYIC.s 			page 7


 111:Core/Src/spi.c ****     PB5     ------> SPI1_MOSI
 112:Core/Src/spi.c ****     */
 113:Core/Src/spi.c ****     GPIO_InitStruct.Pin = GPIO_PIN_3|GPIO_PIN_4|GPIO_PIN_5;
 114:Core/Src/spi.c ****     GPIO_InitStruct.Mode = GPIO_MODE_AF_PP;
 115:Core/Src/spi.c ****     GPIO_InitStruct.Pull = GPIO_NOPULL;
 116:Core/Src/spi.c ****     GPIO_InitStruct.Speed = GPIO_SPEED_FREQ_VERY_HIGH;
 117:Core/Src/spi.c ****     GPIO_InitStruct.Alternate = GPIO_AF5_SPI1;
 118:Core/Src/spi.c ****     HAL_GPIO_Init(GPIOB, &GPIO_InitStruct);
 119:Core/Src/spi.c **** 
 120:Core/Src/spi.c ****     /* SPI1 DMA Init */
 121:Core/Src/spi.c ****     /* SPI1_RX Init */
 122:Core/Src/spi.c ****     hdma_spi1_rx.Instance = DMA2_Stream0;
 123:Core/Src/spi.c ****     hdma_spi1_rx.Init.Channel = DMA_CHANNEL_3;
 124:Core/Src/spi.c ****     hdma_spi1_rx.Init.Direction = DMA_PERIPH_TO_MEMORY;
 125:Core/Src/spi.c ****     hdma_spi1_rx.Init.PeriphInc = DMA_PINC_DISABLE;
 126:Core/Src/spi.c ****     hdma_spi1_rx.Init.MemInc = DMA_MINC_ENABLE;
 127:Core/Src/spi.c ****     hdma_spi1_rx.Init.PeriphDataAlignment = DMA_PDATAALIGN_BYTE;
 128:Core/Src/spi.c ****     hdma_spi1_rx.Init.MemDataAlignment = DMA_MDATAALIGN_BYTE;
 129:Core/Src/spi.c ****     hdma_spi1_rx.Init.Mode = DMA_NORMAL;
 130:Core/Src/spi.c ****     hdma_spi1_rx.Init.Priority = DMA_PRIORITY_MEDIUM;
 131:Core/Src/spi.c ****     hdma_spi1_rx.Init.FIFOMode = DMA_FIFOMODE_DISABLE;
 132:Core/Src/spi.c ****     if (HAL_DMA_Init(&hdma_spi1_rx) != HAL_OK)
 133:Core/Src/spi.c ****     {
 134:Core/Src/spi.c ****       Error_Handler();
 135:Core/Src/spi.c ****     }
 136:Core/Src/spi.c **** 
 137:Core/Src/spi.c ****     __HAL_LINKDMA(hspi,hdmarx,hdma_spi1_rx);
 138:Core/Src/spi.c **** 
 139:Core/Src/spi.c ****     /* SPI1_TX Init */
 140:Core/Src/spi.c ****     hdma_spi1_tx.Instance = DMA2_Stream3;
 141:Core/Src/spi.c ****     hdma_spi1_tx.Init.Channel = DMA_CHANNEL_3;
 142:Core/Src/spi.c ****     hdma_spi1_tx.Init.Direction = DMA_MEMORY_TO_PERIPH;
 143:Core/Src/spi.c ****     hdma_spi1_tx.Init.PeriphInc = DMA_PINC_DISABLE;
 144:Core/Src/spi.c ****     hdma_spi1_tx.Init.MemInc = DMA_MINC_ENABLE;
 145:Core/Src/spi.c ****     hdma_spi1_tx.Init.PeriphDataAlignment = DMA_PDATAALIGN_BYTE;
 146:Core/Src/spi.c ****     hdma_spi1_tx.Init.MemDataAlignment = DMA_MDATAALIGN_BYTE;
 147:Core/Src/spi.c ****     hdma_spi1_tx.Init.Mode = DMA_NORMAL;
 148:Core/Src/spi.c ****     hdma_spi1_tx.Init.Priority = DMA_PRIORITY_MEDIUM;
 149:Core/Src/spi.c ****     hdma_spi1_tx.Init.FIFOMode = DMA_FIFOMODE_DISABLE;
 150:Core/Src/spi.c ****     if (HAL_DMA_Init(&hdma_spi1_tx) != HAL_OK)
 151:Core/Src/spi.c ****     {
 152:Core/Src/spi.c ****       Error_Handler();
 153:Core/Src/spi.c ****     }
 154:Core/Src/spi.c **** 
 155:Core/Src/spi.c ****     __HAL_LINKDMA(hspi,hdmatx,hdma_spi1_tx);
 156:Core/Src/spi.c **** 
 157:Core/Src/spi.c ****     /* SPI1 interrupt Init */
 158:Core/Src/spi.c ****     HAL_NVIC_SetPriority(SPI1_IRQn, 5, 0);
 159:Core/Src/spi.c ****     HAL_NVIC_EnableIRQ(SPI1_IRQn);
 160:Core/Src/spi.c ****     /* USER CODE BEGIN SPI1_MspInit 1 */
 161:Core/Src/spi.c **** 
 162:Core/Src/spi.c ****     /* USER CODE END SPI1_MspInit 1 */
 163:Core/Src/spi.c ****   }
 164:Core/Src/spi.c ****   else if(hspi->Instance==SPI2)
 236              		.loc 1 164 8 is_stmt 1 view .LVU69
 237              		.loc 1 164 10 is_stmt 0 view .LVU70
 238 001c 6F4A     		ldr	r2, .L27+4
ARM GAS  /tmp/ccrGqYIC.s 			page 8


 239 001e 9342     		cmp	r3, r2
 240 0020 65D0     		beq	.L22
 241              	.LVL5:
 242              	.L13:
 165:Core/Src/spi.c ****   {
 166:Core/Src/spi.c ****     /* USER CODE BEGIN SPI2_MspInit 0 */
 167:Core/Src/spi.c **** 
 168:Core/Src/spi.c ****     /* USER CODE END SPI2_MspInit 0 */
 169:Core/Src/spi.c ****     /* Peripheral clock enable */
 170:Core/Src/spi.c ****     __HAL_RCC_SPI2_CLK_ENABLE();
 171:Core/Src/spi.c **** 
 172:Core/Src/spi.c ****     __HAL_RCC_GPIOC_CLK_ENABLE();
 173:Core/Src/spi.c ****     __HAL_RCC_GPIOB_CLK_ENABLE();
 174:Core/Src/spi.c ****     /**SPI2 GPIO Configuration
 175:Core/Src/spi.c ****     PC2     ------> SPI2_MISO
 176:Core/Src/spi.c ****     PC3     ------> SPI2_MOSI
 177:Core/Src/spi.c ****     PB10     ------> SPI2_SCK
 178:Core/Src/spi.c ****     */
 179:Core/Src/spi.c ****     GPIO_InitStruct.Pin = GPIO_PIN_2|GPIO_PIN_3;
 180:Core/Src/spi.c ****     GPIO_InitStruct.Mode = GPIO_MODE_AF_PP;
 181:Core/Src/spi.c ****     GPIO_InitStruct.Pull = GPIO_NOPULL;
 182:Core/Src/spi.c ****     GPIO_InitStruct.Speed = GPIO_SPEED_FREQ_VERY_HIGH;
 183:Core/Src/spi.c ****     GPIO_InitStruct.Alternate = GPIO_AF5_SPI2;
 184:Core/Src/spi.c ****     HAL_GPIO_Init(GPIOC, &GPIO_InitStruct);
 185:Core/Src/spi.c **** 
 186:Core/Src/spi.c ****     GPIO_InitStruct.Pin = GPIO_PIN_10;
 187:Core/Src/spi.c ****     GPIO_InitStruct.Mode = GPIO_MODE_AF_PP;
 188:Core/Src/spi.c ****     GPIO_InitStruct.Pull = GPIO_NOPULL;
 189:Core/Src/spi.c ****     GPIO_InitStruct.Speed = GPIO_SPEED_FREQ_VERY_HIGH;
 190:Core/Src/spi.c ****     GPIO_InitStruct.Alternate = GPIO_AF5_SPI2;
 191:Core/Src/spi.c ****     HAL_GPIO_Init(GPIOB, &GPIO_InitStruct);
 192:Core/Src/spi.c **** 
 193:Core/Src/spi.c ****     /* SPI2 DMA Init */
 194:Core/Src/spi.c ****     /* SPI2_RX Init */
 195:Core/Src/spi.c ****     hdma_spi2_rx.Instance = DMA1_Stream3;
 196:Core/Src/spi.c ****     hdma_spi2_rx.Init.Channel = DMA_CHANNEL_0;
 197:Core/Src/spi.c ****     hdma_spi2_rx.Init.Direction = DMA_PERIPH_TO_MEMORY;
 198:Core/Src/spi.c ****     hdma_spi2_rx.Init.PeriphInc = DMA_PINC_DISABLE;
 199:Core/Src/spi.c ****     hdma_spi2_rx.Init.MemInc = DMA_MINC_ENABLE;
 200:Core/Src/spi.c ****     hdma_spi2_rx.Init.PeriphDataAlignment = DMA_PDATAALIGN_BYTE;
 201:Core/Src/spi.c ****     hdma_spi2_rx.Init.MemDataAlignment = DMA_MDATAALIGN_BYTE;
 202:Core/Src/spi.c ****     hdma_spi2_rx.Init.Mode = DMA_NORMAL;
 203:Core/Src/spi.c ****     hdma_spi2_rx.Init.Priority = DMA_PRIORITY_LOW;
 204:Core/Src/spi.c ****     hdma_spi2_rx.Init.FIFOMode = DMA_FIFOMODE_DISABLE;
 205:Core/Src/spi.c ****     if (HAL_DMA_Init(&hdma_spi2_rx) != HAL_OK)
 206:Core/Src/spi.c ****     {
 207:Core/Src/spi.c ****       Error_Handler();
 208:Core/Src/spi.c ****     }
 209:Core/Src/spi.c **** 
 210:Core/Src/spi.c ****     __HAL_LINKDMA(hspi,hdmarx,hdma_spi2_rx);
 211:Core/Src/spi.c **** 
 212:Core/Src/spi.c ****     /* SPI2_TX Init */
 213:Core/Src/spi.c ****     hdma_spi2_tx.Instance = DMA1_Stream4;
 214:Core/Src/spi.c ****     hdma_spi2_tx.Init.Channel = DMA_CHANNEL_0;
 215:Core/Src/spi.c ****     hdma_spi2_tx.Init.Direction = DMA_MEMORY_TO_PERIPH;
 216:Core/Src/spi.c ****     hdma_spi2_tx.Init.PeriphInc = DMA_PINC_DISABLE;
 217:Core/Src/spi.c ****     hdma_spi2_tx.Init.MemInc = DMA_MINC_ENABLE;
ARM GAS  /tmp/ccrGqYIC.s 			page 9


 218:Core/Src/spi.c ****     hdma_spi2_tx.Init.PeriphDataAlignment = DMA_PDATAALIGN_BYTE;
 219:Core/Src/spi.c ****     hdma_spi2_tx.Init.MemDataAlignment = DMA_MDATAALIGN_BYTE;
 220:Core/Src/spi.c ****     hdma_spi2_tx.Init.Mode = DMA_NORMAL;
 221:Core/Src/spi.c ****     hdma_spi2_tx.Init.Priority = DMA_PRIORITY_LOW;
 222:Core/Src/spi.c ****     hdma_spi2_tx.Init.FIFOMode = DMA_FIFOMODE_DISABLE;
 223:Core/Src/spi.c ****     if (HAL_DMA_Init(&hdma_spi2_tx) != HAL_OK)
 224:Core/Src/spi.c ****     {
 225:Core/Src/spi.c ****       Error_Handler();
 226:Core/Src/spi.c ****     }
 227:Core/Src/spi.c **** 
 228:Core/Src/spi.c ****     __HAL_LINKDMA(hspi,hdmatx,hdma_spi2_tx);
 229:Core/Src/spi.c **** 
 230:Core/Src/spi.c ****     /* SPI2 interrupt Init */
 231:Core/Src/spi.c ****     HAL_NVIC_SetPriority(SPI2_IRQn, 5, 0);
 232:Core/Src/spi.c ****     HAL_NVIC_EnableIRQ(SPI2_IRQn);
 233:Core/Src/spi.c ****     /* USER CODE BEGIN SPI2_MspInit 1 */
 234:Core/Src/spi.c **** 
 235:Core/Src/spi.c ****     /* USER CODE END SPI2_MspInit 1 */
 236:Core/Src/spi.c ****   }
 237:Core/Src/spi.c **** 
 238:Core/Src/spi.c **** }
 243              		.loc 1 238 1 view .LVU71
 244 0022 0BB0     		add	sp, sp, #44
 245              	.LCFI4:
 246              		.cfi_remember_state
 247              		.cfi_def_cfa_offset 28
 248              		@ sp needed
 249 0024 BDE8F083 		pop	{r4, r5, r6, r7, r8, r9, pc}
 250              	.LVL6:
 251              	.L21:
 252              	.LCFI5:
 253              		.cfi_restore_state
 105:Core/Src/spi.c **** 
 254              		.loc 1 105 5 is_stmt 1 view .LVU72
 255              	.LBB2:
 105:Core/Src/spi.c **** 
 256              		.loc 1 105 5 view .LVU73
 257 0028 0025     		movs	r5, #0
 258 002a 0095     		str	r5, [sp]
 105:Core/Src/spi.c **** 
 259              		.loc 1 105 5 view .LVU74
 260 002c 6C4B     		ldr	r3, .L27+8
 261 002e 5A6C     		ldr	r2, [r3, #68]
 262 0030 42F48052 		orr	r2, r2, #4096
 263 0034 5A64     		str	r2, [r3, #68]
 105:Core/Src/spi.c **** 
 264              		.loc 1 105 5 view .LVU75
 265 0036 5A6C     		ldr	r2, [r3, #68]
 266 0038 02F48052 		and	r2, r2, #4096
 267 003c 0092     		str	r2, [sp]
 105:Core/Src/spi.c **** 
 268              		.loc 1 105 5 view .LVU76
 269 003e 009A     		ldr	r2, [sp]
 270              	.LBE2:
 105:Core/Src/spi.c **** 
 271              		.loc 1 105 5 view .LVU77
 107:Core/Src/spi.c ****     /**SPI1 GPIO Configuration
ARM GAS  /tmp/ccrGqYIC.s 			page 10


 272              		.loc 1 107 5 view .LVU78
 273              	.LBB3:
 107:Core/Src/spi.c ****     /**SPI1 GPIO Configuration
 274              		.loc 1 107 5 view .LVU79
 275 0040 0195     		str	r5, [sp, #4]
 107:Core/Src/spi.c ****     /**SPI1 GPIO Configuration
 276              		.loc 1 107 5 view .LVU80
 277 0042 1A6B     		ldr	r2, [r3, #48]
 278 0044 42F00202 		orr	r2, r2, #2
 279 0048 1A63     		str	r2, [r3, #48]
 107:Core/Src/spi.c ****     /**SPI1 GPIO Configuration
 280              		.loc 1 107 5 view .LVU81
 281 004a 1B6B     		ldr	r3, [r3, #48]
 282 004c 03F00203 		and	r3, r3, #2
 283 0050 0193     		str	r3, [sp, #4]
 107:Core/Src/spi.c ****     /**SPI1 GPIO Configuration
 284              		.loc 1 107 5 view .LVU82
 285 0052 019B     		ldr	r3, [sp, #4]
 286              	.LBE3:
 107:Core/Src/spi.c ****     /**SPI1 GPIO Configuration
 287              		.loc 1 107 5 view .LVU83
 113:Core/Src/spi.c ****     GPIO_InitStruct.Mode = GPIO_MODE_AF_PP;
 288              		.loc 1 113 5 view .LVU84
 113:Core/Src/spi.c ****     GPIO_InitStruct.Mode = GPIO_MODE_AF_PP;
 289              		.loc 1 113 25 is_stmt 0 view .LVU85
 290 0054 3823     		movs	r3, #56
 291 0056 0593     		str	r3, [sp, #20]
 114:Core/Src/spi.c ****     GPIO_InitStruct.Pull = GPIO_NOPULL;
 292              		.loc 1 114 5 is_stmt 1 view .LVU86
 114:Core/Src/spi.c ****     GPIO_InitStruct.Pull = GPIO_NOPULL;
 293              		.loc 1 114 26 is_stmt 0 view .LVU87
 294 0058 0223     		movs	r3, #2
 295 005a 0693     		str	r3, [sp, #24]
 115:Core/Src/spi.c ****     GPIO_InitStruct.Speed = GPIO_SPEED_FREQ_VERY_HIGH;
 296              		.loc 1 115 5 is_stmt 1 view .LVU88
 116:Core/Src/spi.c ****     GPIO_InitStruct.Alternate = GPIO_AF5_SPI1;
 297              		.loc 1 116 5 view .LVU89
 116:Core/Src/spi.c ****     GPIO_InitStruct.Alternate = GPIO_AF5_SPI1;
 298              		.loc 1 116 27 is_stmt 0 view .LVU90
 299 005c 0323     		movs	r3, #3
 300 005e 0893     		str	r3, [sp, #32]
 117:Core/Src/spi.c ****     HAL_GPIO_Init(GPIOB, &GPIO_InitStruct);
 301              		.loc 1 117 5 is_stmt 1 view .LVU91
 117:Core/Src/spi.c ****     HAL_GPIO_Init(GPIOB, &GPIO_InitStruct);
 302              		.loc 1 117 31 is_stmt 0 view .LVU92
 303 0060 0523     		movs	r3, #5
 304 0062 0993     		str	r3, [sp, #36]
 118:Core/Src/spi.c **** 
 305              		.loc 1 118 5 is_stmt 1 view .LVU93
 306 0064 05A9     		add	r1, sp, #20
 307 0066 5F48     		ldr	r0, .L27+12
 308              	.LVL7:
 118:Core/Src/spi.c **** 
 309              		.loc 1 118 5 is_stmt 0 view .LVU94
 310 0068 FFF7FEFF 		bl	HAL_GPIO_Init
 311              	.LVL8:
 122:Core/Src/spi.c ****     hdma_spi1_rx.Init.Channel = DMA_CHANNEL_3;
ARM GAS  /tmp/ccrGqYIC.s 			page 11


 312              		.loc 1 122 5 is_stmt 1 view .LVU95
 122:Core/Src/spi.c ****     hdma_spi1_rx.Init.Channel = DMA_CHANNEL_3;
 313              		.loc 1 122 27 is_stmt 0 view .LVU96
 314 006c 5E48     		ldr	r0, .L27+16
 315 006e 5F4B     		ldr	r3, .L27+20
 316 0070 0360     		str	r3, [r0]
 123:Core/Src/spi.c ****     hdma_spi1_rx.Init.Direction = DMA_PERIPH_TO_MEMORY;
 317              		.loc 1 123 5 is_stmt 1 view .LVU97
 123:Core/Src/spi.c ****     hdma_spi1_rx.Init.Direction = DMA_PERIPH_TO_MEMORY;
 318              		.loc 1 123 31 is_stmt 0 view .LVU98
 319 0072 4FF0C063 		mov	r3, #100663296
 320 0076 4360     		str	r3, [r0, #4]
 124:Core/Src/spi.c ****     hdma_spi1_rx.Init.PeriphInc = DMA_PINC_DISABLE;
 321              		.loc 1 124 5 is_stmt 1 view .LVU99
 124:Core/Src/spi.c ****     hdma_spi1_rx.Init.PeriphInc = DMA_PINC_DISABLE;
 322              		.loc 1 124 33 is_stmt 0 view .LVU100
 323 0078 8560     		str	r5, [r0, #8]
 125:Core/Src/spi.c ****     hdma_spi1_rx.Init.MemInc = DMA_MINC_ENABLE;
 324              		.loc 1 125 5 is_stmt 1 view .LVU101
 125:Core/Src/spi.c ****     hdma_spi1_rx.Init.MemInc = DMA_MINC_ENABLE;
 325              		.loc 1 125 33 is_stmt 0 view .LVU102
 326 007a C560     		str	r5, [r0, #12]
 126:Core/Src/spi.c ****     hdma_spi1_rx.Init.PeriphDataAlignment = DMA_PDATAALIGN_BYTE;
 327              		.loc 1 126 5 is_stmt 1 view .LVU103
 126:Core/Src/spi.c ****     hdma_spi1_rx.Init.PeriphDataAlignment = DMA_PDATAALIGN_BYTE;
 328              		.loc 1 126 30 is_stmt 0 view .LVU104
 329 007c 4FF48063 		mov	r3, #1024
 330 0080 0361     		str	r3, [r0, #16]
 127:Core/Src/spi.c ****     hdma_spi1_rx.Init.MemDataAlignment = DMA_MDATAALIGN_BYTE;
 331              		.loc 1 127 5 is_stmt 1 view .LVU105
 127:Core/Src/spi.c ****     hdma_spi1_rx.Init.MemDataAlignment = DMA_MDATAALIGN_BYTE;
 332              		.loc 1 127 43 is_stmt 0 view .LVU106
 333 0082 4561     		str	r5, [r0, #20]
 128:Core/Src/spi.c ****     hdma_spi1_rx.Init.Mode = DMA_NORMAL;
 334              		.loc 1 128 5 is_stmt 1 view .LVU107
 128:Core/Src/spi.c ****     hdma_spi1_rx.Init.Mode = DMA_NORMAL;
 335              		.loc 1 128 40 is_stmt 0 view .LVU108
 336 0084 8561     		str	r5, [r0, #24]
 129:Core/Src/spi.c ****     hdma_spi1_rx.Init.Priority = DMA_PRIORITY_MEDIUM;
 337              		.loc 1 129 5 is_stmt 1 view .LVU109
 129:Core/Src/spi.c ****     hdma_spi1_rx.Init.Priority = DMA_PRIORITY_MEDIUM;
 338              		.loc 1 129 28 is_stmt 0 view .LVU110
 339 0086 C561     		str	r5, [r0, #28]
 130:Core/Src/spi.c ****     hdma_spi1_rx.Init.FIFOMode = DMA_FIFOMODE_DISABLE;
 340              		.loc 1 130 5 is_stmt 1 view .LVU111
 130:Core/Src/spi.c ****     hdma_spi1_rx.Init.FIFOMode = DMA_FIFOMODE_DISABLE;
 341              		.loc 1 130 32 is_stmt 0 view .LVU112
 342 0088 4FF48033 		mov	r3, #65536
 343 008c 0362     		str	r3, [r0, #32]
 131:Core/Src/spi.c ****     if (HAL_DMA_Init(&hdma_spi1_rx) != HAL_OK)
 344              		.loc 1 131 5 is_stmt 1 view .LVU113
 131:Core/Src/spi.c ****     if (HAL_DMA_Init(&hdma_spi1_rx) != HAL_OK)
 345              		.loc 1 131 32 is_stmt 0 view .LVU114
 346 008e 4562     		str	r5, [r0, #36]
 132:Core/Src/spi.c ****     {
 347              		.loc 1 132 5 is_stmt 1 view .LVU115
 132:Core/Src/spi.c ****     {
ARM GAS  /tmp/ccrGqYIC.s 			page 12


 348              		.loc 1 132 9 is_stmt 0 view .LVU116
 349 0090 FFF7FEFF 		bl	HAL_DMA_Init
 350              	.LVL9:
 132:Core/Src/spi.c ****     {
 351              		.loc 1 132 8 view .LVU117
 352 0094 28BB     		cbnz	r0, .L23
 353              	.L15:
 137:Core/Src/spi.c **** 
 354              		.loc 1 137 5 is_stmt 1 view .LVU118
 137:Core/Src/spi.c **** 
 355              		.loc 1 137 5 view .LVU119
 356 0096 544B     		ldr	r3, .L27+16
 357 0098 E364     		str	r3, [r4, #76]
 137:Core/Src/spi.c **** 
 358              		.loc 1 137 5 view .LVU120
 359 009a 9C63     		str	r4, [r3, #56]
 137:Core/Src/spi.c **** 
 360              		.loc 1 137 5 view .LVU121
 140:Core/Src/spi.c ****     hdma_spi1_tx.Init.Channel = DMA_CHANNEL_3;
 361              		.loc 1 140 5 view .LVU122
 140:Core/Src/spi.c ****     hdma_spi1_tx.Init.Channel = DMA_CHANNEL_3;
 362              		.loc 1 140 27 is_stmt 0 view .LVU123
 363 009c 5448     		ldr	r0, .L27+24
 364 009e 554B     		ldr	r3, .L27+28
 365 00a0 0360     		str	r3, [r0]
 141:Core/Src/spi.c ****     hdma_spi1_tx.Init.Direction = DMA_MEMORY_TO_PERIPH;
 366              		.loc 1 141 5 is_stmt 1 view .LVU124
 141:Core/Src/spi.c ****     hdma_spi1_tx.Init.Direction = DMA_MEMORY_TO_PERIPH;
 367              		.loc 1 141 31 is_stmt 0 view .LVU125
 368 00a2 4FF0C063 		mov	r3, #100663296
 369 00a6 4360     		str	r3, [r0, #4]
 142:Core/Src/spi.c ****     hdma_spi1_tx.Init.PeriphInc = DMA_PINC_DISABLE;
 370              		.loc 1 142 5 is_stmt 1 view .LVU126
 142:Core/Src/spi.c ****     hdma_spi1_tx.Init.PeriphInc = DMA_PINC_DISABLE;
 371              		.loc 1 142 33 is_stmt 0 view .LVU127
 372 00a8 4023     		movs	r3, #64
 373 00aa 8360     		str	r3, [r0, #8]
 143:Core/Src/spi.c ****     hdma_spi1_tx.Init.MemInc = DMA_MINC_ENABLE;
 374              		.loc 1 143 5 is_stmt 1 view .LVU128
 143:Core/Src/spi.c ****     hdma_spi1_tx.Init.MemInc = DMA_MINC_ENABLE;
 375              		.loc 1 143 33 is_stmt 0 view .LVU129
 376 00ac 0023     		movs	r3, #0
 377 00ae C360     		str	r3, [r0, #12]
 144:Core/Src/spi.c ****     hdma_spi1_tx.Init.PeriphDataAlignment = DMA_PDATAALIGN_BYTE;
 378              		.loc 1 144 5 is_stmt 1 view .LVU130
 144:Core/Src/spi.c ****     hdma_spi1_tx.Init.PeriphDataAlignment = DMA_PDATAALIGN_BYTE;
 379              		.loc 1 144 30 is_stmt 0 view .LVU131
 380 00b0 4FF48062 		mov	r2, #1024
 381 00b4 0261     		str	r2, [r0, #16]
 145:Core/Src/spi.c ****     hdma_spi1_tx.Init.MemDataAlignment = DMA_MDATAALIGN_BYTE;
 382              		.loc 1 145 5 is_stmt 1 view .LVU132
 145:Core/Src/spi.c ****     hdma_spi1_tx.Init.MemDataAlignment = DMA_MDATAALIGN_BYTE;
 383              		.loc 1 145 43 is_stmt 0 view .LVU133
 384 00b6 4361     		str	r3, [r0, #20]
 146:Core/Src/spi.c ****     hdma_spi1_tx.Init.Mode = DMA_NORMAL;
 385              		.loc 1 146 5 is_stmt 1 view .LVU134
 146:Core/Src/spi.c ****     hdma_spi1_tx.Init.Mode = DMA_NORMAL;
ARM GAS  /tmp/ccrGqYIC.s 			page 13


 386              		.loc 1 146 40 is_stmt 0 view .LVU135
 387 00b8 8361     		str	r3, [r0, #24]
 147:Core/Src/spi.c ****     hdma_spi1_tx.Init.Priority = DMA_PRIORITY_MEDIUM;
 388              		.loc 1 147 5 is_stmt 1 view .LVU136
 147:Core/Src/spi.c ****     hdma_spi1_tx.Init.Priority = DMA_PRIORITY_MEDIUM;
 389              		.loc 1 147 28 is_stmt 0 view .LVU137
 390 00ba C361     		str	r3, [r0, #28]
 148:Core/Src/spi.c ****     hdma_spi1_tx.Init.FIFOMode = DMA_FIFOMODE_DISABLE;
 391              		.loc 1 148 5 is_stmt 1 view .LVU138
 148:Core/Src/spi.c ****     hdma_spi1_tx.Init.FIFOMode = DMA_FIFOMODE_DISABLE;
 392              		.loc 1 148 32 is_stmt 0 view .LVU139
 393 00bc 4FF48032 		mov	r2, #65536
 394 00c0 0262     		str	r2, [r0, #32]
 149:Core/Src/spi.c ****     if (HAL_DMA_Init(&hdma_spi1_tx) != HAL_OK)
 395              		.loc 1 149 5 is_stmt 1 view .LVU140
 149:Core/Src/spi.c ****     if (HAL_DMA_Init(&hdma_spi1_tx) != HAL_OK)
 396              		.loc 1 149 32 is_stmt 0 view .LVU141
 397 00c2 4362     		str	r3, [r0, #36]
 150:Core/Src/spi.c ****     {
 398              		.loc 1 150 5 is_stmt 1 view .LVU142
 150:Core/Src/spi.c ****     {
 399              		.loc 1 150 9 is_stmt 0 view .LVU143
 400 00c4 FFF7FEFF 		bl	HAL_DMA_Init
 401              	.LVL10:
 150:Core/Src/spi.c ****     {
 402              		.loc 1 150 8 view .LVU144
 403 00c8 70B9     		cbnz	r0, .L24
 404              	.L16:
 155:Core/Src/spi.c **** 
 405              		.loc 1 155 5 is_stmt 1 view .LVU145
 155:Core/Src/spi.c **** 
 406              		.loc 1 155 5 view .LVU146
 407 00ca 494B     		ldr	r3, .L27+24
 408 00cc A364     		str	r3, [r4, #72]
 155:Core/Src/spi.c **** 
 409              		.loc 1 155 5 view .LVU147
 410 00ce 9C63     		str	r4, [r3, #56]
 155:Core/Src/spi.c **** 
 411              		.loc 1 155 5 view .LVU148
 158:Core/Src/spi.c ****     HAL_NVIC_EnableIRQ(SPI1_IRQn);
 412              		.loc 1 158 5 view .LVU149
 413 00d0 0022     		movs	r2, #0
 414 00d2 0521     		movs	r1, #5
 415 00d4 2320     		movs	r0, #35
 416 00d6 FFF7FEFF 		bl	HAL_NVIC_SetPriority
 417              	.LVL11:
 159:Core/Src/spi.c ****     /* USER CODE BEGIN SPI1_MspInit 1 */
 418              		.loc 1 159 5 view .LVU150
 419 00da 2320     		movs	r0, #35
 420 00dc FFF7FEFF 		bl	HAL_NVIC_EnableIRQ
 421              	.LVL12:
 422 00e0 9FE7     		b	.L13
 423              	.L23:
 134:Core/Src/spi.c ****     }
 424              		.loc 1 134 7 view .LVU151
 425 00e2 FFF7FEFF 		bl	Error_Handler
 426              	.LVL13:
ARM GAS  /tmp/ccrGqYIC.s 			page 14


 427 00e6 D6E7     		b	.L15
 428              	.L24:
 152:Core/Src/spi.c ****     }
 429              		.loc 1 152 7 view .LVU152
 430 00e8 FFF7FEFF 		bl	Error_Handler
 431              	.LVL14:
 432 00ec EDE7     		b	.L16
 433              	.LVL15:
 434              	.L22:
 170:Core/Src/spi.c **** 
 435              		.loc 1 170 5 view .LVU153
 436              	.LBB4:
 170:Core/Src/spi.c **** 
 437              		.loc 1 170 5 view .LVU154
 438 00ee 0025     		movs	r5, #0
 439 00f0 0295     		str	r5, [sp, #8]
 170:Core/Src/spi.c **** 
 440              		.loc 1 170 5 view .LVU155
 441 00f2 3B4B     		ldr	r3, .L27+8
 442 00f4 1A6C     		ldr	r2, [r3, #64]
 443 00f6 42F48042 		orr	r2, r2, #16384
 444 00fa 1A64     		str	r2, [r3, #64]
 170:Core/Src/spi.c **** 
 445              		.loc 1 170 5 view .LVU156
 446 00fc 1A6C     		ldr	r2, [r3, #64]
 447 00fe 02F48042 		and	r2, r2, #16384
 448 0102 0292     		str	r2, [sp, #8]
 170:Core/Src/spi.c **** 
 449              		.loc 1 170 5 view .LVU157
 450 0104 029A     		ldr	r2, [sp, #8]
 451              	.LBE4:
 170:Core/Src/spi.c **** 
 452              		.loc 1 170 5 view .LVU158
 172:Core/Src/spi.c ****     __HAL_RCC_GPIOB_CLK_ENABLE();
 453              		.loc 1 172 5 view .LVU159
 454              	.LBB5:
 172:Core/Src/spi.c ****     __HAL_RCC_GPIOB_CLK_ENABLE();
 455              		.loc 1 172 5 view .LVU160
 456 0106 0395     		str	r5, [sp, #12]
 172:Core/Src/spi.c ****     __HAL_RCC_GPIOB_CLK_ENABLE();
 457              		.loc 1 172 5 view .LVU161
 458 0108 1A6B     		ldr	r2, [r3, #48]
 459 010a 42F00402 		orr	r2, r2, #4
 460 010e 1A63     		str	r2, [r3, #48]
 172:Core/Src/spi.c ****     __HAL_RCC_GPIOB_CLK_ENABLE();
 461              		.loc 1 172 5 view .LVU162
 462 0110 1A6B     		ldr	r2, [r3, #48]
 463 0112 02F00402 		and	r2, r2, #4
 464 0116 0392     		str	r2, [sp, #12]
 172:Core/Src/spi.c ****     __HAL_RCC_GPIOB_CLK_ENABLE();
 465              		.loc 1 172 5 view .LVU163
 466 0118 039A     		ldr	r2, [sp, #12]
 467              	.LBE5:
 172:Core/Src/spi.c ****     __HAL_RCC_GPIOB_CLK_ENABLE();
 468              		.loc 1 172 5 view .LVU164
 173:Core/Src/spi.c ****     /**SPI2 GPIO Configuration
 469              		.loc 1 173 5 view .LVU165
ARM GAS  /tmp/ccrGqYIC.s 			page 15


 470              	.LBB6:
 173:Core/Src/spi.c ****     /**SPI2 GPIO Configuration
 471              		.loc 1 173 5 view .LVU166
 472 011a 0495     		str	r5, [sp, #16]
 173:Core/Src/spi.c ****     /**SPI2 GPIO Configuration
 473              		.loc 1 173 5 view .LVU167
 474 011c 1A6B     		ldr	r2, [r3, #48]
 475 011e 42F00202 		orr	r2, r2, #2
 476 0122 1A63     		str	r2, [r3, #48]
 173:Core/Src/spi.c ****     /**SPI2 GPIO Configuration
 477              		.loc 1 173 5 view .LVU168
 478 0124 1B6B     		ldr	r3, [r3, #48]
 479 0126 03F00203 		and	r3, r3, #2
 480 012a 0493     		str	r3, [sp, #16]
 173:Core/Src/spi.c ****     /**SPI2 GPIO Configuration
 481              		.loc 1 173 5 view .LVU169
 482 012c 049B     		ldr	r3, [sp, #16]
 483              	.LBE6:
 173:Core/Src/spi.c ****     /**SPI2 GPIO Configuration
 484              		.loc 1 173 5 view .LVU170
 179:Core/Src/spi.c ****     GPIO_InitStruct.Mode = GPIO_MODE_AF_PP;
 485              		.loc 1 179 5 view .LVU171
 179:Core/Src/spi.c ****     GPIO_InitStruct.Mode = GPIO_MODE_AF_PP;
 486              		.loc 1 179 25 is_stmt 0 view .LVU172
 487 012e 0C23     		movs	r3, #12
 488 0130 0593     		str	r3, [sp, #20]
 180:Core/Src/spi.c ****     GPIO_InitStruct.Pull = GPIO_NOPULL;
 489              		.loc 1 180 5 is_stmt 1 view .LVU173
 180:Core/Src/spi.c ****     GPIO_InitStruct.Pull = GPIO_NOPULL;
 490              		.loc 1 180 26 is_stmt 0 view .LVU174
 491 0132 4FF00209 		mov	r9, #2
 492 0136 CDF81890 		str	r9, [sp, #24]
 181:Core/Src/spi.c ****     GPIO_InitStruct.Speed = GPIO_SPEED_FREQ_VERY_HIGH;
 493              		.loc 1 181 5 is_stmt 1 view .LVU175
 182:Core/Src/spi.c ****     GPIO_InitStruct.Alternate = GPIO_AF5_SPI2;
 494              		.loc 1 182 5 view .LVU176
 182:Core/Src/spi.c ****     GPIO_InitStruct.Alternate = GPIO_AF5_SPI2;
 495              		.loc 1 182 27 is_stmt 0 view .LVU177
 496 013a 4FF00308 		mov	r8, #3
 497 013e CDF82080 		str	r8, [sp, #32]
 183:Core/Src/spi.c ****     HAL_GPIO_Init(GPIOC, &GPIO_InitStruct);
 498              		.loc 1 183 5 is_stmt 1 view .LVU178
 183:Core/Src/spi.c ****     HAL_GPIO_Init(GPIOC, &GPIO_InitStruct);
 499              		.loc 1 183 31 is_stmt 0 view .LVU179
 500 0142 0527     		movs	r7, #5
 501 0144 0997     		str	r7, [sp, #36]
 184:Core/Src/spi.c **** 
 502              		.loc 1 184 5 is_stmt 1 view .LVU180
 503 0146 05A9     		add	r1, sp, #20
 504 0148 2B48     		ldr	r0, .L27+32
 505              	.LVL16:
 184:Core/Src/spi.c **** 
 506              		.loc 1 184 5 is_stmt 0 view .LVU181
 507 014a FFF7FEFF 		bl	HAL_GPIO_Init
 508              	.LVL17:
 186:Core/Src/spi.c ****     GPIO_InitStruct.Mode = GPIO_MODE_AF_PP;
 509              		.loc 1 186 5 is_stmt 1 view .LVU182
ARM GAS  /tmp/ccrGqYIC.s 			page 16


 186:Core/Src/spi.c ****     GPIO_InitStruct.Mode = GPIO_MODE_AF_PP;
 510              		.loc 1 186 25 is_stmt 0 view .LVU183
 511 014e 4FF48066 		mov	r6, #1024
 512 0152 0596     		str	r6, [sp, #20]
 187:Core/Src/spi.c ****     GPIO_InitStruct.Pull = GPIO_NOPULL;
 513              		.loc 1 187 5 is_stmt 1 view .LVU184
 187:Core/Src/spi.c ****     GPIO_InitStruct.Pull = GPIO_NOPULL;
 514              		.loc 1 187 26 is_stmt 0 view .LVU185
 515 0154 CDF81890 		str	r9, [sp, #24]
 188:Core/Src/spi.c ****     GPIO_InitStruct.Speed = GPIO_SPEED_FREQ_VERY_HIGH;
 516              		.loc 1 188 5 is_stmt 1 view .LVU186
 188:Core/Src/spi.c ****     GPIO_InitStruct.Speed = GPIO_SPEED_FREQ_VERY_HIGH;
 517              		.loc 1 188 26 is_stmt 0 view .LVU187
 518 0158 0795     		str	r5, [sp, #28]
 189:Core/Src/spi.c ****     GPIO_InitStruct.Alternate = GPIO_AF5_SPI2;
 519              		.loc 1 189 5 is_stmt 1 view .LVU188
 189:Core/Src/spi.c ****     GPIO_InitStruct.Alternate = GPIO_AF5_SPI2;
 520              		.loc 1 189 27 is_stmt 0 view .LVU189
 521 015a CDF82080 		str	r8, [sp, #32]
 190:Core/Src/spi.c ****     HAL_GPIO_Init(GPIOB, &GPIO_InitStruct);
 522              		.loc 1 190 5 is_stmt 1 view .LVU190
 190:Core/Src/spi.c ****     HAL_GPIO_Init(GPIOB, &GPIO_InitStruct);
 523              		.loc 1 190 31 is_stmt 0 view .LVU191
 524 015e 0997     		str	r7, [sp, #36]
 191:Core/Src/spi.c **** 
 525              		.loc 1 191 5 is_stmt 1 view .LVU192
 526 0160 05A9     		add	r1, sp, #20
 527 0162 2048     		ldr	r0, .L27+12
 528 0164 FFF7FEFF 		bl	HAL_GPIO_Init
 529              	.LVL18:
 195:Core/Src/spi.c ****     hdma_spi2_rx.Init.Channel = DMA_CHANNEL_0;
 530              		.loc 1 195 5 view .LVU193
 195:Core/Src/spi.c ****     hdma_spi2_rx.Init.Channel = DMA_CHANNEL_0;
 531              		.loc 1 195 27 is_stmt 0 view .LVU194
 532 0168 2448     		ldr	r0, .L27+36
 533 016a 254B     		ldr	r3, .L27+40
 534 016c 0360     		str	r3, [r0]
 196:Core/Src/spi.c ****     hdma_spi2_rx.Init.Direction = DMA_PERIPH_TO_MEMORY;
 535              		.loc 1 196 5 is_stmt 1 view .LVU195
 196:Core/Src/spi.c ****     hdma_spi2_rx.Init.Direction = DMA_PERIPH_TO_MEMORY;
 536              		.loc 1 196 31 is_stmt 0 view .LVU196
 537 016e 4560     		str	r5, [r0, #4]
 197:Core/Src/spi.c ****     hdma_spi2_rx.Init.PeriphInc = DMA_PINC_DISABLE;
 538              		.loc 1 197 5 is_stmt 1 view .LVU197
 197:Core/Src/spi.c ****     hdma_spi2_rx.Init.PeriphInc = DMA_PINC_DISABLE;
 539              		.loc 1 197 33 is_stmt 0 view .LVU198
 540 0170 8560     		str	r5, [r0, #8]
 198:Core/Src/spi.c ****     hdma_spi2_rx.Init.MemInc = DMA_MINC_ENABLE;
 541              		.loc 1 198 5 is_stmt 1 view .LVU199
 198:Core/Src/spi.c ****     hdma_spi2_rx.Init.MemInc = DMA_MINC_ENABLE;
 542              		.loc 1 198 33 is_stmt 0 view .LVU200
 543 0172 C560     		str	r5, [r0, #12]
 199:Core/Src/spi.c ****     hdma_spi2_rx.Init.PeriphDataAlignment = DMA_PDATAALIGN_BYTE;
 544              		.loc 1 199 5 is_stmt 1 view .LVU201
 199:Core/Src/spi.c ****     hdma_spi2_rx.Init.PeriphDataAlignment = DMA_PDATAALIGN_BYTE;
 545              		.loc 1 199 30 is_stmt 0 view .LVU202
 546 0174 0661     		str	r6, [r0, #16]
ARM GAS  /tmp/ccrGqYIC.s 			page 17


 200:Core/Src/spi.c ****     hdma_spi2_rx.Init.MemDataAlignment = DMA_MDATAALIGN_BYTE;
 547              		.loc 1 200 5 is_stmt 1 view .LVU203
 200:Core/Src/spi.c ****     hdma_spi2_rx.Init.MemDataAlignment = DMA_MDATAALIGN_BYTE;
 548              		.loc 1 200 43 is_stmt 0 view .LVU204
 549 0176 4561     		str	r5, [r0, #20]
 201:Core/Src/spi.c ****     hdma_spi2_rx.Init.Mode = DMA_NORMAL;
 550              		.loc 1 201 5 is_stmt 1 view .LVU205
 201:Core/Src/spi.c ****     hdma_spi2_rx.Init.Mode = DMA_NORMAL;
 551              		.loc 1 201 40 is_stmt 0 view .LVU206
 552 0178 8561     		str	r5, [r0, #24]
 202:Core/Src/spi.c ****     hdma_spi2_rx.Init.Priority = DMA_PRIORITY_LOW;
 553              		.loc 1 202 5 is_stmt 1 view .LVU207
 202:Core/Src/spi.c ****     hdma_spi2_rx.Init.Priority = DMA_PRIORITY_LOW;
 554              		.loc 1 202 28 is_stmt 0 view .LVU208
 555 017a C561     		str	r5, [r0, #28]
 203:Core/Src/spi.c ****     hdma_spi2_rx.Init.FIFOMode = DMA_FIFOMODE_DISABLE;
 556              		.loc 1 203 5 is_stmt 1 view .LVU209
 203:Core/Src/spi.c ****     hdma_spi2_rx.Init.FIFOMode = DMA_FIFOMODE_DISABLE;
 557              		.loc 1 203 32 is_stmt 0 view .LVU210
 558 017c 0562     		str	r5, [r0, #32]
 204:Core/Src/spi.c ****     if (HAL_DMA_Init(&hdma_spi2_rx) != HAL_OK)
 559              		.loc 1 204 5 is_stmt 1 view .LVU211
 204:Core/Src/spi.c ****     if (HAL_DMA_Init(&hdma_spi2_rx) != HAL_OK)
 560              		.loc 1 204 32 is_stmt 0 view .LVU212
 561 017e 4562     		str	r5, [r0, #36]
 205:Core/Src/spi.c ****     {
 562              		.loc 1 205 5 is_stmt 1 view .LVU213
 205:Core/Src/spi.c ****     {
 563              		.loc 1 205 9 is_stmt 0 view .LVU214
 564 0180 FFF7FEFF 		bl	HAL_DMA_Init
 565              	.LVL19:
 205:Core/Src/spi.c ****     {
 566              		.loc 1 205 8 view .LVU215
 567 0184 08BB     		cbnz	r0, .L25
 568              	.L18:
 210:Core/Src/spi.c **** 
 569              		.loc 1 210 5 is_stmt 1 view .LVU216
 210:Core/Src/spi.c **** 
 570              		.loc 1 210 5 view .LVU217
 571 0186 1D4B     		ldr	r3, .L27+36
 572 0188 E364     		str	r3, [r4, #76]
 210:Core/Src/spi.c **** 
 573              		.loc 1 210 5 view .LVU218
 574 018a 9C63     		str	r4, [r3, #56]
 210:Core/Src/spi.c **** 
 575              		.loc 1 210 5 view .LVU219
 213:Core/Src/spi.c ****     hdma_spi2_tx.Init.Channel = DMA_CHANNEL_0;
 576              		.loc 1 213 5 view .LVU220
 213:Core/Src/spi.c ****     hdma_spi2_tx.Init.Channel = DMA_CHANNEL_0;
 577              		.loc 1 213 27 is_stmt 0 view .LVU221
 578 018c 1D48     		ldr	r0, .L27+44
 579 018e 1E4B     		ldr	r3, .L27+48
 580 0190 0360     		str	r3, [r0]
 214:Core/Src/spi.c ****     hdma_spi2_tx.Init.Direction = DMA_MEMORY_TO_PERIPH;
 581              		.loc 1 214 5 is_stmt 1 view .LVU222
 214:Core/Src/spi.c ****     hdma_spi2_tx.Init.Direction = DMA_MEMORY_TO_PERIPH;
 582              		.loc 1 214 31 is_stmt 0 view .LVU223
ARM GAS  /tmp/ccrGqYIC.s 			page 18


 583 0192 0023     		movs	r3, #0
 584 0194 4360     		str	r3, [r0, #4]
 215:Core/Src/spi.c ****     hdma_spi2_tx.Init.PeriphInc = DMA_PINC_DISABLE;
 585              		.loc 1 215 5 is_stmt 1 view .LVU224
 215:Core/Src/spi.c ****     hdma_spi2_tx.Init.PeriphInc = DMA_PINC_DISABLE;
 586              		.loc 1 215 33 is_stmt 0 view .LVU225
 587 0196 4022     		movs	r2, #64
 588 0198 8260     		str	r2, [r0, #8]
 216:Core/Src/spi.c ****     hdma_spi2_tx.Init.MemInc = DMA_MINC_ENABLE;
 589              		.loc 1 216 5 is_stmt 1 view .LVU226
 216:Core/Src/spi.c ****     hdma_spi2_tx.Init.MemInc = DMA_MINC_ENABLE;
 590              		.loc 1 216 33 is_stmt 0 view .LVU227
 591 019a C360     		str	r3, [r0, #12]
 217:Core/Src/spi.c ****     hdma_spi2_tx.Init.PeriphDataAlignment = DMA_PDATAALIGN_BYTE;
 592              		.loc 1 217 5 is_stmt 1 view .LVU228
 217:Core/Src/spi.c ****     hdma_spi2_tx.Init.PeriphDataAlignment = DMA_PDATAALIGN_BYTE;
 593              		.loc 1 217 30 is_stmt 0 view .LVU229
 594 019c 4FF48062 		mov	r2, #1024
 595 01a0 0261     		str	r2, [r0, #16]
 218:Core/Src/spi.c ****     hdma_spi2_tx.Init.MemDataAlignment = DMA_MDATAALIGN_BYTE;
 596              		.loc 1 218 5 is_stmt 1 view .LVU230
 218:Core/Src/spi.c ****     hdma_spi2_tx.Init.MemDataAlignment = DMA_MDATAALIGN_BYTE;
 597              		.loc 1 218 43 is_stmt 0 view .LVU231
 598 01a2 4361     		str	r3, [r0, #20]
 219:Core/Src/spi.c ****     hdma_spi2_tx.Init.Mode = DMA_NORMAL;
 599              		.loc 1 219 5 is_stmt 1 view .LVU232
 219:Core/Src/spi.c ****     hdma_spi2_tx.Init.Mode = DMA_NORMAL;
 600              		.loc 1 219 40 is_stmt 0 view .LVU233
 601 01a4 8361     		str	r3, [r0, #24]
 220:Core/Src/spi.c ****     hdma_spi2_tx.Init.Priority = DMA_PRIORITY_LOW;
 602              		.loc 1 220 5 is_stmt 1 view .LVU234
 220:Core/Src/spi.c ****     hdma_spi2_tx.Init.Priority = DMA_PRIORITY_LOW;
 603              		.loc 1 220 28 is_stmt 0 view .LVU235
 604 01a6 C361     		str	r3, [r0, #28]
 221:Core/Src/spi.c ****     hdma_spi2_tx.Init.FIFOMode = DMA_FIFOMODE_DISABLE;
 605              		.loc 1 221 5 is_stmt 1 view .LVU236
 221:Core/Src/spi.c ****     hdma_spi2_tx.Init.FIFOMode = DMA_FIFOMODE_DISABLE;
 606              		.loc 1 221 32 is_stmt 0 view .LVU237
 607 01a8 0362     		str	r3, [r0, #32]
 222:Core/Src/spi.c ****     if (HAL_DMA_Init(&hdma_spi2_tx) != HAL_OK)
 608              		.loc 1 222 5 is_stmt 1 view .LVU238
 222:Core/Src/spi.c ****     if (HAL_DMA_Init(&hdma_spi2_tx) != HAL_OK)
 609              		.loc 1 222 32 is_stmt 0 view .LVU239
 610 01aa 4362     		str	r3, [r0, #36]
 223:Core/Src/spi.c ****     {
 611              		.loc 1 223 5 is_stmt 1 view .LVU240
 223:Core/Src/spi.c ****     {
 612              		.loc 1 223 9 is_stmt 0 view .LVU241
 613 01ac FFF7FEFF 		bl	HAL_DMA_Init
 614              	.LVL20:
 223:Core/Src/spi.c ****     {
 615              		.loc 1 223 8 view .LVU242
 616 01b0 70B9     		cbnz	r0, .L26
 617              	.L19:
 228:Core/Src/spi.c **** 
 618              		.loc 1 228 5 is_stmt 1 view .LVU243
 228:Core/Src/spi.c **** 
ARM GAS  /tmp/ccrGqYIC.s 			page 19


 619              		.loc 1 228 5 view .LVU244
 620 01b2 144B     		ldr	r3, .L27+44
 621 01b4 A364     		str	r3, [r4, #72]
 228:Core/Src/spi.c **** 
 622              		.loc 1 228 5 view .LVU245
 623 01b6 9C63     		str	r4, [r3, #56]
 228:Core/Src/spi.c **** 
 624              		.loc 1 228 5 view .LVU246
 231:Core/Src/spi.c ****     HAL_NVIC_EnableIRQ(SPI2_IRQn);
 625              		.loc 1 231 5 view .LVU247
 626 01b8 0022     		movs	r2, #0
 627 01ba 0521     		movs	r1, #5
 628 01bc 2420     		movs	r0, #36
 629 01be FFF7FEFF 		bl	HAL_NVIC_SetPriority
 630              	.LVL21:
 232:Core/Src/spi.c ****     /* USER CODE BEGIN SPI2_MspInit 1 */
 631              		.loc 1 232 5 view .LVU248
 632 01c2 2420     		movs	r0, #36
 633 01c4 FFF7FEFF 		bl	HAL_NVIC_EnableIRQ
 634              	.LVL22:
 635              		.loc 1 238 1 is_stmt 0 view .LVU249
 636 01c8 2BE7     		b	.L13
 637              	.L25:
 207:Core/Src/spi.c ****     }
 638              		.loc 1 207 7 is_stmt 1 view .LVU250
 639 01ca FFF7FEFF 		bl	Error_Handler
 640              	.LVL23:
 641 01ce DAE7     		b	.L18
 642              	.L26:
 225:Core/Src/spi.c ****     }
 643              		.loc 1 225 7 view .LVU251
 644 01d0 FFF7FEFF 		bl	Error_Handler
 645              	.LVL24:
 646 01d4 EDE7     		b	.L19
 647              	.L28:
 648 01d6 00BF     		.align	2
 649              	.L27:
 650 01d8 00300140 		.word	1073819648
 651 01dc 00380040 		.word	1073756160
 652 01e0 00380240 		.word	1073887232
 653 01e4 00040240 		.word	1073873920
 654 01e8 00000000 		.word	.LANCHOR2
 655 01ec 10640240 		.word	1073898512
 656 01f0 00000000 		.word	.LANCHOR3
 657 01f4 58640240 		.word	1073898584
 658 01f8 00080240 		.word	1073874944
 659 01fc 00000000 		.word	.LANCHOR4
 660 0200 58600240 		.word	1073897560
 661 0204 00000000 		.word	.LANCHOR5
 662 0208 70600240 		.word	1073897584
 663              		.cfi_endproc
 664              	.LFE136:
 666              		.section	.text.HAL_SPI_MspDeInit,"ax",%progbits
 667              		.align	1
 668              		.global	HAL_SPI_MspDeInit
 669              		.syntax unified
 670              		.thumb
ARM GAS  /tmp/ccrGqYIC.s 			page 20


 671              		.thumb_func
 672              		.fpu fpv4-sp-d16
 674              	HAL_SPI_MspDeInit:
 675              	.LVL25:
 676              	.LFB137:
 239:Core/Src/spi.c **** 
 240:Core/Src/spi.c **** /**
 241:Core/Src/spi.c ****   * @brief SPI MSP De-Initialization
 242:Core/Src/spi.c ****   * This function freeze the hardware resources used in this example
 243:Core/Src/spi.c ****   * @param hspi: SPI handle pointer
 244:Core/Src/spi.c ****   * @retval None
 245:Core/Src/spi.c ****   */
 246:Core/Src/spi.c **** void HAL_SPI_MspDeInit(SPI_HandleTypeDef* hspi)
 247:Core/Src/spi.c **** {
 677              		.loc 1 247 1 view -0
 678              		.cfi_startproc
 679              		@ args = 0, pretend = 0, frame = 0
 680              		@ frame_needed = 0, uses_anonymous_args = 0
 681              		.loc 1 247 1 is_stmt 0 view .LVU253
 682 0000 10B5     		push	{r4, lr}
 683              	.LCFI6:
 684              		.cfi_def_cfa_offset 8
 685              		.cfi_offset 4, -8
 686              		.cfi_offset 14, -4
 687 0002 0446     		mov	r4, r0
 248:Core/Src/spi.c ****   if(hspi->Instance==SPI1)
 688              		.loc 1 248 3 is_stmt 1 view .LVU254
 689              		.loc 1 248 10 is_stmt 0 view .LVU255
 690 0004 0368     		ldr	r3, [r0]
 691              		.loc 1 248 5 view .LVU256
 692 0006 1A4A     		ldr	r2, .L35
 693 0008 9342     		cmp	r3, r2
 694 000a 03D0     		beq	.L33
 249:Core/Src/spi.c ****   {
 250:Core/Src/spi.c ****     /* USER CODE BEGIN SPI1_MspDeInit 0 */
 251:Core/Src/spi.c **** 
 252:Core/Src/spi.c ****     /* USER CODE END SPI1_MspDeInit 0 */
 253:Core/Src/spi.c ****     /* Peripheral clock disable */
 254:Core/Src/spi.c ****     __HAL_RCC_SPI1_CLK_DISABLE();
 255:Core/Src/spi.c **** 
 256:Core/Src/spi.c ****     /**SPI1 GPIO Configuration
 257:Core/Src/spi.c ****     PB3     ------> SPI1_SCK
 258:Core/Src/spi.c ****     PB4     ------> SPI1_MISO
 259:Core/Src/spi.c ****     PB5     ------> SPI1_MOSI
 260:Core/Src/spi.c ****     */
 261:Core/Src/spi.c ****     HAL_GPIO_DeInit(GPIOB, GPIO_PIN_3|GPIO_PIN_4|GPIO_PIN_5);
 262:Core/Src/spi.c **** 
 263:Core/Src/spi.c ****     /* SPI1 DMA DeInit */
 264:Core/Src/spi.c ****     HAL_DMA_DeInit(hspi->hdmarx);
 265:Core/Src/spi.c ****     HAL_DMA_DeInit(hspi->hdmatx);
 266:Core/Src/spi.c **** 
 267:Core/Src/spi.c ****     /* SPI1 interrupt DeInit */
 268:Core/Src/spi.c ****     HAL_NVIC_DisableIRQ(SPI1_IRQn);
 269:Core/Src/spi.c ****     /* USER CODE BEGIN SPI1_MspDeInit 1 */
 270:Core/Src/spi.c **** 
 271:Core/Src/spi.c ****     /* USER CODE END SPI1_MspDeInit 1 */
 272:Core/Src/spi.c ****   }
ARM GAS  /tmp/ccrGqYIC.s 			page 21


 273:Core/Src/spi.c ****   else if(hspi->Instance==SPI2)
 695              		.loc 1 273 8 is_stmt 1 view .LVU257
 696              		.loc 1 273 10 is_stmt 0 view .LVU258
 697 000c 194A     		ldr	r2, .L35+4
 698 000e 9342     		cmp	r3, r2
 699 0010 14D0     		beq	.L34
 700              	.LVL26:
 701              	.L29:
 274:Core/Src/spi.c ****   {
 275:Core/Src/spi.c ****     /* USER CODE BEGIN SPI2_MspDeInit 0 */
 276:Core/Src/spi.c **** 
 277:Core/Src/spi.c ****     /* USER CODE END SPI2_MspDeInit 0 */
 278:Core/Src/spi.c ****     /* Peripheral clock disable */
 279:Core/Src/spi.c ****     __HAL_RCC_SPI2_CLK_DISABLE();
 280:Core/Src/spi.c **** 
 281:Core/Src/spi.c ****     /**SPI2 GPIO Configuration
 282:Core/Src/spi.c ****     PC2     ------> SPI2_MISO
 283:Core/Src/spi.c ****     PC3     ------> SPI2_MOSI
 284:Core/Src/spi.c ****     PB10     ------> SPI2_SCK
 285:Core/Src/spi.c ****     */
 286:Core/Src/spi.c ****     HAL_GPIO_DeInit(GPIOC, GPIO_PIN_2|GPIO_PIN_3);
 287:Core/Src/spi.c **** 
 288:Core/Src/spi.c ****     HAL_GPIO_DeInit(GPIOB, GPIO_PIN_10);
 289:Core/Src/spi.c **** 
 290:Core/Src/spi.c ****     /* SPI2 DMA DeInit */
 291:Core/Src/spi.c ****     HAL_DMA_DeInit(hspi->hdmarx);
 292:Core/Src/spi.c ****     HAL_DMA_DeInit(hspi->hdmatx);
 293:Core/Src/spi.c **** 
 294:Core/Src/spi.c ****     /* SPI2 interrupt DeInit */
 295:Core/Src/spi.c ****     HAL_NVIC_DisableIRQ(SPI2_IRQn);
 296:Core/Src/spi.c ****     /* USER CODE BEGIN SPI2_MspDeInit 1 */
 297:Core/Src/spi.c **** 
 298:Core/Src/spi.c ****     /* USER CODE END SPI2_MspDeInit 1 */
 299:Core/Src/spi.c ****   }
 300:Core/Src/spi.c **** 
 301:Core/Src/spi.c **** }
 702              		.loc 1 301 1 view .LVU259
 703 0012 10BD     		pop	{r4, pc}
 704              	.LVL27:
 705              	.L33:
 254:Core/Src/spi.c **** 
 706              		.loc 1 254 5 is_stmt 1 view .LVU260
 707 0014 02F58432 		add	r2, r2, #67584
 708 0018 536C     		ldr	r3, [r2, #68]
 709 001a 23F48053 		bic	r3, r3, #4096
 710 001e 5364     		str	r3, [r2, #68]
 261:Core/Src/spi.c **** 
 711              		.loc 1 261 5 view .LVU261
 712 0020 3821     		movs	r1, #56
 713 0022 1548     		ldr	r0, .L35+8
 714              	.LVL28:
 261:Core/Src/spi.c **** 
 715              		.loc 1 261 5 is_stmt 0 view .LVU262
 716 0024 FFF7FEFF 		bl	HAL_GPIO_DeInit
 717              	.LVL29:
 264:Core/Src/spi.c ****     HAL_DMA_DeInit(hspi->hdmatx);
 718              		.loc 1 264 5 is_stmt 1 view .LVU263
ARM GAS  /tmp/ccrGqYIC.s 			page 22


 719 0028 E06C     		ldr	r0, [r4, #76]
 720 002a FFF7FEFF 		bl	HAL_DMA_DeInit
 721              	.LVL30:
 265:Core/Src/spi.c **** 
 722              		.loc 1 265 5 view .LVU264
 723 002e A06C     		ldr	r0, [r4, #72]
 724 0030 FFF7FEFF 		bl	HAL_DMA_DeInit
 725              	.LVL31:
 268:Core/Src/spi.c ****     /* USER CODE BEGIN SPI1_MspDeInit 1 */
 726              		.loc 1 268 5 view .LVU265
 727 0034 2320     		movs	r0, #35
 728 0036 FFF7FEFF 		bl	HAL_NVIC_DisableIRQ
 729              	.LVL32:
 730 003a EAE7     		b	.L29
 731              	.LVL33:
 732              	.L34:
 279:Core/Src/spi.c **** 
 733              		.loc 1 279 5 view .LVU266
 734 003c 02F50032 		add	r2, r2, #131072
 735 0040 136C     		ldr	r3, [r2, #64]
 736 0042 23F48043 		bic	r3, r3, #16384
 737 0046 1364     		str	r3, [r2, #64]
 286:Core/Src/spi.c **** 
 738              		.loc 1 286 5 view .LVU267
 739 0048 0C21     		movs	r1, #12
 740 004a 0C48     		ldr	r0, .L35+12
 741              	.LVL34:
 286:Core/Src/spi.c **** 
 742              		.loc 1 286 5 is_stmt 0 view .LVU268
 743 004c FFF7FEFF 		bl	HAL_GPIO_DeInit
 744              	.LVL35:
 288:Core/Src/spi.c **** 
 745              		.loc 1 288 5 is_stmt 1 view .LVU269
 746 0050 4FF48061 		mov	r1, #1024
 747 0054 0848     		ldr	r0, .L35+8
 748 0056 FFF7FEFF 		bl	HAL_GPIO_DeInit
 749              	.LVL36:
 291:Core/Src/spi.c ****     HAL_DMA_DeInit(hspi->hdmatx);
 750              		.loc 1 291 5 view .LVU270
 751 005a E06C     		ldr	r0, [r4, #76]
 752 005c FFF7FEFF 		bl	HAL_DMA_DeInit
 753              	.LVL37:
 292:Core/Src/spi.c **** 
 754              		.loc 1 292 5 view .LVU271
 755 0060 A06C     		ldr	r0, [r4, #72]
 756 0062 FFF7FEFF 		bl	HAL_DMA_DeInit
 757              	.LVL38:
 295:Core/Src/spi.c ****     /* USER CODE BEGIN SPI2_MspDeInit 1 */
 758              		.loc 1 295 5 view .LVU272
 759 0066 2420     		movs	r0, #36
 760 0068 FFF7FEFF 		bl	HAL_NVIC_DisableIRQ
 761              	.LVL39:
 762              		.loc 1 301 1 is_stmt 0 view .LVU273
 763 006c D1E7     		b	.L29
 764              	.L36:
 765 006e 00BF     		.align	2
 766              	.L35:
ARM GAS  /tmp/ccrGqYIC.s 			page 23


 767 0070 00300140 		.word	1073819648
 768 0074 00380040 		.word	1073756160
 769 0078 00040240 		.word	1073873920
 770 007c 00080240 		.word	1073874944
 771              		.cfi_endproc
 772              	.LFE137:
 774              		.global	hdma_spi2_tx
 775              		.global	hdma_spi2_rx
 776              		.global	hdma_spi1_tx
 777              		.global	hdma_spi1_rx
 778              		.global	hspi2
 779              		.global	hspi1
 780              		.section	.bss.hdma_spi1_rx,"aw",%nobits
 781              		.align	2
 782              		.set	.LANCHOR2,. + 0
 785              	hdma_spi1_rx:
 786 0000 00000000 		.space	96
 786      00000000 
 786      00000000 
 786      00000000 
 786      00000000 
 787              		.section	.bss.hdma_spi1_tx,"aw",%nobits
 788              		.align	2
 789              		.set	.LANCHOR3,. + 0
 792              	hdma_spi1_tx:
 793 0000 00000000 		.space	96
 793      00000000 
 793      00000000 
 793      00000000 
 793      00000000 
 794              		.section	.bss.hdma_spi2_rx,"aw",%nobits
 795              		.align	2
 796              		.set	.LANCHOR4,. + 0
 799              	hdma_spi2_rx:
 800 0000 00000000 		.space	96
 800      00000000 
 800      00000000 
 800      00000000 
 800      00000000 
 801              		.section	.bss.hdma_spi2_tx,"aw",%nobits
 802              		.align	2
 803              		.set	.LANCHOR5,. + 0
 806              	hdma_spi2_tx:
 807 0000 00000000 		.space	96
 807      00000000 
 807      00000000 
 807      00000000 
 807      00000000 
 808              		.section	.bss.hspi1,"aw",%nobits
 809              		.align	2
 810              		.set	.LANCHOR0,. + 0
 813              	hspi1:
 814 0000 00000000 		.space	88
 814      00000000 
 814      00000000 
 814      00000000 
 814      00000000 
ARM GAS  /tmp/ccrGqYIC.s 			page 24


 815              		.section	.bss.hspi2,"aw",%nobits
 816              		.align	2
 817              		.set	.LANCHOR1,. + 0
 820              	hspi2:
 821 0000 00000000 		.space	88
 821      00000000 
 821      00000000 
 821      00000000 
 821      00000000 
 822              		.text
 823              	.Letext0:
 824              		.file 2 "/usr/lib/gcc/arm-none-eabi/10.3.1/include/stdint.h"
 825              		.file 3 "Drivers/CMSIS/Device/ST/STM32F4xx/Include/stm32f405xx.h"
 826              		.file 4 "Drivers/STM32F4xx_HAL_Driver/Inc/stm32f4xx_hal_def.h"
 827              		.file 5 "Drivers/STM32F4xx_HAL_Driver/Inc/stm32f4xx_hal_gpio.h"
 828              		.file 6 "Drivers/STM32F4xx_HAL_Driver/Inc/stm32f4xx_hal_dma.h"
 829              		.file 7 "Drivers/STM32F4xx_HAL_Driver/Inc/stm32f4xx_hal_spi.h"
 830              		.file 8 "Core/Inc/spi.h"
 831              		.file 9 "Drivers/STM32F4xx_HAL_Driver/Inc/stm32f4xx_hal_cortex.h"
 832              		.file 10 "Core/Inc/main.h"
ARM GAS  /tmp/ccrGqYIC.s 			page 25


DEFINED SYMBOLS
                            *ABS*:0000000000000000 spi.c
     /tmp/ccrGqYIC.s:18     .text.MX_SPI1_Init:0000000000000000 $t
     /tmp/ccrGqYIC.s:26     .text.MX_SPI1_Init:0000000000000000 MX_SPI1_Init
     /tmp/ccrGqYIC.s:100    .text.MX_SPI1_Init:000000000000003c $d
     /tmp/ccrGqYIC.s:106    .text.MX_SPI2_Init:0000000000000000 $t
     /tmp/ccrGqYIC.s:113    .text.MX_SPI2_Init:0000000000000000 MX_SPI2_Init
     /tmp/ccrGqYIC.s:186    .text.MX_SPI2_Init:000000000000003c $d
     /tmp/ccrGqYIC.s:192    .text.HAL_SPI_MspInit:0000000000000000 $t
     /tmp/ccrGqYIC.s:199    .text.HAL_SPI_MspInit:0000000000000000 HAL_SPI_MspInit
     /tmp/ccrGqYIC.s:650    .text.HAL_SPI_MspInit:00000000000001d8 $d
     /tmp/ccrGqYIC.s:667    .text.HAL_SPI_MspDeInit:0000000000000000 $t
     /tmp/ccrGqYIC.s:674    .text.HAL_SPI_MspDeInit:0000000000000000 HAL_SPI_MspDeInit
     /tmp/ccrGqYIC.s:767    .text.HAL_SPI_MspDeInit:0000000000000070 $d
     /tmp/ccrGqYIC.s:806    .bss.hdma_spi2_tx:0000000000000000 hdma_spi2_tx
     /tmp/ccrGqYIC.s:799    .bss.hdma_spi2_rx:0000000000000000 hdma_spi2_rx
     /tmp/ccrGqYIC.s:792    .bss.hdma_spi1_tx:0000000000000000 hdma_spi1_tx
     /tmp/ccrGqYIC.s:785    .bss.hdma_spi1_rx:0000000000000000 hdma_spi1_rx
     /tmp/ccrGqYIC.s:820    .bss.hspi2:0000000000000000 hspi2
     /tmp/ccrGqYIC.s:813    .bss.hspi1:0000000000000000 hspi1
     /tmp/ccrGqYIC.s:781    .bss.hdma_spi1_rx:0000000000000000 $d
     /tmp/ccrGqYIC.s:788    .bss.hdma_spi1_tx:0000000000000000 $d
     /tmp/ccrGqYIC.s:795    .bss.hdma_spi2_rx:0000000000000000 $d
     /tmp/ccrGqYIC.s:802    .bss.hdma_spi2_tx:0000000000000000 $d
     /tmp/ccrGqYIC.s:809    .bss.hspi1:0000000000000000 $d
     /tmp/ccrGqYIC.s:816    .bss.hspi2:0000000000000000 $d

UNDEFINED SYMBOLS
HAL_SPI_Init
Error_Handler
HAL_GPIO_Init
HAL_DMA_Init
HAL_NVIC_SetPriority
HAL_NVIC_EnableIRQ
HAL_GPIO_DeInit
HAL_DMA_DeInit
HAL_NVIC_DisableIRQ
